[2023-03-20T22:46:15.424+0000][7][gc] Using G1
[2023-03-20T22:46:15.549+0000][7][gc,init] Version: 17+35 (release)
[2023-03-20T22:46:15.549+0000][7][gc,init] CPUs: 4 total, 4 available
[2023-03-20T22:46:15.549+0000][7][gc,init] Memory: 5791M
[2023-03-20T22:46:15.549+0000][7][gc,init] Large Page Support: Disabled
[2023-03-20T22:46:15.549+0000][7][gc,init] NUMA Support: Disabled
[2023-03-20T22:46:15.549+0000][7][gc,init] Compressed Oops: Enabled (32-bit)
[2023-03-20T22:46:15.549+0000][7][gc,init] Heap Region Size: 4M
[2023-03-20T22:46:15.549+0000][7][gc,init] Heap Min Capacity: 512M
[2023-03-20T22:46:15.549+0000][7][gc,init] Heap Initial Capacity: 512M
[2023-03-20T22:46:15.549+0000][7][gc,init] Heap Max Capacity: 512M
[2023-03-20T22:46:15.549+0000][7][gc,init] Pre-touch: Enabled
[2023-03-20T22:46:15.549+0000][7][gc,init] Parallel Workers: 4
[2023-03-20T22:46:15.549+0000][7][gc,init] Concurrent Workers: 1
[2023-03-20T22:46:15.549+0000][7][gc,init] Concurrent Refinement Workers: 4
[2023-03-20T22:46:15.549+0000][7][gc,init] Periodic GC: Disabled
[2023-03-20T22:46:15.550+0000][7][gc,metaspace] CDS archive(s) mapped at: [0x0000000800000000-0x0000000800bcd000-0x0000000800bcd000), size 12374016, SharedBaseAddress: 0x0000000800000000, ArchiveRelocationMode: 0.
[2023-03-20T22:46:15.550+0000][7][gc,metaspace] Compressed class space mapped at: 0x0000000800c00000-0x0000000840c00000, reserved size: 1073741824
[2023-03-20T22:46:15.550+0000][7][gc,metaspace] Narrow klass base: 0x0000000800000000, Narrow klass shift: 0, Narrow klass range: 0x100000000
[2023-03-20T22:46:15.945+0000][7][safepoint   ] Safepoint "ICBufferFull", Time since last: 385744611 ns, Reaching safepoint: 362942 ns, At safepoint: 4095 ns, Total: 367037 ns
[2023-03-20T22:46:16.104+0000][7][gc,start    ] GC(0) Pause Young (Normal) (G1 Evacuation Pause)
[2023-03-20T22:46:16.105+0000][7][gc,task     ] GC(0) Using 4 workers of 4 for evacuation
[2023-03-20T22:46:16.105+0000][7][gc,age      ] GC(0) Desired survivor size 2097152 bytes, new threshold 15 (max threshold 15)
[2023-03-20T22:46:16.110+0000][7][gc,age      ] GC(0) Age table with threshold 15 (max threshold 15)
[2023-03-20T22:46:16.110+0000][7][gc,age      ] GC(0) - age   1:    4185752 bytes,    4185752 total
[2023-03-20T22:46:16.110+0000][7][gc,phases   ] GC(0)   Pre Evacuate Collection Set: 2.5ms
[2023-03-20T22:46:16.110+0000][7][gc,phases   ] GC(0)   Merge Heap Roots: 0.0ms
[2023-03-20T22:46:16.110+0000][7][gc,phases   ] GC(0)   Evacuate Collection Set: 1.9ms
[2023-03-20T22:46:16.110+0000][7][gc,phases   ] GC(0)   Post Evacuate Collection Set: 0.7ms
[2023-03-20T22:46:16.110+0000][7][gc,phases   ] GC(0)   Other: 0.7ms
[2023-03-20T22:46:16.110+0000][7][gc,heap     ] GC(0) Eden regions: 6->0(5)
[2023-03-20T22:46:16.110+0000][7][gc,heap     ] GC(0) Survivor regions: 0->1(1)
[2023-03-20T22:46:16.110+0000][7][gc,heap     ] GC(0) Old regions: 0->1
[2023-03-20T22:46:16.110+0000][7][gc,heap     ] GC(0) Archive regions: 2->2
[2023-03-20T22:46:16.110+0000][7][gc,heap     ] GC(0) Humongous regions: 0->0
[2023-03-20T22:46:16.110+0000][7][gc,metaspace] GC(0) Metaspace: 8054K(8128K)->8054K(8128K) NonClass: 7120K(7168K)->7120K(7168K) Class: 933K(960K)->933K(960K)
[2023-03-20T22:46:16.110+0000][7][gc          ] GC(0) Pause Young (Normal) (G1 Evacuation Pause) 27M->8M(512M) 5.934ms
[2023-03-20T22:46:16.110+0000][7][gc,cpu      ] GC(0) User=0.01s Sys=0.01s Real=0.00s
[2023-03-20T22:46:16.110+0000][7][safepoint   ] Safepoint "G1CollectForAllocation", Time since last: 144018369 ns, Reaching safepoint: 15119935 ns, At safepoint: 6037926 ns, Total: 21157861 ns
[2023-03-20T22:46:16.518+0000][7][gc,start    ] GC(1) Pause Young (Normal) (G1 Evacuation Pause)
[2023-03-20T22:46:16.518+0000][7][gc,task     ] GC(1) Using 4 workers of 4 for evacuation
[2023-03-20T22:46:16.518+0000][7][gc,age      ] GC(1) Desired survivor size 2097152 bytes, new threshold 1 (max threshold 15)
[2023-03-20T22:46:16.524+0000][7][gc,age      ] GC(1) Age table with threshold 1 (max threshold 15)
[2023-03-20T22:46:16.524+0000][7][gc,age      ] GC(1) - age   1:    1791360 bytes,    1791360 total
[2023-03-20T22:46:16.524+0000][7][gc,phases   ] GC(1)   Pre Evacuate Collection Set: 0.0ms
[2023-03-20T22:46:16.524+0000][7][gc,phases   ] GC(1)   Merge Heap Roots: 0.0ms
[2023-03-20T22:46:16.524+0000][7][gc,phases   ] GC(1)   Evacuate Collection Set: 4.8ms
[2023-03-20T22:46:16.524+0000][7][gc,phases   ] GC(1)   Post Evacuate Collection Set: 1.3ms
[2023-03-20T22:46:16.524+0000][7][gc,phases   ] GC(1)   Other: 0.5ms
[2023-03-20T22:46:16.525+0000][7][gc,heap     ] GC(1) Eden regions: 5->0(7)
[2023-03-20T22:46:16.525+0000][7][gc,heap     ] GC(1) Survivor regions: 1->1(1)
[2023-03-20T22:46:16.525+0000][7][gc,heap     ] GC(1) Old regions: 1->2
[2023-03-20T22:46:16.525+0000][7][gc,heap     ] GC(1) Archive regions: 2->2
[2023-03-20T22:46:16.525+0000][7][gc,heap     ] GC(1) Humongous regions: 0->0
[2023-03-20T22:46:16.525+0000][7][gc,metaspace] GC(1) Metaspace: 11396K(11584K)->11396K(11584K) NonClass: 9989K(10112K)->9989K(10112K) Class: 1406K(1472K)->1406K(1472K)
[2023-03-20T22:46:16.525+0000][7][gc          ] GC(1) Pause Young (Normal) (G1 Evacuation Pause) 28M->10M(512M) 7.010ms
[2023-03-20T22:46:16.525+0000][7][gc,cpu      ] GC(1) User=0.01s Sys=0.00s Real=0.01s
[2023-03-20T22:46:16.525+0000][7][safepoint   ] Safepoint "G1CollectForAllocation", Time since last: 407202631 ns, Reaching safepoint: 180210 ns, At safepoint: 7100328 ns, Total: 7280538 ns
[2023-03-20T22:46:16.857+0000][7][gc,start    ] GC(2) Pause Young (Normal) (G1 Evacuation Pause)
[2023-03-20T22:46:16.858+0000][7][gc,task     ] GC(2) Using 4 workers of 4 for evacuation
[2023-03-20T22:46:16.858+0000][7][gc,age      ] GC(2) Desired survivor size 2097152 bytes, new threshold 15 (max threshold 15)
[2023-03-20T22:46:16.860+0000][7][gc,age      ] GC(2) Age table with threshold 15 (max threshold 15)
[2023-03-20T22:46:16.860+0000][7][gc,age      ] GC(2) - age   1:    1008864 bytes,    1008864 total
[2023-03-20T22:46:16.860+0000][7][gc,age      ] GC(2) - age   2:    1714000 bytes,    2722864 total
[2023-03-20T22:46:16.860+0000][7][gc,phases   ] GC(2)   Pre Evacuate Collection Set: 0.1ms
[2023-03-20T22:46:16.860+0000][7][gc,phases   ] GC(2)   Merge Heap Roots: 0.1ms
[2023-03-20T22:46:16.860+0000][7][gc,phases   ] GC(2)   Evacuate Collection Set: 1.1ms
[2023-03-20T22:46:16.860+0000][7][gc,phases   ] GC(2)   Post Evacuate Collection Set: 1.2ms
[2023-03-20T22:46:16.860+0000][7][gc,phases   ] GC(2)   Other: 0.5ms
[2023-03-20T22:46:16.860+0000][7][gc,heap     ] GC(2) Eden regions: 7->0(25)
[2023-03-20T22:46:16.860+0000][7][gc,heap     ] GC(2) Survivor regions: 1->1(1)
[2023-03-20T22:46:16.860+0000][7][gc,heap     ] GC(2) Old regions: 2->2
[2023-03-20T22:46:16.861+0000][7][gc,heap     ] GC(2) Archive regions: 2->2
[2023-03-20T22:46:16.861+0000][7][gc,heap     ] GC(2) Humongous regions: 0->0
[2023-03-20T22:46:16.861+0000][7][gc,metaspace] GC(2) Metaspace: 13810K(14016K)->13810K(14016K) NonClass: 12164K(12288K)->12164K(12288K) Class: 1646K(1728K)->1646K(1728K)
[2023-03-20T22:46:16.861+0000][7][gc          ] GC(2) Pause Young (Normal) (G1 Evacuation Pause) 38M->10M(512M) 3.121ms
[2023-03-20T22:46:16.861+0000][7][gc,cpu      ] GC(2) User=0.01s Sys=0.00s Real=0.00s
[2023-03-20T22:46:16.861+0000][7][safepoint   ] Safepoint "G1CollectForAllocation", Time since last: 332459604 ns, Reaching safepoint: 166304 ns, At safepoint: 3200993 ns, Total: 3367297 ns
[2023-03-20T22:46:17.091+0000][7][safepoint   ] Safepoint "ICBufferFull", Time since last: 229969980 ns, Reaching safepoint: 308434 ns, At safepoint: 3813 ns, Total: 312247 ns
[2023-03-20T22:46:17.096+0000][7][safepoint   ] Safepoint "ICBufferFull", Time since last: 5086508 ns, Reaching safepoint: 104745 ns, At safepoint: 2056 ns, Total: 106801 ns
[2023-03-20T22:46:17.098+0000][7][safepoint   ] Safepoint "ICBufferFull", Time since last: 1731725 ns, Reaching safepoint: 79422 ns, At safepoint: 1541 ns, Total: 80963 ns
[2023-03-20T22:46:17.100+0000][7][safepoint   ] Safepoint "ICBufferFull", Time since last: 1961463 ns, Reaching safepoint: 81012 ns, At safepoint: 1818 ns, Total: 82830 ns
[2023-03-20T22:46:17.102+0000][7][safepoint   ] Safepoint "ICBufferFull", Time since last: 1893981 ns, Reaching safepoint: 69136 ns, At safepoint: 1336 ns, Total: 70472 ns
[2023-03-20T22:46:17.104+0000][7][safepoint   ] Safepoint "ICBufferFull", Time since last: 1530608 ns, Reaching safepoint: 78585 ns, At safepoint: 1835 ns, Total: 80420 ns
[2023-03-20T22:46:17.106+0000][7][safepoint   ] Safepoint "ICBufferFull", Time since last: 2086131 ns, Reaching safepoint: 92354 ns, At safepoint: 1975 ns, Total: 94329 ns
[2023-03-20T22:46:17.107+0000][7][safepoint   ] Safepoint "ICBufferFull", Time since last: 1619155 ns, Reaching safepoint: 83981 ns, At safepoint: 1865 ns, Total: 85846 ns
[2023-03-20T22:46:17.109+0000][7][safepoint   ] Safepoint "ICBufferFull", Time since last: 1635448 ns, Reaching safepoint: 45616 ns, At safepoint: 1599 ns, Total: 47215 ns
[2023-03-20T22:46:17.111+0000][7][safepoint   ] Safepoint "ICBufferFull", Time since last: 2126461 ns, Reaching safepoint: 82618 ns, At safepoint: 2180 ns, Total: 84798 ns
[2023-03-20T22:46:17.113+0000][7][safepoint   ] Safepoint "ICBufferFull", Time since last: 1792407 ns, Reaching safepoint: 75710 ns, At safepoint: 18945 ns, Total: 94655 ns
[2023-03-20T22:46:17.115+0000][7][safepoint   ] Safepoint "ICBufferFull", Time since last: 1755712 ns, Reaching safepoint: 77870 ns, At safepoint: 1827 ns, Total: 79697 ns
[2023-03-20T22:46:17.117+0000][7][safepoint   ] Safepoint "ICBufferFull", Time since last: 1793540 ns, Reaching safepoint: 78797 ns, At safepoint: 1645 ns, Total: 80442 ns
[2023-03-20T22:46:17.121+0000][7][safepoint   ] Safepoint "ICBufferFull", Time since last: 2856242 ns, Reaching safepoint: 994796 ns, At safepoint: 2807 ns, Total: 997603 ns
[2023-03-20T22:46:17.123+0000][7][safepoint   ] Safepoint "ICBufferFull", Time since last: 1801577 ns, Reaching safepoint: 155209 ns, At safepoint: 2179 ns, Total: 157388 ns
[2023-03-20T22:46:17.178+0000][7][gc,start    ] GC(3) Pause Young (Normal) (G1 Evacuation Pause)
[2023-03-20T22:46:17.178+0000][7][gc,task     ] GC(3) Using 4 workers of 4 for evacuation
[2023-03-20T22:46:17.178+0000][7][gc,age      ] GC(3) Desired survivor size 8388608 bytes, new threshold 15 (max threshold 15)
[2023-03-20T22:46:17.181+0000][7][gc,age      ] GC(3) Age table with threshold 15 (max threshold 15)
[2023-03-20T22:46:17.181+0000][7][gc,age      ] GC(3) - age   1:    2192688 bytes,    2192688 total
[2023-03-20T22:46:17.181+0000][7][gc,age      ] GC(3) - age   2:     967752 bytes,    3160440 total
[2023-03-20T22:46:17.181+0000][7][gc,age      ] GC(3) - age   3:    1699776 bytes,    4860216 total
[2023-03-20T22:46:17.181+0000][7][gc,phases   ] GC(3)   Pre Evacuate Collection Set: 0.2ms
[2023-03-20T22:46:17.181+0000][7][gc,phases   ] GC(3)   Merge Heap Roots: 0.1ms
[2023-03-20T22:46:17.181+0000][7][gc,phases   ] GC(3)   Evacuate Collection Set: 2.2ms
[2023-03-20T22:46:17.182+0000][7][gc,phases   ] GC(3)   Post Evacuate Collection Set: 0.4ms
[2023-03-20T22:46:17.182+0000][7][gc,phases   ] GC(3)   Other: 0.8ms
[2023-03-20T22:46:17.182+0000][7][gc,heap     ] GC(3) Eden regions: 25->0(74)
[2023-03-20T22:46:17.182+0000][7][gc,heap     ] GC(3) Survivor regions: 1->2(4)
[2023-03-20T22:46:17.182+0000][7][gc,heap     ] GC(3) Old regions: 2->2
[2023-03-20T22:46:17.182+0000][7][gc,heap     ] GC(3) Archive regions: 2->2
[2023-03-20T22:46:17.182+0000][7][gc,heap     ] GC(3) Humongous regions: 0->0
[2023-03-20T22:46:17.182+0000][7][gc,metaspace] GC(3) Metaspace: 15944K(16192K)->15944K(16192K) NonClass: 14005K(14144K)->14005K(14144K) Class: 1939K(2048K)->1939K(2048K)
[2023-03-20T22:46:17.182+0000][7][gc          ] GC(3) Pause Young (Normal) (G1 Evacuation Pause) 110M->13M(512M) 4.297ms
[2023-03-20T22:46:17.182+0000][7][gc,cpu      ] GC(3) User=0.01s Sys=0.00s Real=0.00s
[2023-03-20T22:46:17.182+0000][7][safepoint   ] Safepoint "G1CollectForAllocation", Time since last: 54799192 ns, Reaching safepoint: 102919 ns, At safepoint: 4466277 ns, Total: 4569196 ns
[2023-03-20T22:46:17.478+0000][7][gc,start    ] GC(4) Pause Young (Normal) (G1 Evacuation Pause)
[2023-03-20T22:46:17.478+0000][7][gc,task     ] GC(4) Using 4 workers of 4 for evacuation
[2023-03-20T22:46:17.478+0000][7][gc,age      ] GC(4) Desired survivor size 20971520 bytes, new threshold 15 (max threshold 15)
[2023-03-20T22:46:17.483+0000][7][gc,age      ] GC(4) Age table with threshold 15 (max threshold 15)
[2023-03-20T22:46:17.483+0000][7][gc,age      ] GC(4) - age   1:    6143968 bytes,    6143968 total
[2023-03-20T22:46:17.483+0000][7][gc,age      ] GC(4) - age   2:    2172432 bytes,    8316400 total
[2023-03-20T22:46:17.483+0000][7][gc,age      ] GC(4) - age   3:     967536 bytes,    9283936 total
[2023-03-20T22:46:17.483+0000][7][gc,age      ] GC(4) - age   4:    1699600 bytes,   10983536 total
[2023-03-20T22:46:17.483+0000][7][gc,phases   ] GC(4)   Pre Evacuate Collection Set: 0.1ms
[2023-03-20T22:46:17.483+0000][7][gc,phases   ] GC(4)   Merge Heap Roots: 0.0ms
[2023-03-20T22:46:17.484+0000][7][gc,phases   ] GC(4)   Evacuate Collection Set: 3.8ms
[2023-03-20T22:46:17.484+0000][7][gc,phases   ] GC(4)   Post Evacuate Collection Set: 0.8ms
[2023-03-20T22:46:17.484+0000][7][gc,phases   ] GC(4)   Other: 1.1ms
[2023-03-20T22:46:17.484+0000][7][gc,heap     ] GC(4) Eden regions: 74->0(73)
[2023-03-20T22:46:17.484+0000][7][gc,heap     ] GC(4) Survivor regions: 2->3(10)
[2023-03-20T22:46:17.484+0000][7][gc,heap     ] GC(4) Old regions: 2->2
[2023-03-20T22:46:17.484+0000][7][gc,heap     ] GC(4) Archive regions: 2->2
[2023-03-20T22:46:17.484+0000][7][gc,heap     ] GC(4) Humongous regions: 0->0
[2023-03-20T22:46:17.484+0000][7][gc,metaspace] GC(4) Metaspace: 18338K(18624K)->18338K(18624K) NonClass: 16030K(16192K)->16030K(16192K) Class: 2308K(2432K)->2308K(2432K)
[2023-03-20T22:46:17.484+0000][7][gc          ] GC(4) Pause Young (Normal) (G1 Evacuation Pause) 309M->18M(512M) 6.450ms
[2023-03-20T22:46:17.484+0000][7][gc,cpu      ] GC(4) User=0.00s Sys=0.01s Real=0.00s
[2023-03-20T22:46:17.484+0000][7][safepoint   ] Safepoint "G1CollectForAllocation", Time since last: 295203169 ns, Reaching safepoint: 259408 ns, At safepoint: 6585744 ns, Total: 6845152 ns
[2023-03-20T22:46:17.699+0000][7][gc,start    ] GC(5) Pause Young (Normal) (G1 Evacuation Pause)
[2023-03-20T22:46:17.719+0000][7][gc,task     ] GC(5) Using 4 workers of 4 for evacuation
[2023-03-20T22:46:17.720+0000][7][gc,age      ] GC(5) Desired survivor size 20971520 bytes, new threshold 15 (max threshold 15)
[2023-03-20T22:46:17.738+0000][7][gc,age      ] GC(5) Age table with threshold 15 (max threshold 15)
[2023-03-20T22:46:17.738+0000][7][gc,age      ] GC(5) - age   1:    3651752 bytes,    3651752 total
[2023-03-20T22:46:17.738+0000][7][gc,age      ] GC(5) - age   2:    4069552 bytes,    7721304 total
[2023-03-20T22:46:17.738+0000][7][gc,age      ] GC(5) - age   3:    2171984 bytes,    9893288 total
[2023-03-20T22:46:17.738+0000][7][gc,age      ] GC(5) - age   4:     960112 bytes,   10853400 total
[2023-03-20T22:46:17.738+0000][7][gc,age      ] GC(5) - age   5:    1699600 bytes,   12553000 total
[2023-03-20T22:46:17.738+0000][7][gc,phases   ] GC(5)   Pre Evacuate Collection Set: 0.5ms
[2023-03-20T22:46:17.738+0000][7][gc,phases   ] GC(5)   Merge Heap Roots: 0.1ms
[2023-03-20T22:46:17.738+0000][7][gc,phases   ] GC(5)   Evacuate Collection Set: 11.4ms
[2023-03-20T22:46:17.738+0000][7][gc,phases   ] GC(5)   Post Evacuate Collection Set: 6.2ms
[2023-03-20T22:46:17.738+0000][7][gc,phases   ] GC(5)   Other: 20.7ms
[2023-03-20T22:46:17.738+0000][7][gc,heap     ] GC(5) Eden regions: 73->0(72)
[2023-03-20T22:46:17.738+0000][7][gc,heap     ] GC(5) Survivor regions: 3->4(10)
[2023-03-20T22:46:17.738+0000][7][gc,heap     ] GC(5) Old regions: 2->2
[2023-03-20T22:46:17.738+0000][7][gc,heap     ] GC(5) Archive regions: 2->2
[2023-03-20T22:46:17.738+0000][7][gc,heap     ] GC(5) Humongous regions: 0->0
[2023-03-20T22:46:17.738+0000][7][gc,metaspace] GC(5) Metaspace: 19104K(19584K)->19104K(19584K) NonClass: 16709K(16960K)->16709K(16960K) Class: 2395K(2624K)->2395K(2624K)
[2023-03-20T22:46:17.738+0000][7][gc          ] GC(5) Pause Young (Normal) (G1 Evacuation Pause) 310M->20M(512M) 39.022ms
[2023-03-20T22:46:17.738+0000][7][gc,cpu      ] GC(5) User=0.01s Sys=0.02s Real=0.13s
[2023-03-20T22:46:17.738+0000][7][safepoint   ] Safepoint "G1CollectForAllocation", Time since last: 214526999 ns, Reaching safepoint: 154310 ns, At safepoint: 39142922 ns, Total: 39297232 ns
[2023-03-20T22:46:17.919+0000][7][gc,start    ] GC(6) Pause Young (Normal) (G1 Evacuation Pause)
[2023-03-20T22:46:17.919+0000][7][gc,task     ] GC(6) Using 4 workers of 4 for evacuation
[2023-03-20T22:46:17.919+0000][7][gc,age      ] GC(6) Desired survivor size 20971520 bytes, new threshold 15 (max threshold 15)
[2023-03-20T22:46:17.936+0000][7][gc,age      ] GC(6) Age table with threshold 15 (max threshold 15)
[2023-03-20T22:46:17.936+0000][7][gc,age      ] GC(6) - age   1:    1009280 bytes,    1009280 total
[2023-03-20T22:46:17.936+0000][7][gc,age      ] GC(6) - age   2:    2671368 bytes,    3680648 total
[2023-03-20T22:46:17.936+0000][7][gc,age      ] GC(6) - age   3:    4068384 bytes,    7749032 total
[2023-03-20T22:46:17.936+0000][7][gc,age      ] GC(6) - age   4:    2171984 bytes,    9921016 total
[2023-03-20T22:46:17.936+0000][7][gc,age      ] GC(6) - age   5:     959968 bytes,   10880984 total
[2023-03-20T22:46:17.936+0000][7][gc,age      ] GC(6) - age   6:    1699600 bytes,   12580584 total
[2023-03-20T22:46:17.936+0000][7][gc,phases   ] GC(6)   Pre Evacuate Collection Set: 3.4ms
[2023-03-20T22:46:17.936+0000][7][gc,phases   ] GC(6)   Merge Heap Roots: 1.4ms
[2023-03-20T22:46:17.936+0000][7][gc,phases   ] GC(6)   Evacuate Collection Set: 9.4ms
[2023-03-20T22:46:17.936+0000][7][gc,phases   ] GC(6)   Post Evacuate Collection Set: 2.5ms
[2023-03-20T22:46:17.936+0000][7][gc,phases   ] GC(6)   Other: 0.4ms
[2023-03-20T22:46:17.936+0000][7][gc,heap     ] GC(6) Eden regions: 72->0(72)
[2023-03-20T22:46:17.936+0000][7][gc,heap     ] GC(6) Survivor regions: 4->4(10)
[2023-03-20T22:46:17.936+0000][7][gc,heap     ] GC(6) Old regions: 2->2
[2023-03-20T22:46:17.936+0000][7][gc,heap     ] GC(6) Archive regions: 2->2
[2023-03-20T22:46:17.936+0000][7][gc,heap     ] GC(6) Humongous regions: 0->0
[2023-03-20T22:46:17.936+0000][7][gc,metaspace] GC(6) Metaspace: 19514K(20032K)->19514K(20032K) NonClass: 17044K(17344K)->17044K(17344K) Class: 2470K(2688K)->2470K(2688K)
[2023-03-20T22:46:17.936+0000][7][gc          ] GC(6) Pause Young (Normal) (G1 Evacuation Pause) 308M->21M(512M) 17.150ms
[2023-03-20T22:46:17.936+0000][7][gc,cpu      ] GC(6) User=0.01s Sys=0.01s Real=0.02s
[2023-03-20T22:46:17.936+0000][7][safepoint   ] Safepoint "G1CollectForAllocation", Time since last: 180777976 ns, Reaching safepoint: 502449 ns, At safepoint: 17197498 ns, Total: 17699947 ns
[2023-03-20T22:46:18.165+0000][7][gc,start    ] GC(7) Pause Young (Normal) (G1 Evacuation Pause)
[2023-03-20T22:46:18.166+0000][7][gc,task     ] GC(7) Using 4 workers of 4 for evacuation
[2023-03-20T22:46:18.167+0000][7][gc,age      ] GC(7) Desired survivor size 20971520 bytes, new threshold 15 (max threshold 15)
[2023-03-20T22:46:18.175+0000][7][gc,age      ] GC(7) Age table with threshold 15 (max threshold 15)
[2023-03-20T22:46:18.175+0000][7][gc,age      ] GC(7) - age   1:    2819408 bytes,    2819408 total
[2023-03-20T22:46:18.175+0000][7][gc,age      ] GC(7) - age   2:     552384 bytes,    3371792 total
[2023-03-20T22:46:18.175+0000][7][gc,age      ] GC(7) - age   3:    2670264 bytes,    6042056 total
[2023-03-20T22:46:18.175+0000][7][gc,age      ] GC(7) - age   4:    4067696 bytes,   10109752 total
[2023-03-20T22:46:18.175+0000][7][gc,age      ] GC(7) - age   5:    2171984 bytes,   12281736 total
[2023-03-20T22:46:18.175+0000][7][gc,age      ] GC(7) - age   6:     959536 bytes,   13241272 total
[2023-03-20T22:46:18.175+0000][7][gc,age      ] GC(7) - age   7:    1699344 bytes,   14940616 total
[2023-03-20T22:46:18.175+0000][7][gc,phases   ] GC(7)   Pre Evacuate Collection Set: 1.6ms
[2023-03-20T22:46:18.175+0000][7][gc,phases   ] GC(7)   Merge Heap Roots: 0.2ms
[2023-03-20T22:46:18.175+0000][7][gc,phases   ] GC(7)   Evacuate Collection Set: 5.1ms
[2023-03-20T22:46:18.175+0000][7][gc,phases   ] GC(7)   Post Evacuate Collection Set: 1.4ms
[2023-03-20T22:46:18.175+0000][7][gc,phases   ] GC(7)   Other: 1.6ms
[2023-03-20T22:46:18.175+0000][7][gc,heap     ] GC(7) Eden regions: 72->0(72)
[2023-03-20T22:46:18.175+0000][7][gc,heap     ] GC(7) Survivor regions: 4->4(10)
[2023-03-20T22:46:18.175+0000][7][gc,heap     ] GC(7) Old regions: 2->2
[2023-03-20T22:46:18.175+0000][7][gc,heap     ] GC(7) Archive regions: 2->2
[2023-03-20T22:46:18.175+0000][7][gc,heap     ] GC(7) Humongous regions: 0->0
[2023-03-20T22:46:18.175+0000][7][gc,metaspace] GC(7) Metaspace: 20664K(21120K)->20664K(21120K) NonClass: 18040K(18304K)->18040K(18304K) Class: 2623K(2816K)->2623K(2816K)
[2023-03-20T22:46:18.175+0000][7][gc          ] GC(7) Pause Young (Normal) (G1 Evacuation Pause) 309M->23M(512M) 9.813ms
[2023-03-20T22:46:18.175+0000][7][gc,cpu      ] GC(7) User=0.01s Sys=0.01s Real=0.00s
[2023-03-20T22:46:18.175+0000][7][safepoint   ] Safepoint "G1CollectForAllocation", Time since last: 220977281 ns, Reaching safepoint: 7722097 ns, At safepoint: 9896773 ns, Total: 17618870 ns
[2023-03-20T22:46:18.388+0000][7][gc,start    ] GC(8) Pause Young (Normal) (G1 Evacuation Pause)
[2023-03-20T22:46:18.388+0000][7][gc,task     ] GC(8) Using 4 workers of 4 for evacuation
[2023-03-20T22:46:18.388+0000][7][gc,age      ] GC(8) Desired survivor size 20971520 bytes, new threshold 15 (max threshold 15)
[2023-03-20T22:46:18.395+0000][7][gc,age      ] GC(8) Age table with threshold 15 (max threshold 15)
[2023-03-20T22:46:18.395+0000][7][gc,age      ] GC(8) - age   1:    1782408 bytes,    1782408 total
[2023-03-20T22:46:18.395+0000][7][gc,age      ] GC(8) - age   2:    2365304 bytes,    4147712 total
[2023-03-20T22:46:18.395+0000][7][gc,age      ] GC(8) - age   3:     551624 bytes,    4699336 total
[2023-03-20T22:46:18.395+0000][7][gc,age      ] GC(8) - age   4:    2670264 bytes,    7369600 total
[2023-03-20T22:46:18.395+0000][7][gc,age      ] GC(8) - age   5:    4067696 bytes,   11437296 total
[2023-03-20T22:46:18.395+0000][7][gc,age      ] GC(8) - age   6:    2171984 bytes,   13609280 total
[2023-03-20T22:46:18.395+0000][7][gc,age      ] GC(8) - age   7:     959536 bytes,   14568816 total
[2023-03-20T22:46:18.395+0000][7][gc,age      ] GC(8) - age   8:    1699344 bytes,   16268160 total
[2023-03-20T22:46:18.395+0000][7][gc,phases   ] GC(8)   Pre Evacuate Collection Set: 0.2ms
[2023-03-20T22:46:18.395+0000][7][gc,phases   ] GC(8)   Merge Heap Roots: 0.3ms
[2023-03-20T22:46:18.395+0000][7][gc,phases   ] GC(8)   Evacuate Collection Set: 5.1ms
[2023-03-20T22:46:18.395+0000][7][gc,phases   ] GC(8)   Post Evacuate Collection Set: 0.9ms
[2023-03-20T22:46:18.395+0000][7][gc,phases   ] GC(8)   Other: 0.8ms
[2023-03-20T22:46:18.395+0000][7][gc,heap     ] GC(8) Eden regions: 72->0(71)
[2023-03-20T22:46:18.395+0000][7][gc,heap     ] GC(8) Survivor regions: 4->5(10)
[2023-03-20T22:46:18.395+0000][7][gc,heap     ] GC(8) Old regions: 2->2
[2023-03-20T22:46:18.395+0000][7][gc,heap     ] GC(8) Archive regions: 2->2
[2023-03-20T22:46:18.395+0000][7][gc,heap     ] GC(8) Humongous regions: 0->0
[2023-03-20T22:46:18.395+0000][7][gc,metaspace] GC(8) Metaspace: 20788K(21312K)->20788K(21312K) NonClass: 18144K(18432K)->18144K(18432K) Class: 2644K(2880K)->2644K(2880K)
[2023-03-20T22:46:18.396+0000][7][gc          ] GC(8) Pause Young (Normal) (G1 Evacuation Pause) 311M->24M(512M) 8.534ms
[2023-03-20T22:46:18.396+0000][7][gc,cpu      ] GC(8) User=0.01s Sys=0.00s Real=0.01s
[2023-03-20T22:46:18.397+0000][7][safepoint   ] Safepoint "G1CollectForAllocation", Time since last: 212265132 ns, Reaching safepoint: 319952 ns, At safepoint: 8962544 ns, Total: 9282496 ns
[2023-03-20T22:46:18.465+0000][7][gc,start    ] GC(9) Pause Young (Concurrent Start) (Metadata GC Threshold)
[2023-03-20T22:46:18.466+0000][7][gc,task     ] GC(9) Using 4 workers of 4 for evacuation
[2023-03-20T22:46:18.466+0000][7][gc,age      ] GC(9) Desired survivor size 20971520 bytes, new threshold 15 (max threshold 15)
[2023-03-20T22:46:18.471+0000][7][gc,age      ] GC(9) Age table with threshold 15 (max threshold 15)
[2023-03-20T22:46:18.471+0000][7][gc,age      ] GC(9) - age   1:     553536 bytes,     553536 total
[2023-03-20T22:46:18.471+0000][7][gc,age      ] GC(9) - age   2:     745288 bytes,    1298824 total
[2023-03-20T22:46:18.471+0000][7][gc,age      ] GC(9) - age   3:    2363360 bytes,    3662184 total
[2023-03-20T22:46:18.471+0000][7][gc,age      ] GC(9) - age   4:     551424 bytes,    4213608 total
[2023-03-20T22:46:18.471+0000][7][gc,age      ] GC(9) - age   5:    2670048 bytes,    6883656 total
[2023-03-20T22:46:18.471+0000][7][gc,age      ] GC(9) - age   6:    4067216 bytes,   10950872 total
[2023-03-20T22:46:18.472+0000][7][gc,age      ] GC(9) - age   7:    2171984 bytes,   13122856 total
[2023-03-20T22:46:18.472+0000][7][gc,age      ] GC(9) - age   8:     959536 bytes,   14082392 total
[2023-03-20T22:46:18.472+0000][7][gc,age      ] GC(9) - age   9:    1699184 bytes,   15781576 total
[2023-03-20T22:46:18.472+0000][7][gc,phases   ] GC(9)   Pre Evacuate Collection Set: 0.3ms
[2023-03-20T22:46:18.472+0000][7][gc,phases   ] GC(9)   Merge Heap Roots: 0.2ms
[2023-03-20T22:46:18.472+0000][7][gc,phases   ] GC(9)   Evacuate Collection Set: 4.2ms
[2023-03-20T22:46:18.472+0000][7][gc,phases   ] GC(9)   Post Evacuate Collection Set: 0.7ms
[2023-03-20T22:46:18.472+0000][7][gc,phases   ] GC(9)   Other: 1.4ms
[2023-03-20T22:46:18.472+0000][7][gc,heap     ] GC(9) Eden regions: 20->0(71)
[2023-03-20T22:46:18.472+0000][7][gc,heap     ] GC(9) Survivor regions: 5->5(10)
[2023-03-20T22:46:18.472+0000][7][gc,heap     ] GC(9) Old regions: 2->2
[2023-03-20T22:46:18.473+0000][7][gc,heap     ] GC(9) Archive regions: 2->2
[2023-03-20T22:46:18.473+0000][7][gc,heap     ] GC(9) Humongous regions: 0->0
[2023-03-20T22:46:18.473+0000][7][gc,metaspace] GC(9) Metaspace: 20951K(21504K)->20951K(21504K) NonClass: 18271K(18624K)->18271K(18624K) Class: 2679K(2880K)->2679K(2880K)
[2023-03-20T22:46:18.473+0000][7][gc          ] GC(9) Pause Young (Concurrent Start) (Metadata GC Threshold) 102M->24M(512M) 7.535ms
[2023-03-20T22:46:18.473+0000][7][gc,cpu      ] GC(9) User=0.01s Sys=0.01s Real=0.01s
[2023-03-20T22:46:18.473+0000][7][safepoint   ] Safepoint "CollectForMetadataAllocation", Time since last: 68459021 ns, Reaching safepoint: 123952 ns, At safepoint: 7742250 ns, Total: 7866202 ns
[2023-03-20T22:46:18.473+0000][7][gc          ] GC(10) Concurrent Mark Cycle
[2023-03-20T22:46:18.473+0000][7][gc,marking  ] GC(10) Concurrent Clear Claimed Marks
[2023-03-20T22:46:18.473+0000][7][gc,marking  ] GC(10) Concurrent Clear Claimed Marks 0.100ms
[2023-03-20T22:46:18.473+0000][7][gc,marking  ] GC(10) Concurrent Scan Root Regions
[2023-03-20T22:46:18.477+0000][7][gc,marking  ] GC(10) Concurrent Scan Root Regions 3.460ms
[2023-03-20T22:46:18.477+0000][7][gc,marking  ] GC(10) Concurrent Mark
[2023-03-20T22:46:18.477+0000][7][gc,marking  ] GC(10) Concurrent Mark From Roots
[2023-03-20T22:46:18.477+0000][7][gc,task     ] GC(10) Using 1 workers of 1 for marking
[2023-03-20T22:46:18.481+0000][7][gc,marking  ] GC(10) Concurrent Mark From Roots 3.479ms
[2023-03-20T22:46:18.481+0000][7][gc,marking  ] GC(10) Concurrent Preclean
[2023-03-20T22:46:18.481+0000][7][gc,marking  ] GC(10) Concurrent Preclean 0.102ms
[2023-03-20T22:46:18.481+0000][7][gc,start    ] GC(10) Pause Remark
[2023-03-20T22:46:18.484+0000][7][gc          ] GC(10) Pause Remark 26M->26M(512M) 2.397ms
[2023-03-20T22:46:18.484+0000][7][gc,cpu      ] GC(10) User=0.01s Sys=0.00s Real=0.00s
[2023-03-20T22:46:18.484+0000][7][safepoint   ] Safepoint "G1Concurrent", Time since last: 8047783 ns, Reaching safepoint: 452978 ns, At safepoint: 2614464 ns, Total: 3067442 ns
[2023-03-20T22:46:18.484+0000][7][gc,marking  ] GC(10) Concurrent Mark 7.202ms
[2023-03-20T22:46:18.484+0000][7][gc,marking  ] GC(10) Concurrent Rebuild Remembered Sets
[2023-03-20T22:46:18.486+0000][7][gc,marking  ] GC(10) Concurrent Rebuild Remembered Sets 1.746ms
[2023-03-20T22:46:18.486+0000][7][gc,start    ] GC(10) Pause Cleanup
[2023-03-20T22:46:18.487+0000][7][gc          ] GC(10) Pause Cleanup 26M->26M(512M) 0.134ms
[2023-03-20T22:46:18.487+0000][7][gc,cpu      ] GC(10) User=0.00s Sys=0.00s Real=0.00s
[2023-03-20T22:46:18.487+0000][7][safepoint   ] Safepoint "G1Concurrent", Time since last: 2142484 ns, Reaching safepoint: 352166 ns, At safepoint: 418241 ns, Total: 770407 ns
[2023-03-20T22:46:18.487+0000][7][gc,marking  ] GC(10) Concurrent Cleanup for Next Mark
[2023-03-20T22:46:18.496+0000][7][gc,marking  ] GC(10) Concurrent Cleanup for Next Mark 8.576ms
[2023-03-20T22:46:18.496+0000][7][gc          ] GC(10) Concurrent Mark Cycle 22.793ms
[2023-03-20T22:46:18.624+0000][7][gc,heap,exit] Heap
[2023-03-20T22:46:18.624+0000][7][gc,heap,exit]  garbage-first heap   total 524288K, used 37668K [0x00000000e0000000, 0x0000000100000000)
[2023-03-20T22:46:18.624+0000][7][gc,heap,exit]   region size 4096K, 9 young (36864K), 5 survivors (20480K)
[2023-03-20T22:46:18.624+0000][7][gc,heap,exit]  Metaspace       used 22709K, committed 23232K, reserved 1073152K
[2023-03-20T22:46:18.624+0000][7][gc,heap,exit]   class space    used 2888K, committed 3072K, reserved 1048576K
