[2023-03-20T22:53:08.393+0000][8][gc,init] CardTable entry size: 512
[2023-03-20T22:53:08.394+0000][8][gc     ] Using G1
[2023-03-20T22:53:08.524+0000][8][gc,init] Version: 19.0.2+7-44 (release)
[2023-03-20T22:53:08.524+0000][8][gc,init] CPUs: 4 total, 4 available
[2023-03-20T22:53:08.524+0000][8][gc,init] Memory: 5791M
[2023-03-20T22:53:08.524+0000][8][gc,init] Large Page Support: Disabled
[2023-03-20T22:53:08.525+0000][8][gc,init] NUMA Support: Disabled
[2023-03-20T22:53:08.525+0000][8][gc,init] Compressed Oops: Enabled (32-bit)
[2023-03-20T22:53:08.525+0000][8][gc,init] Heap Region Size: 4M
[2023-03-20T22:53:08.525+0000][8][gc,init] Heap Min Capacity: 512M
[2023-03-20T22:53:08.525+0000][8][gc,init] Heap Initial Capacity: 512M
[2023-03-20T22:53:08.525+0000][8][gc,init] Heap Max Capacity: 512M
[2023-03-20T22:53:08.525+0000][8][gc,init] Pre-touch: Enabled
[2023-03-20T22:53:08.525+0000][8][gc,init] Parallel Workers: 4
[2023-03-20T22:53:08.525+0000][8][gc,init] Concurrent Workers: 1
[2023-03-20T22:53:08.525+0000][8][gc,init] Concurrent Refinement Workers: 4
[2023-03-20T22:53:08.525+0000][8][gc,init] Periodic GC: Disabled
[2023-03-20T22:53:08.525+0000][8][gc,metaspace] CDS archive(s) mapped at: [0x0000000800000000-0x0000000800c4f000-0x0000000800c4f000), size 12906496, SharedBaseAddress: 0x0000000800000000, ArchiveRelocationMode: 0.
[2023-03-20T22:53:08.525+0000][8][gc,metaspace] Compressed class space mapped at: 0x0000000801000000-0x0000000841000000, reserved size: 1073741824
[2023-03-20T22:53:08.526+0000][8][gc,metaspace] Narrow klass base: 0x0000000800000000, Narrow klass shift: 0, Narrow klass range: 0x100000000
[2023-03-20T22:53:08.921+0000][8][safepoint   ] Safepoint "ICBufferFull", Time since last: 390342993 ns, Reaching safepoint: 329790 ns, At safepoint: 5709 ns, Total: 335499 ns
[2023-03-20T22:53:08.996+0000][8][gc,start    ] GC(0) Pause Young (Normal) (G1 Evacuation Pause)
[2023-03-20T22:53:08.997+0000][8][gc,task     ] GC(0) Using 4 workers of 4 for evacuation
[2023-03-20T22:53:08.997+0000][8][gc,age      ] GC(0) Desired survivor size 2097152 bytes, new threshold 15 (max threshold 15)
[2023-03-20T22:53:09.000+0000][8][gc,phases   ] GC(0)   Pre Evacuate Collection Set: 0.3ms
[2023-03-20T22:53:09.000+0000][8][gc,phases   ] GC(0)   Merge Heap Roots: 0.1ms
[2023-03-20T22:53:09.000+0000][8][gc,phases   ] GC(0)   Evacuate Collection Set: 1.6ms
[2023-03-20T22:53:09.000+0000][8][gc,phases   ] GC(0)   Post Evacuate Collection Set: 0.9ms
[2023-03-20T22:53:09.000+0000][8][gc,phases   ] GC(0)   Other: 0.1ms
[2023-03-20T22:53:09.000+0000][8][gc,age      ] GC(0) Age table with threshold 15 (max threshold 15)
[2023-03-20T22:53:09.000+0000][8][gc,age      ] GC(0) - age   1:    4184600 bytes,    4184600 total
[2023-03-20T22:53:09.000+0000][8][gc,heap     ] GC(0) Eden regions: 6->0(5)
[2023-03-20T22:53:09.000+0000][8][gc,heap     ] GC(0) Survivor regions: 0->1(1)
[2023-03-20T22:53:09.000+0000][8][gc,heap     ] GC(0) Old regions: 0->1
[2023-03-20T22:53:09.000+0000][8][gc,heap     ] GC(0) Archive regions: 2->2
[2023-03-20T22:53:09.000+0000][8][gc,heap     ] GC(0) Humongous regions: 0->0
[2023-03-20T22:53:09.000+0000][8][gc,metaspace] GC(0) Metaspace: 8905K(9088K)->8905K(9088K) NonClass: 7914K(8000K)->7914K(8000K) Class: 991K(1088K)->991K(1088K)
[2023-03-20T22:53:09.000+0000][8][gc          ] GC(0) Pause Young (Normal) (G1 Evacuation Pause) 27M->8M(512M) 3.493ms
[2023-03-20T22:53:09.000+0000][8][gc,cpu      ] GC(0) User=0.01s Sys=0.00s Real=0.00s
[2023-03-20T22:53:09.000+0000][8][safepoint   ] Safepoint "G1CollectForAllocation", Time since last: 75151010 ns, Reaching safepoint: 39746 ns, At safepoint: 3800847 ns, Total: 3840593 ns
[2023-03-20T22:53:09.183+0000][8][gc,start    ] GC(1) Pause Young (Normal) (G1 Evacuation Pause)
[2023-03-20T22:53:09.184+0000][8][gc,task     ] GC(1) Using 4 workers of 4 for evacuation
[2023-03-20T22:53:09.184+0000][8][gc,age      ] GC(1) Desired survivor size 2097152 bytes, new threshold 1 (max threshold 15)
[2023-03-20T22:53:09.186+0000][8][gc,phases   ] GC(1)   Pre Evacuate Collection Set: 0.1ms
[2023-03-20T22:53:09.186+0000][8][gc,phases   ] GC(1)   Merge Heap Roots: 0.0ms
[2023-03-20T22:53:09.186+0000][8][gc,phases   ] GC(1)   Evacuate Collection Set: 2.0ms
[2023-03-20T22:53:09.186+0000][8][gc,phases   ] GC(1)   Post Evacuate Collection Set: 0.4ms
[2023-03-20T22:53:09.187+0000][8][gc,phases   ] GC(1)   Other: 0.1ms
[2023-03-20T22:53:09.187+0000][8][gc,age      ] GC(1) Age table with threshold 1 (max threshold 15)
[2023-03-20T22:53:09.187+0000][8][gc,age      ] GC(1) - age   1:    1888392 bytes,    1888392 total
[2023-03-20T22:53:09.187+0000][8][gc,heap     ] GC(1) Eden regions: 5->0(8)
[2023-03-20T22:53:09.187+0000][8][gc,heap     ] GC(1) Survivor regions: 1->1(1)
[2023-03-20T22:53:09.187+0000][8][gc,heap     ] GC(1) Old regions: 1->2
[2023-03-20T22:53:09.187+0000][8][gc,heap     ] GC(1) Archive regions: 2->2
[2023-03-20T22:53:09.187+0000][8][gc,heap     ] GC(1) Humongous regions: 0->0
[2023-03-20T22:53:09.187+0000][8][gc,metaspace] GC(1) Metaspace: 11758K(12032K)->11758K(12032K) NonClass: 10365K(10496K)->10365K(10496K) Class: 1393K(1536K)->1393K(1536K)
[2023-03-20T22:53:09.187+0000][8][gc          ] GC(1) Pause Young (Normal) (G1 Evacuation Pause) 28M->10M(512M) 3.754ms
[2023-03-20T22:53:09.187+0000][8][gc,cpu      ] GC(1) User=0.01s Sys=0.00s Real=0.01s
[2023-03-20T22:53:09.187+0000][8][safepoint   ] Safepoint "G1CollectForAllocation", Time since last: 182960369 ns, Reaching safepoint: 249346 ns, At safepoint: 3952742 ns, Total: 4202088 ns
[2023-03-20T22:53:09.552+0000][8][gc,start    ] GC(2) Pause Young (Normal) (G1 Evacuation Pause)
[2023-03-20T22:53:09.552+0000][8][gc,task     ] GC(2) Using 4 workers of 4 for evacuation
[2023-03-20T22:53:09.552+0000][8][gc,age      ] GC(2) Desired survivor size 4194304 bytes, new threshold 15 (max threshold 15)
[2023-03-20T22:53:09.556+0000][8][gc,phases   ] GC(2)   Pre Evacuate Collection Set: 0.1ms
[2023-03-20T22:53:09.556+0000][8][gc,phases   ] GC(2)   Merge Heap Roots: 0.0ms
[2023-03-20T22:53:09.556+0000][8][gc,phases   ] GC(2)   Evacuate Collection Set: 1.5ms
[2023-03-20T22:53:09.557+0000][8][gc,phases   ] GC(2)   Post Evacuate Collection Set: 2.3ms
[2023-03-20T22:53:09.557+0000][8][gc,phases   ] GC(2)   Other: 0.1ms
[2023-03-20T22:53:09.557+0000][8][gc,age      ] GC(2) Age table with threshold 15 (max threshold 15)
[2023-03-20T22:53:09.557+0000][8][gc,age      ] GC(2) - age   1:    1145736 bytes,    1145736 total
[2023-03-20T22:53:09.557+0000][8][gc,age      ] GC(2) - age   2:    1860048 bytes,    3005784 total
[2023-03-20T22:53:09.557+0000][8][gc,heap     ] GC(2) Eden regions: 8->0(37)
[2023-03-20T22:53:09.557+0000][8][gc,heap     ] GC(2) Survivor regions: 1->1(2)
[2023-03-20T22:53:09.557+0000][8][gc,heap     ] GC(2) Old regions: 2->2
[2023-03-20T22:53:09.557+0000][8][gc,heap     ] GC(2) Archive regions: 2->2
[2023-03-20T22:53:09.557+0000][8][gc,heap     ] GC(2) Humongous regions: 0->0
[2023-03-20T22:53:09.557+0000][8][gc,metaspace] GC(2) Metaspace: 15302K(15680K)->15302K(15680K) NonClass: 13568K(13760K)->13568K(13760K) Class: 1734K(1920K)->1734K(1920K)
[2023-03-20T22:53:09.557+0000][8][gc          ] GC(2) Pause Young (Normal) (G1 Evacuation Pause) 42M->11M(512M) 5.269ms
[2023-03-20T22:53:09.557+0000][8][gc,cpu      ] GC(2) User=0.01s Sys=0.01s Real=0.01s
[2023-03-20T22:53:09.557+0000][8][safepoint   ] Safepoint "G1CollectForAllocation", Time since last: 363882816 ns, Reaching safepoint: 717393 ns, At safepoint: 5507582 ns, Total: 6224975 ns
[2023-03-20T22:53:09.851+0000][8][safepoint   ] Safepoint "ICBufferFull", Time since last: 293109574 ns, Reaching safepoint: 185489 ns, At safepoint: 26954 ns, Total: 212443 ns
[2023-03-20T22:53:09.879+0000][8][gc,start    ] GC(3) Pause Young (Normal) (G1 Evacuation Pause)
[2023-03-20T22:53:09.879+0000][8][gc,task     ] GC(3) Using 4 workers of 4 for evacuation
[2023-03-20T22:53:09.879+0000][8][gc,age      ] GC(3) Desired survivor size 10485760 bytes, new threshold 15 (max threshold 15)
[2023-03-20T22:53:09.884+0000][8][gc,phases   ] GC(3)   Pre Evacuate Collection Set: 0.1ms
[2023-03-20T22:53:09.884+0000][8][gc,phases   ] GC(3)   Merge Heap Roots: 0.0ms
[2023-03-20T22:53:09.884+0000][8][gc,phases   ] GC(3)   Evacuate Collection Set: 2.7ms
[2023-03-20T22:53:09.884+0000][8][gc,phases   ] GC(3)   Post Evacuate Collection Set: 1.8ms
[2023-03-20T22:53:09.884+0000][8][gc,phases   ] GC(3)   Other: 0.1ms
[2023-03-20T22:53:09.884+0000][8][gc,age      ] GC(3) Age table with threshold 15 (max threshold 15)
[2023-03-20T22:53:09.885+0000][8][gc,age      ] GC(3) - age   1:    3671376 bytes,    3671376 total
[2023-03-20T22:53:09.885+0000][8][gc,age      ] GC(3) - age   2:    1069032 bytes,    4740408 total
[2023-03-20T22:53:09.885+0000][8][gc,age      ] GC(3) - age   3:    1858488 bytes,    6598896 total
[2023-03-20T22:53:09.885+0000][8][gc,heap     ] GC(3) Eden regions: 37->0(74)
[2023-03-20T22:53:09.885+0000][8][gc,heap     ] GC(3) Survivor regions: 1->2(5)
[2023-03-20T22:53:09.885+0000][8][gc,heap     ] GC(3) Old regions: 2->2
[2023-03-20T22:53:09.885+0000][8][gc,heap     ] GC(3) Archive regions: 2->2
[2023-03-20T22:53:09.885+0000][8][gc,heap     ] GC(3) Humongous regions: 0->0
[2023-03-20T22:53:09.885+0000][8][gc,metaspace] GC(3) Metaspace: 18050K(18368K)->18050K(18368K) NonClass: 16010K(16192K)->16010K(16192K) Class: 2040K(2176K)->2040K(2176K)
[2023-03-20T22:53:09.885+0000][8][gc          ] GC(3) Pause Young (Normal) (G1 Evacuation Pause) 159M->14M(512M) 6.092ms
[2023-03-20T22:53:09.885+0000][8][gc,cpu      ] GC(3) User=0.01s Sys=0.00s Real=0.01s
[2023-03-20T22:53:09.885+0000][8][safepoint   ] Safepoint "G1CollectForAllocation", Time since last: 27900642 ns, Reaching safepoint: 126143 ns, At safepoint: 6184098 ns, Total: 6310241 ns
[2023-03-20T22:53:10.401+0000][8][gc,start    ] GC(4) Pause Young (Normal) (G1 Evacuation Pause)
[2023-03-20T22:53:10.402+0000][8][gc,task     ] GC(4) Using 4 workers of 4 for evacuation
[2023-03-20T22:53:10.402+0000][8][gc,age      ] GC(4) Desired survivor size 20971520 bytes, new threshold 15 (max threshold 15)
[2023-03-20T22:53:10.406+0000][8][gc,phases   ] GC(4)   Pre Evacuate Collection Set: 0.2ms
[2023-03-20T22:53:10.406+0000][8][gc,phases   ] GC(4)   Merge Heap Roots: 0.1ms
[2023-03-20T22:53:10.406+0000][8][gc,phases   ] GC(4)   Evacuate Collection Set: 2.7ms
[2023-03-20T22:53:10.406+0000][8][gc,phases   ] GC(4)   Post Evacuate Collection Set: 1.4ms
[2023-03-20T22:53:10.406+0000][8][gc,phases   ] GC(4)   Other: 0.1ms
[2023-03-20T22:53:10.406+0000][8][gc,age      ] GC(4) Age table with threshold 15 (max threshold 15)
[2023-03-20T22:53:10.406+0000][8][gc,age      ] GC(4) - age   1:    4280328 bytes,    4280328 total
[2023-03-20T22:53:10.406+0000][8][gc,age      ] GC(4) - age   2:    3614152 bytes,    7894480 total
[2023-03-20T22:53:10.406+0000][8][gc,age      ] GC(4) - age   3:    1068688 bytes,    8963168 total
[2023-03-20T22:53:10.406+0000][8][gc,age      ] GC(4) - age   4:    1858392 bytes,   10821560 total
[2023-03-20T22:53:10.406+0000][8][gc,heap     ] GC(4) Eden regions: 74->0(73)
[2023-03-20T22:53:10.406+0000][8][gc,heap     ] GC(4) Survivor regions: 2->3(10)
[2023-03-20T22:53:10.406+0000][8][gc,heap     ] GC(4) Old regions: 2->2
[2023-03-20T22:53:10.406+0000][8][gc,heap     ] GC(4) Archive regions: 2->2
[2023-03-20T22:53:10.407+0000][8][gc,heap     ] GC(4) Humongous regions: 0->0
[2023-03-20T22:53:10.407+0000][8][gc,metaspace] GC(4) Metaspace: 19368K(19840K)->19368K(19840K) NonClass: 17123K(17408K)->17123K(17408K) Class: 2244K(2432K)->2244K(2432K)
[2023-03-20T22:53:10.407+0000][8][gc          ] GC(4) Pause Young (Normal) (G1 Evacuation Pause) 310M->18M(512M) 5.141ms
[2023-03-20T22:53:10.407+0000][8][gc,cpu      ] GC(4) User=0.01s Sys=0.01s Real=0.01s
[2023-03-20T22:53:10.407+0000][8][safepoint   ] Safepoint "G1CollectForAllocation", Time since last: 516011894 ns, Reaching safepoint: 385585 ns, At safepoint: 5187585 ns, Total: 5573170 ns
[2023-03-20T22:53:10.683+0000][8][gc,start    ] GC(5) Pause Young (Normal) (G1 Evacuation Pause)
[2023-03-20T22:53:10.684+0000][8][gc,task     ] GC(5) Using 4 workers of 4 for evacuation
[2023-03-20T22:53:10.684+0000][8][gc,age      ] GC(5) Desired survivor size 20971520 bytes, new threshold 15 (max threshold 15)
[2023-03-20T22:53:10.688+0000][8][gc,phases   ] GC(5)   Pre Evacuate Collection Set: 0.2ms
[2023-03-20T22:53:10.688+0000][8][gc,phases   ] GC(5)   Merge Heap Roots: 0.1ms
[2023-03-20T22:53:10.688+0000][8][gc,phases   ] GC(5)   Evacuate Collection Set: 2.6ms
[2023-03-20T22:53:10.688+0000][8][gc,phases   ] GC(5)   Post Evacuate Collection Set: 1.4ms
[2023-03-20T22:53:10.688+0000][8][gc,phases   ] GC(5)   Other: 0.1ms
[2023-03-20T22:53:10.688+0000][8][gc,age      ] GC(5) Age table with threshold 15 (max threshold 15)
[2023-03-20T22:53:10.688+0000][8][gc,age      ] GC(5) - age   1:    1267808 bytes,    1267808 total
[2023-03-20T22:53:10.688+0000][8][gc,age      ] GC(5) - age   2:    4263952 bytes,    5531760 total
[2023-03-20T22:53:10.688+0000][8][gc,age      ] GC(5) - age   3:    3613656 bytes,    9145416 total
[2023-03-20T22:53:10.688+0000][8][gc,age      ] GC(5) - age   4:    1068416 bytes,   10213832 total
[2023-03-20T22:53:10.688+0000][8][gc,age      ] GC(5) - age   5:    1858328 bytes,   12072160 total
[2023-03-20T22:53:10.688+0000][8][gc,heap     ] GC(5) Eden regions: 73->0(72)
[2023-03-20T22:53:10.688+0000][8][gc,heap     ] GC(5) Survivor regions: 3->4(10)
[2023-03-20T22:53:10.688+0000][8][gc,heap     ] GC(5) Old regions: 2->2
[2023-03-20T22:53:10.688+0000][8][gc,heap     ] GC(5) Archive regions: 2->2
[2023-03-20T22:53:10.688+0000][8][gc,heap     ] GC(5) Humongous regions: 0->0
[2023-03-20T22:53:10.688+0000][8][gc,metaspace] GC(5) Metaspace: 20354K(20864K)->20354K(20864K) NonClass: 17971K(18304K)->17971K(18304K) Class: 2383K(2560K)->2383K(2560K)
[2023-03-20T22:53:10.689+0000][8][gc          ] GC(5) Pause Young (Normal) (G1 Evacuation Pause) 310M->20M(512M) 5.157ms
[2023-03-20T22:53:10.689+0000][8][gc,cpu      ] GC(5) User=0.00s Sys=0.02s Real=0.01s
[2023-03-20T22:53:10.689+0000][8][safepoint   ] Safepoint "G1CollectForAllocation", Time since last: 275903018 ns, Reaching safepoint: 151155 ns, At safepoint: 5932041 ns, Total: 6083196 ns
[2023-03-20T22:53:10.791+0000][8][gc,start    ] GC(6) Pause Young (Concurrent Start) (Metadata GC Threshold)
[2023-03-20T22:53:10.792+0000][8][gc,task     ] GC(6) Using 4 workers of 4 for evacuation
[2023-03-20T22:53:10.792+0000][8][gc,age      ] GC(6) Desired survivor size 20971520 bytes, new threshold 15 (max threshold 15)
[2023-03-20T22:53:10.796+0000][8][gc,phases   ] GC(6)   Pre Evacuate Collection Set: 0.3ms
[2023-03-20T22:53:10.796+0000][8][gc,phases   ] GC(6)   Merge Heap Roots: 0.1ms
[2023-03-20T22:53:10.796+0000][8][gc,phases   ] GC(6)   Evacuate Collection Set: 2.6ms
[2023-03-20T22:53:10.796+0000][8][gc,phases   ] GC(6)   Post Evacuate Collection Set: 1.3ms
[2023-03-20T22:53:10.796+0000][8][gc,phases   ] GC(6)   Other: 0.2ms
[2023-03-20T22:53:10.796+0000][8][gc,age      ] GC(6) Age table with threshold 15 (max threshold 15)
[2023-03-20T22:53:10.796+0000][8][gc,age      ] GC(6) - age   1:    1501592 bytes,    1501592 total
[2023-03-20T22:53:10.796+0000][8][gc,age      ] GC(6) - age   2:     726336 bytes,    2227928 total
[2023-03-20T22:53:10.796+0000][8][gc,age      ] GC(6) - age   3:    4259992 bytes,    6487920 total
[2023-03-20T22:53:10.796+0000][8][gc,age      ] GC(6) - age   4:    3612552 bytes,   10100472 total
[2023-03-20T22:53:10.796+0000][8][gc,age      ] GC(6) - age   5:    1068416 bytes,   11168888 total
[2023-03-20T22:53:10.796+0000][8][gc,age      ] GC(6) - age   6:    1858328 bytes,   13027216 total
[2023-03-20T22:53:10.797+0000][8][gc,heap     ] GC(6) Eden regions: 28->0(72)
[2023-03-20T22:53:10.797+0000][8][gc,heap     ] GC(6) Survivor regions: 4->4(10)
[2023-03-20T22:53:10.797+0000][8][gc,heap     ] GC(6) Old regions: 2->2
[2023-03-20T22:53:10.797+0000][8][gc,heap     ] GC(6) Archive regions: 2->2
[2023-03-20T22:53:10.797+0000][8][gc,heap     ] GC(6) Humongous regions: 0->0
[2023-03-20T22:53:10.797+0000][8][gc,metaspace] GC(6) Metaspace: 21010K(21504K)->21010K(21504K) NonClass: 18545K(18880K)->18545K(18880K) Class: 2465K(2624K)->2465K(2624K)
[2023-03-20T22:53:10.797+0000][8][gc          ] GC(6) Pause Young (Concurrent Start) (Metadata GC Threshold) 130M->21M(512M) 5.253ms
[2023-03-20T22:53:10.797+0000][8][gc,cpu      ] GC(6) User=0.00s Sys=0.01s Real=0.01s
[2023-03-20T22:53:10.797+0000][8][gc          ] GC(7) Concurrent Mark Cycle
[2023-03-20T22:53:10.797+0000][8][gc,marking  ] GC(7) Concurrent Clear Claimed Marks
[2023-03-20T22:53:10.797+0000][8][gc,marking  ] GC(7) Concurrent Clear Claimed Marks 0.103ms
[2023-03-20T22:53:10.797+0000][8][gc,marking  ] GC(7) Concurrent Scan Root Regions
[2023-03-20T22:53:10.797+0000][8][safepoint   ] Safepoint "CollectForMetadataAllocation", Time since last: 102687727 ns, Reaching safepoint: 107472 ns, At safepoint: 5534270 ns, Total: 5641742 ns
[2023-03-20T22:53:10.800+0000][8][gc,marking  ] GC(7) Concurrent Scan Root Regions 2.962ms
[2023-03-20T22:53:10.800+0000][8][gc,marking  ] GC(7) Concurrent Mark
[2023-03-20T22:53:10.800+0000][8][gc,marking  ] GC(7) Concurrent Mark From Roots
[2023-03-20T22:53:10.800+0000][8][gc,task     ] GC(7) Using 1 workers of 1 for marking
[2023-03-20T22:53:10.803+0000][8][gc,marking  ] GC(7) Concurrent Mark From Roots 2.642ms
[2023-03-20T22:53:10.803+0000][8][gc,marking  ] GC(7) Concurrent Preclean
[2023-03-20T22:53:10.804+0000][8][gc,marking  ] GC(7) Concurrent Preclean 0.443ms
[2023-03-20T22:53:10.805+0000][8][gc,start    ] GC(7) Pause Remark
[2023-03-20T22:53:10.807+0000][8][gc          ] GC(7) Pause Remark 23M->23M(512M) 2.108ms
[2023-03-20T22:53:10.807+0000][8][gc,cpu      ] GC(7) User=0.00s Sys=0.00s Real=0.00s
[2023-03-20T22:53:10.807+0000][8][safepoint   ] Safepoint "G1PauseRemark", Time since last: 7163424 ns, Reaching safepoint: 496128 ns, At safepoint: 2232359 ns, Total: 2728487 ns
[2023-03-20T22:53:10.807+0000][8][gc,marking  ] GC(7) Concurrent Mark 6.693ms
[2023-03-20T22:53:10.807+0000][8][gc,marking  ] GC(7) Concurrent Rebuild Remembered Sets
[2023-03-20T22:53:10.809+0000][8][gc,marking  ] GC(7) Concurrent Rebuild Remembered Sets 1.953ms
[2023-03-20T22:53:10.812+0000][8][gc,start    ] GC(7) Pause Cleanup
[2023-03-20T22:53:10.812+0000][8][gc          ] GC(7) Pause Cleanup 24M->24M(512M) 0.182ms
[2023-03-20T22:53:10.812+0000][8][gc,cpu      ] GC(7) User=0.00s Sys=0.00s Real=0.00s
[2023-03-20T22:53:10.812+0000][8][safepoint   ] Safepoint "G1PauseCleanup", Time since last: 2450434 ns, Reaching safepoint: 2758932 ns, At safepoint: 235544 ns, Total: 2994476 ns
[2023-03-20T22:53:10.812+0000][8][gc,marking  ] GC(7) Concurrent Cleanup for Next Mark
[2023-03-20T22:53:10.813+0000][8][gc,marking  ] GC(7) Concurrent Cleanup for Next Mark 1.017ms
[2023-03-20T22:53:10.814+0000][8][gc          ] GC(7) Concurrent Mark Cycle 16.648ms
[2023-03-20T22:53:11.017+0000][8][gc,start    ] GC(8) Pause Young (Normal) (G1 Evacuation Pause)
[2023-03-20T22:53:11.017+0000][8][gc,task     ] GC(8) Using 4 workers of 4 for evacuation
[2023-03-20T22:53:11.017+0000][8][gc,age      ] GC(8) Desired survivor size 20971520 bytes, new threshold 15 (max threshold 15)
[2023-03-20T22:53:11.025+0000][8][gc,phases   ] GC(8)   Pre Evacuate Collection Set: 0.1ms
[2023-03-20T22:53:11.025+0000][8][gc,phases   ] GC(8)   Merge Heap Roots: 0.0ms
[2023-03-20T22:53:11.025+0000][8][gc,phases   ] GC(8)   Evacuate Collection Set: 5.0ms
[2023-03-20T22:53:11.025+0000][8][gc,phases   ] GC(8)   Post Evacuate Collection Set: 2.6ms
[2023-03-20T22:53:11.025+0000][8][gc,phases   ] GC(8)   Other: 0.1ms
[2023-03-20T22:53:11.025+0000][8][gc,age      ] GC(8) Age table with threshold 15 (max threshold 15)
[2023-03-20T22:53:11.025+0000][8][gc,age      ] GC(8) - age   1:    3077584 bytes,    3077584 total
[2023-03-20T22:53:11.025+0000][8][gc,age      ] GC(8) - age   2:    1483704 bytes,    4561288 total
[2023-03-20T22:53:11.025+0000][8][gc,age      ] GC(8) - age   3:     723944 bytes,    5285232 total
[2023-03-20T22:53:11.025+0000][8][gc,age      ] GC(8) - age   4:    4259736 bytes,    9544968 total
[2023-03-20T22:53:11.025+0000][8][gc,age      ] GC(8) - age   5:    3610008 bytes,   13154976 total
[2023-03-20T22:53:11.025+0000][8][gc,age      ] GC(8) - age   6:    1067312 bytes,   14222288 total
[2023-03-20T22:53:11.025+0000][8][gc,age      ] GC(8) - age   7:    1857112 bytes,   16079400 total
[2023-03-20T22:53:11.026+0000][8][gc,heap     ] GC(8) Eden regions: 72->0(72)
[2023-03-20T22:53:11.026+0000][8][gc,heap     ] GC(8) Survivor regions: 4->4(10)
[2023-03-20T22:53:11.026+0000][8][gc,heap     ] GC(8) Old regions: 2->2
[2023-03-20T22:53:11.026+0000][8][gc,heap     ] GC(8) Archive regions: 2->2
[2023-03-20T22:53:11.026+0000][8][gc,heap     ] GC(8) Humongous regions: 0->0
[2023-03-20T22:53:11.026+0000][8][gc,metaspace] GC(8) Metaspace: 21544K(22144K)->21544K(22144K) NonClass: 19006K(19392K)->19006K(19392K) Class: 2537K(2752K)->2537K(2752K)
[2023-03-20T22:53:11.026+0000][8][gc          ] GC(8) Pause Young (Normal) (G1 Evacuation Pause) 309M->24M(512M) 8.317ms
[2023-03-20T22:53:11.026+0000][8][gc,cpu      ] GC(8) User=0.02s Sys=0.01s Real=0.05s
[2023-03-20T22:53:11.026+0000][8][safepoint   ] Safepoint "G1CollectForAllocation", Time since last: 204816739 ns, Reaching safepoint: 255489 ns, At safepoint: 8359859 ns, Total: 8615348 ns
[2023-03-20T22:53:11.418+0000][8][safepoint   ] Safepoint "ICBufferFull", Time since last: 391105088 ns, Reaching safepoint: 815279 ns, At safepoint: 30045 ns, Total: 845324 ns
[2023-03-20T22:53:11.680+0000][8][safepoint   ] Safepoint "ICBufferFull", Time since last: 261419896 ns, Reaching safepoint: 493809 ns, At safepoint: 3112 ns, Total: 496921 ns
[2023-03-20T22:53:11.783+0000][8][safepoint   ] Safepoint "ICBufferFull", Time since last: 102635521 ns, Reaching safepoint: 429440 ns, At safepoint: 48852 ns, Total: 478292 ns
[2023-03-20T22:53:12.261+0000][8][gc,start    ] GC(9) Pause Young (Normal) (G1 Evacuation Pause)
[2023-03-20T22:53:12.261+0000][8][gc,task     ] GC(9) Using 4 workers of 4 for evacuation
[2023-03-20T22:53:12.262+0000][8][gc,age      ] GC(9) Desired survivor size 20971520 bytes, new threshold 15 (max threshold 15)
[2023-03-20T22:53:12.288+0000][8][gc,phases   ] GC(9)   Pre Evacuate Collection Set: 0.4ms
[2023-03-20T22:53:12.289+0000][8][gc,phases   ] GC(9)   Merge Heap Roots: 0.3ms
[2023-03-20T22:53:12.289+0000][8][gc,phases   ] GC(9)   Evacuate Collection Set: 21.5ms
[2023-03-20T22:53:12.289+0000][8][gc,phases   ] GC(9)   Post Evacuate Collection Set: 3.7ms
[2023-03-20T22:53:12.289+0000][8][gc,phases   ] GC(9)   Other: 1.1ms
[2023-03-20T22:53:12.289+0000][8][gc,age      ] GC(9) Age table with threshold 15 (max threshold 15)
[2023-03-20T22:53:12.289+0000][8][gc,age      ] GC(9) - age   1:   19870696 bytes,   19870696 total
[2023-03-20T22:53:12.289+0000][8][gc,age      ] GC(9) - age   2:     907272 bytes,   20777968 total
[2023-03-20T22:53:12.289+0000][8][gc,age      ] GC(9) - age   3:    1468912 bytes,   22246880 total
[2023-03-20T22:53:12.289+0000][8][gc,age      ] GC(9) - age   4:     708136 bytes,   22955016 total
[2023-03-20T22:53:12.289+0000][8][gc,age      ] GC(9) - age   5:    4237008 bytes,   27192024 total
[2023-03-20T22:53:12.289+0000][8][gc,age      ] GC(9) - age   6:    3531136 bytes,   30723160 total
[2023-03-20T22:53:12.289+0000][8][gc,age      ] GC(9) - age   7:    1033024 bytes,   31756184 total
[2023-03-20T22:53:12.289+0000][8][gc,age      ] GC(9) - age   8:    1839976 bytes,   33596160 total
[2023-03-20T22:53:12.289+0000][8][gc,heap     ] GC(9) Eden regions: 72->0(67)
[2023-03-20T22:53:12.289+0000][8][gc,heap     ] GC(9) Survivor regions: 4->9(10)
[2023-03-20T22:53:12.289+0000][8][gc,heap     ] GC(9) Old regions: 2->2
[2023-03-20T22:53:12.289+0000][8][gc,heap     ] GC(9) Archive regions: 2->2
[2023-03-20T22:53:12.289+0000][8][gc,heap     ] GC(9) Humongous regions: 0->0
[2023-03-20T22:53:12.289+0000][8][gc,metaspace] GC(9) Metaspace: 31393K(32384K)->31393K(32384K) NonClass: 27563K(28160K)->27563K(28160K) Class: 3829K(4224K)->3829K(4224K)
[2023-03-20T22:53:12.290+0000][8][gc          ] GC(9) Pause Young (Normal) (G1 Evacuation Pause) 312M->41M(512M) 28.435ms
[2023-03-20T22:53:12.290+0000][8][gc,cpu      ] GC(9) User=0.02s Sys=0.02s Real=0.03s
[2023-03-20T22:53:12.290+0000][8][safepoint   ] Safepoint "G1CollectForAllocation", Time since last: 478376000 ns, Reaching safepoint: 127899 ns, At safepoint: 28652077 ns, Total: 28779976 ns
[2023-03-20T22:53:12.685+0000][8][gc,start    ] GC(10) Pause Young (Concurrent Start) (Metadata GC Threshold)
[2023-03-20T22:53:12.686+0000][8][gc,task     ] GC(10) Using 4 workers of 4 for evacuation
[2023-03-20T22:53:12.686+0000][8][gc,age      ] GC(10) Desired survivor size 20971520 bytes, new threshold 3 (max threshold 15)
[2023-03-20T22:53:12.712+0000][8][gc,phases   ] GC(10)   Pre Evacuate Collection Set: 0.4ms
[2023-03-20T22:53:12.713+0000][8][gc,phases   ] GC(10)   Merge Heap Roots: 0.2ms
[2023-03-20T22:53:12.713+0000][8][gc,phases   ] GC(10)   Evacuate Collection Set: 23.7ms
[2023-03-20T22:53:12.713+0000][8][gc,phases   ] GC(10)   Post Evacuate Collection Set: 1.6ms
[2023-03-20T22:53:12.713+0000][8][gc,phases   ] GC(10)   Other: 0.6ms
[2023-03-20T22:53:12.714+0000][8][gc,age      ] GC(10) Age table with threshold 3 (max threshold 15)
[2023-03-20T22:53:12.714+0000][8][gc,age      ] GC(10) - age   1:    8178848 bytes,    8178848 total
[2023-03-20T22:53:12.714+0000][8][gc,age      ] GC(10) - age   2:   19517656 bytes,   27696504 total
[2023-03-20T22:53:12.714+0000][8][gc,age      ] GC(10) - age   3:     906944 bytes,   28603448 total
[2023-03-20T22:53:12.715+0000][8][gc,heap     ] GC(10) Eden regions: 24->0(68)
[2023-03-20T22:53:12.715+0000][8][gc,heap     ] GC(10) Survivor regions: 9->8(10)
[2023-03-20T22:53:12.715+0000][8][gc,heap     ] GC(10) Old regions: 2->5
[2023-03-20T22:53:12.715+0000][8][gc,heap     ] GC(10) Archive regions: 2->2
[2023-03-20T22:53:12.715+0000][8][gc,heap     ] GC(10) Humongous regions: 0->0
[2023-03-20T22:53:12.716+0000][8][gc,metaspace] GC(10) Metaspace: 35183K(36160K)->35183K(36160K) NonClass: 30743K(31360K)->30743K(31360K) Class: 4439K(4800K)->4439K(4800K)
[2023-03-20T22:53:12.716+0000][8][gc          ] GC(10) Pause Young (Concurrent Start) (Metadata GC Threshold) 137M->51M(512M) 30.793ms
[2023-03-20T22:53:12.717+0000][8][gc,cpu      ] GC(10) User=0.05s Sys=0.02s Real=0.03s
[2023-03-20T22:53:12.717+0000][8][gc          ] GC(11) Concurrent Mark Cycle
[2023-03-20T22:53:12.718+0000][8][gc,marking  ] GC(11) Concurrent Clear Claimed Marks
[2023-03-20T22:53:12.717+0000][8][safepoint   ] Safepoint "CollectForMetadataAllocation", Time since last: 395173537 ns, Reaching safepoint: 423139 ns, At safepoint: 31778227 ns, Total: 32201366 ns
[2023-03-20T22:53:12.718+0000][8][gc,marking  ] GC(11) Concurrent Clear Claimed Marks 0.168ms
[2023-03-20T22:53:12.718+0000][8][gc,marking  ] GC(11) Concurrent Scan Root Regions
[2023-03-20T22:53:12.732+0000][8][safepoint   ] Safepoint "CollectForMetadataAllocation", Time since last: 14885773 ns, Reaching safepoint: 73766 ns, At safepoint: 47504 ns, Total: 121270 ns
[2023-03-20T22:53:12.737+0000][8][gc,marking  ] GC(11) Concurrent Scan Root Regions 18.370ms
[2023-03-20T22:53:12.737+0000][8][gc,marking  ] GC(11) Concurrent Mark
[2023-03-20T22:53:12.737+0000][8][gc,marking  ] GC(11) Concurrent Mark From Roots
[2023-03-20T22:53:12.737+0000][8][gc,task     ] GC(11) Using 1 workers of 1 for marking
[2023-03-20T22:53:12.740+0000][8][gc,marking  ] GC(11) Concurrent Mark From Roots 3.259ms
[2023-03-20T22:53:12.740+0000][8][gc,marking  ] GC(11) Concurrent Preclean
[2023-03-20T22:53:12.740+0000][8][gc,marking  ] GC(11) Concurrent Preclean 0.039ms
[2023-03-20T22:53:12.741+0000][8][gc,start    ] GC(11) Pause Remark
[2023-03-20T22:53:12.745+0000][8][gc          ] GC(11) Pause Remark 53M->53M(512M) 3.586ms
[2023-03-20T22:53:12.745+0000][8][gc,cpu      ] GC(11) User=0.01s Sys=0.00s Real=0.01s
[2023-03-20T22:53:12.745+0000][8][safepoint   ] Safepoint "G1PauseRemark", Time since last: 8228187 ns, Reaching safepoint: 703974 ns, At safepoint: 3982208 ns, Total: 4686182 ns
[2023-03-20T22:53:12.746+0000][8][gc,marking  ] GC(11) Concurrent Mark 9.145ms
[2023-03-20T22:53:12.746+0000][8][gc,marking  ] GC(11) Concurrent Rebuild Remembered Sets
[2023-03-20T22:53:12.751+0000][8][gc,marking  ] GC(11) Concurrent Rebuild Remembered Sets 5.097ms
[2023-03-20T22:53:12.754+0000][8][gc,start    ] GC(11) Pause Cleanup
[2023-03-20T22:53:12.754+0000][8][gc          ] GC(11) Pause Cleanup 55M->55M(512M) 0.260ms
[2023-03-20T22:53:12.755+0000][8][gc,cpu      ] GC(11) User=0.00s Sys=0.00s Real=0.00s
[2023-03-20T22:53:12.755+0000][8][safepoint   ] Safepoint "G1PauseCleanup", Time since last: 6652689 ns, Reaching safepoint: 2110367 ns, At safepoint: 837727 ns, Total: 2948094 ns
[2023-03-20T22:53:12.755+0000][8][gc,marking  ] GC(11) Concurrent Cleanup for Next Mark
[2023-03-20T22:53:12.756+0000][8][gc,marking  ] GC(11) Concurrent Cleanup for Next Mark 1.434ms
[2023-03-20T22:53:12.756+0000][8][gc          ] GC(11) Concurrent Mark Cycle 39.838ms
[2023-03-20T22:53:12.962+0000][8][safepoint   ] Safepoint "ICBufferFull", Time since last: 206876810 ns, Reaching safepoint: 145005 ns, At safepoint: 27465 ns, Total: 172470 ns
[2023-03-20T22:53:13.529+0000][8][safepoint   ] Safepoint "ICBufferFull", Time since last: 566861399 ns, Reaching safepoint: 388338 ns, At safepoint: 31913 ns, Total: 420251 ns
[2023-03-20T22:53:13.784+0000][8][gc,start    ] GC(12) Pause Young (Normal) (G1 Evacuation Pause)
[2023-03-20T22:53:13.784+0000][8][gc,task     ] GC(12) Using 4 workers of 4 for evacuation
[2023-03-20T22:53:13.784+0000][8][gc,age      ] GC(12) Desired survivor size 20971520 bytes, new threshold 2 (max threshold 15)
[2023-03-20T22:53:13.802+0000][8][gc,phases   ] GC(12)   Pre Evacuate Collection Set: 0.1ms
[2023-03-20T22:53:13.802+0000][8][gc,phases   ] GC(12)   Merge Heap Roots: 0.2ms
[2023-03-20T22:53:13.803+0000][8][gc,phases   ] GC(12)   Evacuate Collection Set: 15.6ms
[2023-03-20T22:53:13.803+0000][8][gc,phases   ] GC(12)   Post Evacuate Collection Set: 1.7ms
[2023-03-20T22:53:13.803+0000][8][gc,phases   ] GC(12)   Other: 0.3ms
[2023-03-20T22:53:13.803+0000][8][gc,age      ] GC(12) Age table with threshold 2 (max threshold 15)
[2023-03-20T22:53:13.803+0000][8][gc,age      ] GC(12) - age   1:    6131688 bytes,    6131688 total
[2023-03-20T22:53:13.803+0000][8][gc,age      ] GC(12) - age   2:    8001728 bytes,   14133416 total
[2023-03-20T22:53:13.803+0000][8][gc,heap     ] GC(12) Eden regions: 68->0(71)
[2023-03-20T22:53:13.803+0000][8][gc,heap     ] GC(12) Survivor regions: 8->5(10)
[2023-03-20T22:53:13.803+0000][8][gc,heap     ] GC(12) Old regions: 5->10
[2023-03-20T22:53:13.803+0000][8][gc,heap     ] GC(12) Archive regions: 2->2
[2023-03-20T22:53:13.803+0000][8][gc,heap     ] GC(12) Humongous regions: 0->0
[2023-03-20T22:53:13.803+0000][8][gc,metaspace] GC(12) Metaspace: 53127K(54400K)->53127K(54400K) NonClass: 46287K(47040K)->46287K(47040K) Class: 6840K(7360K)->6840K(7360K)
[2023-03-20T22:53:13.804+0000][8][gc          ] GC(12) Pause Young (Normal) (G1 Evacuation Pause) 323M->57M(512M) 19.944ms
[2023-03-20T22:53:13.804+0000][8][gc,cpu      ] GC(12) User=0.02s Sys=0.02s Real=0.03s
[2023-03-20T22:53:13.804+0000][8][safepoint   ] Safepoint "G1CollectForAllocation", Time since last: 254459878 ns, Reaching safepoint: 111155 ns, At safepoint: 20500831 ns, Total: 20611986 ns
[2023-03-20T22:53:14.537+0000][8][gc,start    ] GC(13) Pause Young (Concurrent Start) (Metadata GC Threshold)
[2023-03-20T22:53:14.537+0000][8][gc,task     ] GC(13) Using 4 workers of 4 for evacuation
[2023-03-20T22:53:14.537+0000][8][gc,age      ] GC(13) Desired survivor size 20971520 bytes, new threshold 15 (max threshold 15)
[2023-03-20T22:53:14.550+0000][8][gc,phases   ] GC(13)   Pre Evacuate Collection Set: 0.6ms
[2023-03-20T22:53:14.550+0000][8][gc,phases   ] GC(13)   Merge Heap Roots: 0.4ms
[2023-03-20T22:53:14.550+0000][8][gc,phases   ] GC(13)   Evacuate Collection Set: 10.7ms
[2023-03-20T22:53:14.550+0000][8][gc,phases   ] GC(13)   Post Evacuate Collection Set: 1.2ms
[2023-03-20T22:53:14.550+0000][8][gc,phases   ] GC(13)   Other: 0.5ms
[2023-03-20T22:53:14.550+0000][8][gc,age      ] GC(13) Age table with threshold 15 (max threshold 15)
[2023-03-20T22:53:14.550+0000][8][gc,age      ] GC(13) - age   1:    3676096 bytes,    3676096 total
[2023-03-20T22:53:14.550+0000][8][gc,age      ] GC(13) - age   2:    5891576 bytes,    9567672 total
[2023-03-20T22:53:14.550+0000][8][gc,age      ] GC(13) - age   3:    8001160 bytes,   17568832 total
[2023-03-20T22:53:14.550+0000][8][gc,heap     ] GC(13) Eden regions: 29->0(71)
[2023-03-20T22:53:14.550+0000][8][gc,heap     ] GC(13) Survivor regions: 5->5(10)
[2023-03-20T22:53:14.550+0000][8][gc,heap     ] GC(13) Old regions: 10->10
[2023-03-20T22:53:14.550+0000][8][gc,heap     ] GC(13) Archive regions: 2->2
[2023-03-20T22:53:14.550+0000][8][gc,heap     ] GC(13) Humongous regions: 0->0
[2023-03-20T22:53:14.550+0000][8][gc,metaspace] GC(13) Metaspace: 59862K(61120K)->59862K(61120K) NonClass: 52120K(52800K)->52120K(52800K) Class: 7741K(8320K)->7741K(8320K)
[2023-03-20T22:53:14.550+0000][8][gc          ] GC(13) Pause Young (Concurrent Start) (Metadata GC Threshold) 171M->58M(512M) 13.691ms
[2023-03-20T22:53:14.550+0000][8][gc,cpu      ] GC(13) User=0.03s Sys=0.00s Real=0.01s
[2023-03-20T22:53:14.551+0000][8][gc          ] GC(14) Concurrent Mark Cycle
[2023-03-20T22:53:14.551+0000][8][gc,marking  ] GC(14) Concurrent Clear Claimed Marks
[2023-03-20T22:53:14.551+0000][8][safepoint   ] Safepoint "CollectForMetadataAllocation", Time since last: 731599003 ns, Reaching safepoint: 997227 ns, At safepoint: 13939502 ns, Total: 14936729 ns
[2023-03-20T22:53:14.551+0000][8][gc,marking  ] GC(14) Concurrent Clear Claimed Marks 0.093ms
[2023-03-20T22:53:14.551+0000][8][gc,marking  ] GC(14) Concurrent Scan Root Regions
[2023-03-20T22:53:14.565+0000][8][gc,marking  ] GC(14) Concurrent Scan Root Regions 14.200ms
[2023-03-20T22:53:14.565+0000][8][gc,marking  ] GC(14) Concurrent Mark
[2023-03-20T22:53:14.565+0000][8][gc,marking  ] GC(14) Concurrent Mark From Roots
[2023-03-20T22:53:14.565+0000][8][gc,task     ] GC(14) Using 1 workers of 1 for marking
[2023-03-20T22:53:14.594+0000][8][gc,marking  ] GC(14) Concurrent Mark From Roots 29.283ms
[2023-03-20T22:53:14.595+0000][8][gc,marking  ] GC(14) Concurrent Preclean
[2023-03-20T22:53:14.595+0000][8][gc,marking  ] GC(14) Concurrent Preclean 0.210ms
[2023-03-20T22:53:14.596+0000][8][gc,start    ] GC(14) Pause Remark
[2023-03-20T22:53:14.609+0000][8][gc          ] GC(14) Pause Remark 60M->60M(512M) 13.665ms
[2023-03-20T22:53:14.609+0000][8][gc,cpu      ] GC(14) User=0.02s Sys=0.01s Real=0.02s
[2023-03-20T22:53:14.609+0000][8][safepoint   ] Safepoint "G1PauseRemark", Time since last: 44522120 ns, Reaching safepoint: 407836 ns, At safepoint: 13915593 ns, Total: 14323429 ns
[2023-03-20T22:53:14.610+0000][8][gc,marking  ] GC(14) Concurrent Mark 44.550ms
[2023-03-20T22:53:14.610+0000][8][gc,marking  ] GC(14) Concurrent Rebuild Remembered Sets
[2023-03-20T22:53:14.650+0000][8][gc,marking  ] GC(14) Concurrent Rebuild Remembered Sets 40.343ms
[2023-03-20T22:53:14.653+0000][8][gc,start    ] GC(14) Pause Cleanup
[2023-03-20T22:53:14.654+0000][8][gc          ] GC(14) Pause Cleanup 60M->60M(512M) 0.314ms
[2023-03-20T22:53:14.654+0000][8][gc,cpu      ] GC(14) User=0.00s Sys=0.00s Real=0.00s
[2023-03-20T22:53:14.654+0000][8][safepoint   ] Safepoint "G1PauseCleanup", Time since last: 43797925 ns, Reaching safepoint: 97955 ns, At safepoint: 472830 ns, Total: 570785 ns
[2023-03-20T22:53:14.655+0000][8][gc,marking  ] GC(14) Concurrent Cleanup for Next Mark
[2023-03-20T22:53:14.657+0000][8][gc,marking  ] GC(14) Concurrent Cleanup for Next Mark 1.927ms
[2023-03-20T22:53:14.657+0000][8][gc          ] GC(14) Concurrent Mark Cycle 106.225ms
[2023-03-20T22:53:15.501+0000][8][safepoint   ] Safepoint "ICBufferFull", Time since last: 846355288 ns, Reaching safepoint: 378421 ns, At safepoint: 56570 ns, Total: 434991 ns
[2023-03-20T22:53:16.004+0000][8][safepoint   ] Safepoint "ICBufferFull", Time since last: 502947949 ns, Reaching safepoint: 448357 ns, At safepoint: 3674 ns, Total: 452031 ns
[2023-03-20T22:53:16.457+0000][8][safepoint   ] Safepoint "ICBufferFull", Time since last: 452035435 ns, Reaching safepoint: 471227 ns, At safepoint: 3695 ns, Total: 474922 ns
[2023-03-20T22:53:16.543+0000][8][gc,start    ] GC(15) Pause Young (Normal) (G1 Evacuation Pause)
[2023-03-20T22:53:16.544+0000][8][gc,task     ] GC(15) Using 4 workers of 4 for evacuation
[2023-03-20T22:53:16.544+0000][8][gc,age      ] GC(15) Desired survivor size 20971520 bytes, new threshold 15 (max threshold 15)
[2023-03-20T22:53:16.566+0000][8][gc,phases   ] GC(15)   Pre Evacuate Collection Set: 0.1ms
[2023-03-20T22:53:16.566+0000][8][gc,phases   ] GC(15)   Merge Heap Roots: 0.1ms
[2023-03-20T22:53:16.566+0000][8][gc,phases   ] GC(15)   Evacuate Collection Set: 19.7ms
[2023-03-20T22:53:16.566+0000][8][gc,phases   ] GC(15)   Post Evacuate Collection Set: 2.0ms
[2023-03-20T22:53:16.566+0000][8][gc,phases   ] GC(15)   Other: 1.0ms
[2023-03-20T22:53:16.566+0000][8][gc,age      ] GC(15) Age table with threshold 15 (max threshold 15)
[2023-03-20T22:53:16.566+0000][8][gc,age      ] GC(15) - age   1:   14373440 bytes,   14373440 total
[2023-03-20T22:53:16.566+0000][8][gc,age      ] GC(15) - age   2:    3469336 bytes,   17842776 total
[2023-03-20T22:53:16.566+0000][8][gc,age      ] GC(15) - age   3:    5696696 bytes,   23539472 total
[2023-03-20T22:53:16.566+0000][8][gc,age      ] GC(15) - age   4:    7982552 bytes,   31522024 total
[2023-03-20T22:53:16.566+0000][8][gc,heap     ] GC(15) Eden regions: 71->0(68)
[2023-03-20T22:53:16.566+0000][8][gc,heap     ] GC(15) Survivor regions: 5->8(10)
[2023-03-20T22:53:16.566+0000][8][gc,heap     ] GC(15) Old regions: 10->10
[2023-03-20T22:53:16.566+0000][8][gc,heap     ] GC(15) Archive regions: 2->2
[2023-03-20T22:53:16.566+0000][8][gc,heap     ] GC(15) Humongous regions: 0->0
[2023-03-20T22:53:16.566+0000][8][gc,metaspace] GC(15) Metaspace: 90519K(93184K)->90519K(93184K) NonClass: 78292K(79680K)->78292K(79680K) Class: 12227K(13504K)->12227K(13504K)
[2023-03-20T22:53:16.566+0000][8][gc          ] GC(15) Pause Young (Normal) (G1 Evacuation Pause) 342M->71M(512M) 23.460ms
[2023-03-20T22:53:16.566+0000][8][gc,cpu      ] GC(15) User=0.03s Sys=0.03s Real=0.05s
[2023-03-20T22:53:16.566+0000][8][safepoint   ] Safepoint "G1CollectForAllocation", Time since last: 86205873 ns, Reaching safepoint: 141347 ns, At safepoint: 23551647 ns, Total: 23692994 ns
[2023-03-20T22:53:17.148+0000][8][safepoint   ] Safepoint "ICBufferFull", Time since last: 581224365 ns, Reaching safepoint: 176660 ns, At safepoint: 3152 ns, Total: 179812 ns
[2023-03-20T22:53:17.608+0000][8][safepoint   ] Safepoint "ICBufferFull", Time since last: 455649485 ns, Reaching safepoint: 4718171 ns, At safepoint: 42524 ns, Total: 4760695 ns
[2023-03-20T22:53:17.836+0000][8][gc,start    ] GC(16) Pause Young (Concurrent Start) (Metadata GC Threshold)
[2023-03-20T22:53:17.836+0000][8][gc,task     ] GC(16) Using 4 workers of 4 for evacuation
[2023-03-20T22:53:17.836+0000][8][gc,age      ] GC(16) Desired survivor size 20971520 bytes, new threshold 3 (max threshold 15)
[2023-03-20T22:53:17.853+0000][8][gc,phases   ] GC(16)   Pre Evacuate Collection Set: 0.5ms
[2023-03-20T22:53:17.853+0000][8][gc,phases   ] GC(16)   Merge Heap Roots: 0.1ms
[2023-03-20T22:53:17.853+0000][8][gc,phases   ] GC(16)   Evacuate Collection Set: 12.8ms
[2023-03-20T22:53:17.853+0000][8][gc,phases   ] GC(16)   Post Evacuate Collection Set: 2.9ms
[2023-03-20T22:53:17.853+0000][8][gc,phases   ] GC(16)   Other: 0.4ms
[2023-03-20T22:53:17.853+0000][8][gc,age      ] GC(16) Age table with threshold 3 (max threshold 15)
[2023-03-20T22:53:17.853+0000][8][gc,age      ] GC(16) - age   1:    4395160 bytes,    4395160 total
[2023-03-20T22:53:17.853+0000][8][gc,age      ] GC(16) - age   2:   13973936 bytes,   18369096 total
[2023-03-20T22:53:17.853+0000][8][gc,age      ] GC(16) - age   3:    3463056 bytes,   21832152 total
[2023-03-20T22:53:17.853+0000][8][gc,heap     ] GC(16) Eden regions: 25->0(70)
[2023-03-20T22:53:17.853+0000][8][gc,heap     ] GC(16) Survivor regions: 8->6(10)
[2023-03-20T22:53:17.853+0000][8][gc,heap     ] GC(16) Old regions: 10->13
[2023-03-20T22:53:17.853+0000][8][gc,heap     ] GC(16) Archive regions: 2->2
[2023-03-20T22:53:17.853+0000][8][gc,heap     ] GC(16) Humongous regions: 2->2
[2023-03-20T22:53:17.853+0000][8][gc,metaspace] GC(16) Metaspace: 99556K(102208K)->99556K(102208K) NonClass: 85969K(87360K)->85969K(87360K) Class: 13587K(14848K)->13587K(14848K)
[2023-03-20T22:53:17.853+0000][8][gc          ] GC(16) Pause Young (Concurrent Start) (Metadata GC Threshold) 176M->82M(512M) 17.682ms
[2023-03-20T22:53:17.853+0000][8][gc,cpu      ] GC(16) User=0.05s Sys=0.01s Real=0.02s
[2023-03-20T22:53:17.854+0000][8][gc          ] GC(17) Concurrent Mark Cycle
[2023-03-20T22:53:17.854+0000][8][gc,marking  ] GC(17) Concurrent Clear Claimed Marks
[2023-03-20T22:53:17.854+0000][8][safepoint   ] Safepoint "CollectForMetadataAllocation", Time since last: 225660914 ns, Reaching safepoint: 1795215 ns, At safepoint: 17888604 ns, Total: 19683819 ns
[2023-03-20T22:53:17.854+0000][8][gc,marking  ] GC(17) Concurrent Clear Claimed Marks 0.324ms
[2023-03-20T22:53:17.854+0000][8][gc,marking  ] GC(17) Concurrent Scan Root Regions
[2023-03-20T22:53:17.882+0000][8][gc,marking  ] GC(17) Concurrent Scan Root Regions 27.551ms
[2023-03-20T22:53:17.882+0000][8][gc,marking  ] GC(17) Concurrent Mark
[2023-03-20T22:53:17.882+0000][8][gc,marking  ] GC(17) Concurrent Mark From Roots
[2023-03-20T22:53:17.882+0000][8][gc,task     ] GC(17) Using 1 workers of 1 for marking
[2023-03-20T22:53:17.919+0000][8][gc,marking  ] GC(17) Concurrent Mark From Roots 37.298ms
[2023-03-20T22:53:17.919+0000][8][gc,marking  ] GC(17) Concurrent Preclean
[2023-03-20T22:53:17.919+0000][8][gc,marking  ] GC(17) Concurrent Preclean 0.128ms
[2023-03-20T22:53:17.920+0000][8][gc,start    ] GC(17) Pause Remark
[2023-03-20T22:53:17.923+0000][8][gc          ] GC(17) Pause Remark 94M->94M(512M) 3.307ms
[2023-03-20T22:53:17.924+0000][8][gc,cpu      ] GC(17) User=0.00s Sys=0.00s Real=0.00s
[2023-03-20T22:53:17.924+0000][8][safepoint   ] Safepoint "G1PauseRemark", Time since last: 65879829 ns, Reaching safepoint: 645004 ns, At safepoint: 3571400 ns, Total: 4216404 ns
[2023-03-20T22:53:17.924+0000][8][gc,marking  ] GC(17) Concurrent Mark 42.199ms
[2023-03-20T22:53:17.924+0000][8][gc,marking  ] GC(17) Concurrent Rebuild Remembered Sets
[2023-03-20T22:53:17.975+0000][8][gc,marking  ] GC(17) Concurrent Rebuild Remembered Sets 51.189ms
[2023-03-20T22:53:17.983+0000][8][gc,start    ] GC(17) Pause Cleanup
[2023-03-20T22:53:17.983+0000][8][gc          ] GC(17) Pause Cleanup 98M->98M(512M) 0.242ms
[2023-03-20T22:53:17.983+0000][8][gc,cpu      ] GC(17) User=0.00s Sys=0.00s Real=0.00s
[2023-03-20T22:53:17.983+0000][8][safepoint   ] Safepoint "G1PauseCleanup", Time since last: 56192793 ns, Reaching safepoint: 2743744 ns, At safepoint: 339766 ns, Total: 3083510 ns
[2023-03-20T22:53:17.983+0000][8][gc,marking  ] GC(17) Concurrent Cleanup for Next Mark
[2023-03-20T22:53:17.984+0000][8][gc,marking  ] GC(17) Concurrent Cleanup for Next Mark 0.742ms
[2023-03-20T22:53:17.984+0000][8][gc          ] GC(17) Concurrent Mark Cycle 130.262ms
[2023-03-20T22:53:18.272+0000][8][safepoint   ] Safepoint "ICBufferFull", Time since last: 288280364 ns, Reaching safepoint: 482192 ns, At safepoint: 31684 ns, Total: 513876 ns
[2023-03-20T22:53:18.474+0000][8][safepoint   ] Safepoint "ICBufferFull", Time since last: 201390504 ns, Reaching safepoint: 925544 ns, At safepoint: 46297 ns, Total: 971841 ns
[2023-03-20T22:53:18.906+0000][8][safepoint   ] Safepoint "ICBufferFull", Time since last: 431121162 ns, Reaching safepoint: 294944 ns, At safepoint: 4557 ns, Total: 299501 ns
[2023-03-20T22:53:19.906+0000][8][safepoint   ] Safepoint "Cleanup", Time since last: 1000453625 ns, Reaching safepoint: 435272 ns, At safepoint: 34024 ns, Total: 469296 ns
[2023-03-20T22:53:20.319+0000][8][safepoint   ] Safepoint "ICBufferFull", Time since last: 412715491 ns, Reaching safepoint: 209449 ns, At safepoint: 31282 ns, Total: 240731 ns
[2023-03-20T22:53:22.146+0000][8][safepoint   ] Safepoint "Cleanup", Time since last: 1826049228 ns, Reaching safepoint: 183455 ns, At safepoint: 3230 ns, Total: 186685 ns
[2023-03-20T22:53:24.149+0000][8][safepoint   ] Safepoint "Cleanup", Time since last: 2003148804 ns, Reaching safepoint: 125136 ns, At safepoint: 3908 ns, Total: 129044 ns
[2023-03-20T22:53:25.150+0000][8][safepoint   ] Safepoint "Cleanup", Time since last: 1000516787 ns, Reaching safepoint: 430868 ns, At safepoint: 6940 ns, Total: 437808 ns
[2023-03-20T22:53:26.155+0000][8][safepoint   ] Safepoint "Cleanup", Time since last: 1004647119 ns, Reaching safepoint: 139737 ns, At safepoint: 80610 ns, Total: 220347 ns
[2023-03-20T22:53:27.158+0000][8][safepoint   ] Safepoint "Cleanup", Time since last: 1003226872 ns, Reaching safepoint: 56963 ns, At safepoint: 3042 ns, Total: 60005 ns
[2023-03-20T22:53:30.169+0000][8][safepoint   ] Safepoint "Cleanup", Time since last: 3011331953 ns, Reaching safepoint: 87904 ns, At safepoint: 3586 ns, Total: 91490 ns
[2023-03-20T22:53:31.172+0000][8][safepoint   ] Safepoint "Cleanup", Time since last: 1001978881 ns, Reaching safepoint: 81435 ns, At safepoint: 3066 ns, Total: 84501 ns
[2023-03-20T22:53:32.172+0000][8][safepoint   ] Safepoint "Cleanup", Time since last: 1000396073 ns, Reaching safepoint: 81080 ns, At safepoint: 4073 ns, Total: 85153 ns
[2023-03-20T22:53:47.235+0000][8][safepoint   ] Safepoint "Cleanup", Time since last: 15062961602 ns, Reaching safepoint: 215978 ns, At safepoint: 4475 ns, Total: 220453 ns
[2023-03-20T22:53:49.239+0000][8][safepoint   ] Safepoint "Cleanup", Time since last: 2004024321 ns, Reaching safepoint: 112287 ns, At safepoint: 3596 ns, Total: 115883 ns
[2023-03-20T22:53:50.247+0000][8][safepoint   ] Safepoint "Cleanup", Time since last: 1006987051 ns, Reaching safepoint: 207620 ns, At safepoint: 9614 ns, Total: 217234 ns
[2023-03-20T22:53:55.252+0000][8][safepoint   ] Safepoint "Cleanup", Time since last: 5005488962 ns, Reaching safepoint: 212817 ns, At safepoint: 11023 ns, Total: 223840 ns
[2023-03-20T22:53:57.256+0000][8][safepoint   ] Safepoint "Cleanup", Time since last: 2003304075 ns, Reaching safepoint: 108084 ns, At safepoint: 3853 ns, Total: 111937 ns
[2023-03-20T22:54:10.289+0000][8][safepoint   ] Safepoint "Cleanup", Time since last: 13033158898 ns, Reaching safepoint: 113588 ns, At safepoint: 3474 ns, Total: 117062 ns
[2023-03-20T22:54:11.292+0000][8][safepoint   ] Safepoint "Cleanup", Time since last: 1003347971 ns, Reaching safepoint: 97559 ns, At safepoint: 3312 ns, Total: 100871 ns
[2023-03-20T22:54:14.294+0000][8][safepoint   ] Safepoint "Cleanup", Time since last: 3001757876 ns, Reaching safepoint: 117768 ns, At safepoint: 5816 ns, Total: 123584 ns
[2023-03-20T22:54:17.296+0000][8][safepoint   ] Safepoint "Cleanup", Time since last: 3001956215 ns, Reaching safepoint: 116515 ns, At safepoint: 4736 ns, Total: 121251 ns
[2023-03-20T22:54:25.322+0000][8][safepoint   ] Safepoint "Cleanup", Time since last: 8025164648 ns, Reaching safepoint: 99948 ns, At safepoint: 3611 ns, Total: 103559 ns
[2023-03-20T22:54:30.339+0000][8][safepoint   ] Safepoint "Cleanup", Time since last: 5016737256 ns, Reaching safepoint: 72713 ns, At safepoint: 3678 ns, Total: 76391 ns
[2023-03-20T22:54:31.340+0000][8][safepoint   ] Safepoint "Cleanup", Time since last: 1001537020 ns, Reaching safepoint: 254859 ns, At safepoint: 29648 ns, Total: 284507 ns
[2023-03-20T22:54:42.358+0000][8][safepoint   ] Safepoint "Cleanup", Time since last: 11017868967 ns, Reaching safepoint: 297302 ns, At safepoint: 4009 ns, Total: 301311 ns
[2023-03-20T22:54:44.361+0000][8][safepoint   ] Safepoint "Cleanup", Time since last: 2002234207 ns, Reaching safepoint: 404091 ns, At safepoint: 18547 ns, Total: 422638 ns
[2023-03-20T22:54:47.369+0000][8][safepoint   ] Safepoint "Cleanup", Time since last: 3007705973 ns, Reaching safepoint: 165228 ns, At safepoint: 16421 ns, Total: 181649 ns
[2023-03-20T22:54:50.380+0000][8][safepoint   ] Safepoint "Cleanup", Time since last: 3010556747 ns, Reaching safepoint: 132809 ns, At safepoint: 3756 ns, Total: 136565 ns
[2023-03-20T22:54:56.386+0000][8][safepoint   ] Safepoint "Cleanup", Time since last: 6006543117 ns, Reaching safepoint: 71209 ns, At safepoint: 2989 ns, Total: 74198 ns
[2023-03-20T22:54:57.390+0000][8][safepoint   ] Safepoint "Cleanup", Time since last: 1003262763 ns, Reaching safepoint: 66135 ns, At safepoint: 3762 ns, Total: 69897 ns
[2023-03-20T22:55:02.425+0000][8][safepoint   ] Safepoint "Cleanup", Time since last: 5035132380 ns, Reaching safepoint: 79272 ns, At safepoint: 3758 ns, Total: 83030 ns
[2023-03-20T22:55:04.426+0000][8][safepoint   ] Safepoint "Cleanup", Time since last: 2000750579 ns, Reaching safepoint: 73909 ns, At safepoint: 3849 ns, Total: 77758 ns
[2023-03-20T22:55:11.446+0000][8][safepoint   ] Safepoint "Cleanup", Time since last: 7017363412 ns, Reaching safepoint: 2658659 ns, At safepoint: 17821 ns, Total: 2676480 ns
[2023-03-20T22:55:17.463+0000][8][safepoint   ] Safepoint "Cleanup", Time since last: 6016233818 ns, Reaching safepoint: 758813 ns, At safepoint: 6019 ns, Total: 764832 ns
[2023-03-20T22:55:23.481+0000][8][safepoint   ] Safepoint "Cleanup", Time since last: 6018129665 ns, Reaching safepoint: 136723 ns, At safepoint: 5714 ns, Total: 142437 ns
[2023-03-20T22:55:24.483+0000][8][safepoint   ] Safepoint "Cleanup", Time since last: 1001629461 ns, Reaching safepoint: 731408 ns, At safepoint: 88916 ns, Total: 820324 ns
[2023-03-20T22:55:25.484+0000][8][safepoint   ] Safepoint "Cleanup", Time since last: 1000992723 ns, Reaching safepoint: 47966 ns, At safepoint: 2678 ns, Total: 50644 ns
[2023-03-20T22:55:29.503+0000][8][safepoint   ] Safepoint "Cleanup", Time since last: 4018896603 ns, Reaching safepoint: 106578 ns, At safepoint: 3643 ns, Total: 110221 ns
[2023-03-20T22:55:34.513+0000][8][safepoint   ] Safepoint "Cleanup", Time since last: 5009493735 ns, Reaching safepoint: 63465 ns, At safepoint: 2806 ns, Total: 66271 ns
[2023-03-20T22:55:35.529+0000][8][safepoint   ] Safepoint "Cleanup", Time since last: 1015616259 ns, Reaching safepoint: 44948 ns, At safepoint: 2302 ns, Total: 47250 ns
[2023-03-20T22:55:38.538+0000][8][safepoint   ] Safepoint "Cleanup", Time since last: 3009165576 ns, Reaching safepoint: 80633 ns, At safepoint: 3624 ns, Total: 84257 ns
[2023-03-20T22:55:40.549+0000][8][safepoint   ] Safepoint "Cleanup", Time since last: 2010656609 ns, Reaching safepoint: 71517 ns, At safepoint: 3184 ns, Total: 74701 ns
[2023-03-20T22:55:42.555+0000][8][safepoint   ] Safepoint "Cleanup", Time since last: 2006191621 ns, Reaching safepoint: 70463 ns, At safepoint: 3262 ns, Total: 73725 ns
[2023-03-20T22:55:49.569+0000][8][safepoint   ] Safepoint "Cleanup", Time since last: 7014163532 ns, Reaching safepoint: 178492 ns, At safepoint: 3765 ns, Total: 182257 ns
[2023-03-20T22:55:50.570+0000][8][safepoint   ] Safepoint "Cleanup", Time since last: 1000749658 ns, Reaching safepoint: 69472 ns, At safepoint: 3230 ns, Total: 72702 ns
[2023-03-20T22:55:54.574+0000][8][safepoint   ] Safepoint "Cleanup", Time since last: 4003443320 ns, Reaching safepoint: 82066 ns, At safepoint: 3969 ns, Total: 86035 ns
[2023-03-20T22:55:55.574+0000][8][safepoint   ] Safepoint "Cleanup", Time since last: 1000356405 ns, Reaching safepoint: 82668 ns, At safepoint: 5144 ns, Total: 87812 ns
[2023-03-20T22:56:01.583+0000][8][safepoint   ] Safepoint "Cleanup", Time since last: 6008373581 ns, Reaching safepoint: 86188 ns, At safepoint: 3437 ns, Total: 89625 ns
[2023-03-20T22:56:16.609+0000][8][safepoint   ] Safepoint "Cleanup", Time since last: 15026401694 ns, Reaching safepoint: 68947 ns, At safepoint: 2843 ns, Total: 71790 ns
[2023-03-20T22:56:21.621+0000][8][safepoint   ] Safepoint "Cleanup", Time since last: 5011668838 ns, Reaching safepoint: 147451 ns, At safepoint: 10182 ns, Total: 157633 ns
[2023-03-20T22:56:25.628+0000][8][safepoint   ] Safepoint "Cleanup", Time since last: 4007361196 ns, Reaching safepoint: 85100 ns, At safepoint: 3426 ns, Total: 88526 ns
[2023-03-20T22:56:34.643+0000][8][safepoint   ] Safepoint "Cleanup", Time since last: 9014945412 ns, Reaching safepoint: 80396 ns, At safepoint: 3048 ns, Total: 83444 ns
[2023-03-20T22:56:35.645+0000][8][safepoint   ] Safepoint "Cleanup", Time since last: 1002059589 ns, Reaching safepoint: 84440 ns, At safepoint: 4108 ns, Total: 88548 ns
[2023-03-20T22:56:41.861+0000][8][safepoint   ] Safepoint "Cleanup", Time since last: 6215562784 ns, Reaching safepoint: 88118 ns, At safepoint: 2333 ns, Total: 90451 ns
[2023-03-20T22:56:42.921+0000][8][gc,start    ] GC(18) Pause Young (Normal) (G1 Evacuation Pause)
[2023-03-20T22:56:42.921+0000][8][gc,task     ] GC(18) Using 4 workers of 4 for evacuation
[2023-03-20T22:56:42.921+0000][8][gc,age      ] GC(18) Desired survivor size 20971520 bytes, new threshold 3 (max threshold 15)
[2023-03-20T22:56:42.940+0000][8][gc,phases   ] GC(18)   Pre Evacuate Collection Set: 0.1ms
[2023-03-20T22:56:42.941+0000][8][gc,phases   ] GC(18)   Merge Heap Roots: 0.2ms
[2023-03-20T22:56:42.941+0000][8][gc,phases   ] GC(18)   Evacuate Collection Set: 16.4ms
[2023-03-20T22:56:42.941+0000][8][gc,phases   ] GC(18)   Post Evacuate Collection Set: 2.5ms
[2023-03-20T22:56:42.941+0000][8][gc,phases   ] GC(18)   Other: 0.2ms
[2023-03-20T22:56:42.941+0000][8][gc,age      ] GC(18) Age table with threshold 3 (max threshold 15)
[2023-03-20T22:56:42.941+0000][8][gc,age      ] GC(18) - age   1:    3115496 bytes,    3115496 total
[2023-03-20T22:56:42.941+0000][8][gc,age      ] GC(18) - age   2:    4094432 bytes,    7209928 total
[2023-03-20T22:56:42.941+0000][8][gc,age      ] GC(18) - age   3:   13902824 bytes,   21112752 total
[2023-03-20T22:56:42.941+0000][8][gc,heap     ] GC(18) Eden regions: 70->0(70)
[2023-03-20T22:56:42.941+0000][8][gc,heap     ] GC(18) Survivor regions: 6->6(10)
[2023-03-20T22:56:42.941+0000][8][gc,heap     ] GC(18) Old regions: 13->14
[2023-03-20T22:56:42.941+0000][8][gc,heap     ] GC(18) Archive regions: 2->2
[2023-03-20T22:56:42.941+0000][8][gc,heap     ] GC(18) Humongous regions: 2->2
[2023-03-20T22:56:42.941+0000][8][gc,metaspace] GC(18) Metaspace: 106133K(108800K)->106133K(108800K) NonClass: 91779K(93184K)->91779K(93184K) Class: 14354K(15616K)->14354K(15616K)
[2023-03-20T22:56:42.941+0000][8][gc          ] GC(18) Pause Young (Normal) (G1 Evacuation Pause) 362M->87M(512M) 20.607ms
[2023-03-20T22:56:42.941+0000][8][gc,cpu      ] GC(18) User=0.03s Sys=0.01s Real=0.02s
[2023-03-20T22:56:42.941+0000][8][safepoint   ] Safepoint "G1CollectForAllocation", Time since last: 1059281993 ns, Reaching safepoint: 117357 ns, At safepoint: 20777359 ns, Total: 20894716 ns
[2023-03-20T22:56:43.956+0000][8][safepoint   ] Safepoint "Cleanup", Time since last: 1014297652 ns, Reaching safepoint: 564588 ns, At safepoint: 7941 ns, Total: 572529 ns
[2023-03-20T22:56:44.958+0000][8][safepoint   ] Safepoint "Cleanup", Time since last: 1001476515 ns, Reaching safepoint: 246859 ns, At safepoint: 181098 ns, Total: 427957 ns
[2023-03-20T22:56:46.028+0000][8][safepoint   ] Safepoint "Cleanup", Time since last: 1070119927 ns, Reaching safepoint: 213462 ns, At safepoint: 5407 ns, Total: 218869 ns
[2023-03-20T22:56:47.029+0000][8][safepoint   ] Safepoint "Cleanup", Time since last: 1000604914 ns, Reaching safepoint: 151049 ns, At safepoint: 12603 ns, Total: 163652 ns
[2023-03-20T22:56:48.030+0000][8][safepoint   ] Safepoint "Cleanup", Time since last: 1000307294 ns, Reaching safepoint: 162350 ns, At safepoint: 8105 ns, Total: 170455 ns
[2023-03-20T22:56:49.031+0000][8][safepoint   ] Safepoint "Cleanup", Time since last: 1000920568 ns, Reaching safepoint: 115957 ns, At safepoint: 4492 ns, Total: 120449 ns
[2023-03-20T22:56:52.037+0000][8][safepoint   ] Safepoint "Cleanup", Time since last: 3006021424 ns, Reaching safepoint: 134328 ns, At safepoint: 3634 ns, Total: 137962 ns
[2023-03-20T22:56:56.042+0000][8][safepoint   ] Safepoint "Cleanup", Time since last: 4005348086 ns, Reaching safepoint: 123049 ns, At safepoint: 4169 ns, Total: 127218 ns
[2023-03-20T22:56:58.047+0000][8][safepoint   ] Safepoint "Cleanup", Time since last: 2004649737 ns, Reaching safepoint: 169778 ns, At safepoint: 2952 ns, Total: 172730 ns
[2023-03-20T22:56:59.048+0000][8][safepoint   ] Safepoint "Cleanup", Time since last: 1000828055 ns, Reaching safepoint: 223771 ns, At safepoint: 3614 ns, Total: 227385 ns
[2023-03-20T22:57:01.066+0000][8][safepoint   ] Safepoint "Cleanup", Time since last: 2017332677 ns, Reaching safepoint: 104401 ns, At safepoint: 3773 ns, Total: 108174 ns
[2023-03-20T22:57:02.068+0000][8][safepoint   ] Safepoint "Cleanup", Time since last: 1001883971 ns, Reaching safepoint: 436875 ns, At safepoint: 6550 ns, Total: 443425 ns
[2023-03-20T22:57:03.069+0000][8][safepoint   ] Safepoint "Cleanup", Time since last: 1000204887 ns, Reaching safepoint: 317747 ns, At safepoint: 9810 ns, Total: 327557 ns
[2023-03-20T22:57:05.069+0000][8][safepoint   ] Safepoint "Cleanup", Time since last: 2000644454 ns, Reaching safepoint: 79624 ns, At safepoint: 3914 ns, Total: 83538 ns
[2023-03-20T22:57:07.072+0000][8][safepoint   ] Safepoint "Cleanup", Time since last: 2002179876 ns, Reaching safepoint: 110533 ns, At safepoint: 182488 ns, Total: 293021 ns
[2023-03-20T22:57:08.231+0000][8][safepoint   ] Safepoint "Cleanup", Time since last: 1159114486 ns, Reaching safepoint: 165299 ns, At safepoint: 3802 ns, Total: 169101 ns
[2023-03-20T22:57:09.232+0000][8][safepoint   ] Safepoint "Cleanup", Time since last: 1000735716 ns, Reaching safepoint: 186889 ns, At safepoint: 4773 ns, Total: 191662 ns
[2023-03-20T22:57:10.233+0000][8][safepoint   ] Safepoint "Cleanup", Time since last: 1000957414 ns, Reaching safepoint: 83634 ns, At safepoint: 3884 ns, Total: 87518 ns
[2023-03-20T22:57:11.233+0000][8][safepoint   ] Safepoint "Cleanup", Time since last: 1000323467 ns, Reaching safepoint: 139024 ns, At safepoint: 3633 ns, Total: 142657 ns
[2023-03-20T22:57:12.234+0000][8][safepoint   ] Safepoint "Cleanup", Time since last: 1000392396 ns, Reaching safepoint: 69268 ns, At safepoint: 3553 ns, Total: 72821 ns
[2023-03-20T22:57:13.244+0000][8][safepoint   ] Safepoint "Cleanup", Time since last: 1009674355 ns, Reaching safepoint: 56856 ns, At safepoint: 2208 ns, Total: 59064 ns
[2023-03-20T22:57:14.246+0000][8][safepoint   ] Safepoint "Cleanup", Time since last: 1002542993 ns, Reaching safepoint: 108504 ns, At safepoint: 3417 ns, Total: 111921 ns
[2023-03-20T22:57:15.248+0000][8][safepoint   ] Safepoint "Cleanup", Time since last: 1001611545 ns, Reaching safepoint: 52761 ns, At safepoint: 2561 ns, Total: 55322 ns
[2023-03-20T22:57:16.248+0000][8][safepoint   ] Safepoint "Cleanup", Time since last: 1000262504 ns, Reaching safepoint: 64962 ns, At safepoint: 2554 ns, Total: 67516 ns
[2023-03-20T22:57:20.252+0000][8][safepoint   ] Safepoint "Cleanup", Time since last: 4003177650 ns, Reaching safepoint: 44785 ns, At safepoint: 2253 ns, Total: 47038 ns
[2023-03-20T22:57:22.253+0000][8][safepoint   ] Safepoint "Cleanup", Time since last: 2001672265 ns, Reaching safepoint: 46338 ns, At safepoint: 2615 ns, Total: 48953 ns
[2023-03-20T22:57:23.254+0000][8][safepoint   ] Safepoint "Cleanup", Time since last: 1000873362 ns, Reaching safepoint: 49121 ns, At safepoint: 2111 ns, Total: 51232 ns
[2023-03-20T22:57:25.255+0000][8][safepoint   ] Safepoint "Cleanup", Time since last: 2000609936 ns, Reaching safepoint: 179180 ns, At safepoint: 3215 ns, Total: 182395 ns
[2023-03-20T22:57:26.256+0000][8][safepoint   ] Safepoint "Cleanup", Time since last: 1000832311 ns, Reaching safepoint: 66099 ns, At safepoint: 3056 ns, Total: 69155 ns
[2023-03-20T22:57:29.259+0000][8][safepoint   ] Safepoint "Cleanup", Time since last: 3002587244 ns, Reaching safepoint: 49407 ns, At safepoint: 3124 ns, Total: 52531 ns
[2023-03-20T22:57:31.262+0000][8][safepoint   ] Safepoint "Cleanup", Time since last: 2003424140 ns, Reaching safepoint: 54633 ns, At safepoint: 2863 ns, Total: 57496 ns
[2023-03-20T22:57:32.263+0000][8][safepoint   ] Safepoint "Cleanup", Time since last: 1000488509 ns, Reaching safepoint: 84266 ns, At safepoint: 4014 ns, Total: 88280 ns
[2023-03-20T22:57:34.265+0000][8][safepoint   ] Safepoint "Cleanup", Time since last: 2002057850 ns, Reaching safepoint: 83078 ns, At safepoint: 3506 ns, Total: 86584 ns
[2023-03-20T22:57:35.266+0000][8][safepoint   ] Safepoint "Cleanup", Time since last: 1000831349 ns, Reaching safepoint: 75282 ns, At safepoint: 3709 ns, Total: 78991 ns
[2023-03-20T22:57:37.267+0000][8][safepoint   ] Safepoint "Cleanup", Time since last: 2001719963 ns, Reaching safepoint: 67227 ns, At safepoint: 3088 ns, Total: 70315 ns
[2023-03-20T22:57:38.269+0000][8][safepoint   ] Safepoint "Cleanup", Time since last: 1001367561 ns, Reaching safepoint: 78513 ns, At safepoint: 3799 ns, Total: 82312 ns
[2023-03-20T22:57:40.271+0000][8][safepoint   ] Safepoint "Cleanup", Time since last: 2001866056 ns, Reaching safepoint: 99553 ns, At safepoint: 3312 ns, Total: 102865 ns
[2023-03-20T22:57:41.272+0000][8][safepoint   ] Safepoint "Cleanup", Time since last: 1000976302 ns, Reaching safepoint: 105292 ns, At safepoint: 4012 ns, Total: 109304 ns
[2023-03-20T22:57:44.274+0000][8][safepoint   ] Safepoint "Cleanup", Time since last: 3001583647 ns, Reaching safepoint: 83148 ns, At safepoint: 3413 ns, Total: 86561 ns
[2023-03-20T22:57:47.276+0000][8][safepoint   ] Safepoint "Cleanup", Time since last: 3001903222 ns, Reaching safepoint: 46805 ns, At safepoint: 2665 ns, Total: 49470 ns
[2023-03-20T22:57:49.277+0000][8][safepoint   ] Safepoint "Cleanup", Time since last: 2000410294 ns, Reaching safepoint: 569041 ns, At safepoint: 7146 ns, Total: 576187 ns
[2023-03-20T22:57:50.279+0000][8][safepoint   ] Safepoint "Cleanup", Time since last: 1002449865 ns, Reaching safepoint: 79830 ns, At safepoint: 3264 ns, Total: 83094 ns
[2023-03-20T22:57:52.282+0000][8][safepoint   ] Safepoint "Cleanup", Time since last: 2002519326 ns, Reaching safepoint: 140116 ns, At safepoint: 3656 ns, Total: 143772 ns
[2023-03-20T22:57:55.285+0000][8][safepoint   ] Safepoint "Cleanup", Time since last: 3003263846 ns, Reaching safepoint: 119024 ns, At safepoint: 3606 ns, Total: 122630 ns
[2023-03-20T22:57:56.286+0000][8][safepoint   ] Safepoint "Cleanup", Time since last: 1000309669 ns, Reaching safepoint: 165368 ns, At safepoint: 26373 ns, Total: 191741 ns
[2023-03-20T22:57:57.287+0000][8][safepoint   ] Safepoint "Cleanup", Time since last: 1001089231 ns, Reaching safepoint: 97711 ns, At safepoint: 3321 ns, Total: 101032 ns
[2023-03-20T22:57:59.290+0000][8][safepoint   ] Safepoint "Cleanup", Time since last: 2002694735 ns, Reaching safepoint: 75973 ns, At safepoint: 3419 ns, Total: 79392 ns
[2023-03-20T22:58:00.296+0000][8][safepoint   ] Safepoint "Cleanup", Time since last: 1006664840 ns, Reaching safepoint: 67901 ns, At safepoint: 3231 ns, Total: 71132 ns
[2023-03-20T22:58:01.298+0000][8][safepoint   ] Safepoint "Cleanup", Time since last: 1001200211 ns, Reaching safepoint: 49031 ns, At safepoint: 4118 ns, Total: 53149 ns
[2023-03-20T22:58:03.299+0000][8][safepoint   ] Safepoint "Cleanup", Time since last: 2001030859 ns, Reaching safepoint: 193660 ns, At safepoint: 76061 ns, Total: 269721 ns
[2023-03-20T22:58:05.302+0000][8][safepoint   ] Safepoint "Cleanup", Time since last: 2002673991 ns, Reaching safepoint: 72779 ns, At safepoint: 3768 ns, Total: 76547 ns
[2023-03-20T22:58:07.302+0000][8][safepoint   ] Safepoint "Cleanup", Time since last: 2000365190 ns, Reaching safepoint: 153200 ns, At safepoint: 2833 ns, Total: 156033 ns
[2023-03-20T22:58:08.303+0000][8][safepoint   ] Safepoint "Cleanup", Time since last: 1000765844 ns, Reaching safepoint: 76582 ns, At safepoint: 4797 ns, Total: 81379 ns
[2023-03-20T22:58:11.305+0000][8][safepoint   ] Safepoint "Cleanup", Time since last: 3002118466 ns, Reaching safepoint: 70543 ns, At safepoint: 3224 ns, Total: 73767 ns
[2023-03-20T22:58:12.307+0000][8][safepoint   ] Safepoint "Cleanup", Time since last: 1001481539 ns, Reaching safepoint: 68590 ns, At safepoint: 3680 ns, Total: 72270 ns
[2023-03-20T22:58:13.307+0000][8][safepoint   ] Safepoint "Cleanup", Time since last: 1000419293 ns, Reaching safepoint: 210974 ns, At safepoint: 40158 ns, Total: 251132 ns
[2023-03-20T22:58:15.309+0000][8][safepoint   ] Safepoint "Cleanup", Time since last: 2001855610 ns, Reaching safepoint: 65294 ns, At safepoint: 27851 ns, Total: 93145 ns
[2023-03-20T22:58:16.310+0000][8][safepoint   ] Safepoint "Cleanup", Time since last: 1001002946 ns, Reaching safepoint: 69636 ns, At safepoint: 3728 ns, Total: 73364 ns
[2023-03-20T22:58:17.311+0000][8][safepoint   ] Safepoint "Cleanup", Time since last: 1000695584 ns, Reaching safepoint: 92859 ns, At safepoint: 4439 ns, Total: 97298 ns
[2023-03-20T22:58:19.315+0000][8][safepoint   ] Safepoint "Cleanup", Time since last: 2003781162 ns, Reaching safepoint: 89422 ns, At safepoint: 3490 ns, Total: 92912 ns
[2023-03-20T22:58:22.323+0000][8][safepoint   ] Safepoint "Cleanup", Time since last: 3007406520 ns, Reaching safepoint: 61337 ns, At safepoint: 2925 ns, Total: 64262 ns
[2023-03-20T22:58:23.324+0000][8][safepoint   ] Safepoint "Cleanup", Time since last: 1000552605 ns, Reaching safepoint: 420556 ns, At safepoint: 5277 ns, Total: 425833 ns
[2023-03-20T22:58:24.328+0000][8][safepoint   ] Safepoint "Cleanup", Time since last: 1003851297 ns, Reaching safepoint: 156399 ns, At safepoint: 23520 ns, Total: 179919 ns
[2023-03-20T22:58:25.336+0000][8][safepoint   ] Safepoint "Cleanup", Time since last: 1008347486 ns, Reaching safepoint: 64098 ns, At safepoint: 3251 ns, Total: 67349 ns
[2023-03-20T22:58:27.337+0000][8][safepoint   ] Safepoint "Cleanup", Time since last: 2001264950 ns, Reaching safepoint: 79886 ns, At safepoint: 3321 ns, Total: 83207 ns
[2023-03-20T22:58:28.338+0000][8][safepoint   ] Safepoint "Cleanup", Time since last: 1000916429 ns, Reaching safepoint: 68262 ns, At safepoint: 3093 ns, Total: 71355 ns
[2023-03-20T22:58:31.340+0000][8][safepoint   ] Safepoint "Cleanup", Time since last: 3001676965 ns, Reaching safepoint: 71500 ns, At safepoint: 3579 ns, Total: 75079 ns
[2023-03-20T22:58:34.342+0000][8][safepoint   ] Safepoint "Cleanup", Time since last: 3002101403 ns, Reaching safepoint: 97184 ns, At safepoint: 3108 ns, Total: 100292 ns
[2023-03-20T22:58:35.343+0000][8][safepoint   ] Safepoint "Cleanup", Time since last: 1000341615 ns, Reaching safepoint: 88313 ns, At safepoint: 5862 ns, Total: 94175 ns
[2023-03-20T22:58:38.348+0000][8][safepoint   ] Safepoint "Cleanup", Time since last: 3005392702 ns, Reaching safepoint: 53763 ns, At safepoint: 2991 ns, Total: 56754 ns
[2023-03-20T22:58:39.349+0000][8][safepoint   ] Safepoint "Cleanup", Time since last: 1000470898 ns, Reaching safepoint: 97772 ns, At safepoint: 4053 ns, Total: 101825 ns
[2023-03-20T22:58:45.352+0000][8][safepoint   ] Safepoint "Cleanup", Time since last: 6003006285 ns, Reaching safepoint: 73652 ns, At safepoint: 3148 ns, Total: 76800 ns
[2023-03-20T22:58:47.353+0000][8][safepoint   ] Safepoint "Cleanup", Time since last: 2001600360 ns, Reaching safepoint: 60349 ns, At safepoint: 2278 ns, Total: 62627 ns
[2023-03-20T22:58:48.830+0000][8][safepoint   ] Safepoint "Cleanup", Time since last: 1476381177 ns, Reaching safepoint: 70301 ns, At safepoint: 27244 ns, Total: 97545 ns
[2023-03-20T22:58:49.830+0000][8][safepoint   ] Safepoint "Cleanup", Time since last: 1000197566 ns, Reaching safepoint: 128911 ns, At safepoint: 4038 ns, Total: 132949 ns
[2023-03-20T22:58:51.832+0000][8][safepoint   ] Safepoint "Cleanup", Time since last: 2001138969 ns, Reaching safepoint: 63699 ns, At safepoint: 32982 ns, Total: 96681 ns
[2023-03-20T22:58:54.834+0000][8][safepoint   ] Safepoint "Cleanup", Time since last: 3002723591 ns, Reaching safepoint: 106616 ns, At safepoint: 2578 ns, Total: 109194 ns
[2023-03-20T22:59:00.843+0000][8][safepoint   ] Safepoint "Cleanup", Time since last: 6008622714 ns, Reaching safepoint: 51140 ns, At safepoint: 2558 ns, Total: 53698 ns
[2023-03-20T22:59:12.861+0000][8][safepoint   ] Safepoint "Cleanup", Time since last: 12017879988 ns, Reaching safepoint: 72419 ns, At safepoint: 2732 ns, Total: 75151 ns
[2023-03-20T22:59:17.865+0000][8][safepoint   ] Safepoint "Cleanup", Time since last: 5003775345 ns, Reaching safepoint: 48023 ns, At safepoint: 2770 ns, Total: 50793 ns
[2023-03-20T22:59:18.871+0000][8][safepoint   ] Safepoint "Cleanup", Time since last: 1006142439 ns, Reaching safepoint: 308019 ns, At safepoint: 7829 ns, Total: 315848 ns
[2023-03-20T22:59:21.876+0000][8][safepoint   ] Safepoint "Cleanup", Time since last: 3002706442 ns, Reaching safepoint: 2463847 ns, At safepoint: 16873 ns, Total: 2480720 ns
[2023-03-20T22:59:23.883+0000][8][safepoint   ] Safepoint "Cleanup", Time since last: 2003285854 ns, Reaching safepoint: 2912456 ns, At safepoint: 51421 ns, Total: 2963877 ns
[2023-03-20T22:59:27.894+0000][8][safepoint   ] Safepoint "Cleanup", Time since last: 4008407186 ns, Reaching safepoint: 866931 ns, At safepoint: 2181179 ns, Total: 3048110 ns
[2023-03-20T22:59:29.899+0000][8][safepoint   ] Safepoint "Cleanup", Time since last: 2004734522 ns, Reaching safepoint: 48569 ns, At safepoint: 3040 ns, Total: 51609 ns
[2023-03-20T22:59:32.903+0000][8][safepoint   ] Safepoint "Cleanup", Time since last: 3004436574 ns, Reaching safepoint: 56372 ns, At safepoint: 3039 ns, Total: 59411 ns
[2023-03-20T22:59:33.904+0000][8][safepoint   ] Safepoint "Cleanup", Time since last: 1000569498 ns, Reaching safepoint: 127946 ns, At safepoint: 3988 ns, Total: 131934 ns
[2023-03-20T22:59:35.928+0000][8][safepoint   ] Safepoint "Cleanup", Time since last: 2023792989 ns, Reaching safepoint: 134835 ns, At safepoint: 3687 ns, Total: 138522 ns
[2023-03-20T22:59:39.933+0000][8][safepoint   ] Safepoint "Cleanup", Time since last: 4004910628 ns, Reaching safepoint: 125133 ns, At safepoint: 4185 ns, Total: 129318 ns
[2023-03-20T22:59:41.936+0000][8][safepoint   ] Safepoint "Cleanup", Time since last: 2003229237 ns, Reaching safepoint: 61491 ns, At safepoint: 1972 ns, Total: 63463 ns
[2023-03-20T22:59:44.938+0000][8][safepoint   ] Safepoint "Cleanup", Time since last: 3001526467 ns, Reaching safepoint: 109443 ns, At safepoint: 3647 ns, Total: 113090 ns
[2023-03-20T22:59:45.941+0000][8][safepoint   ] Safepoint "Cleanup", Time since last: 1002740752 ns, Reaching safepoint: 72033 ns, At safepoint: 4756 ns, Total: 76789 ns
[2023-03-20T22:59:46.942+0000][8][safepoint   ] Safepoint "Cleanup", Time since last: 1001522392 ns, Reaching safepoint: 77255 ns, At safepoint: 3329 ns, Total: 80584 ns
[2023-03-20T22:59:47.943+0000][8][safepoint   ] Safepoint "Cleanup", Time since last: 1000924371 ns, Reaching safepoint: 72138 ns, At safepoint: 3092 ns, Total: 75230 ns
[2023-03-20T22:59:48.946+0000][8][safepoint   ] Safepoint "Cleanup", Time since last: 1002385638 ns, Reaching safepoint: 88358 ns, At safepoint: 3536 ns, Total: 91894 ns
[2023-03-20T22:59:50.948+0000][8][safepoint   ] Safepoint "Cleanup", Time since last: 2001457748 ns, Reaching safepoint: 156642 ns, At safepoint: 3398 ns, Total: 160040 ns
[2023-03-20T22:59:53.955+0000][8][safepoint   ] Safepoint "Cleanup", Time since last: 3006862307 ns, Reaching safepoint: 74869 ns, At safepoint: 3183 ns, Total: 78052 ns
[2023-03-20T22:59:54.960+0000][8][safepoint   ] Safepoint "Cleanup", Time since last: 1005596849 ns, Reaching safepoint: 63433 ns, At safepoint: 3060 ns, Total: 66493 ns
[2023-03-20T22:59:56.962+0000][8][safepoint   ] Safepoint "Cleanup", Time since last: 2002192739 ns, Reaching safepoint: 69344 ns, At safepoint: 3559 ns, Total: 72903 ns
[2023-03-20T22:59:57.964+0000][8][safepoint   ] Safepoint "Cleanup", Time since last: 1001283531 ns, Reaching safepoint: 214223 ns, At safepoint: 7645 ns, Total: 221868 ns
[2023-03-20T22:59:59.969+0000][8][safepoint   ] Safepoint "Cleanup", Time since last: 2005243655 ns, Reaching safepoint: 62254 ns, At safepoint: 2637 ns, Total: 64891 ns
[2023-03-20T23:00:00.970+0000][8][safepoint   ] Safepoint "Cleanup", Time since last: 1000377243 ns, Reaching safepoint: 20274 ns, At safepoint: 5662 ns, Total: 25936 ns
[2023-03-20T23:00:02.972+0000][8][safepoint   ] Safepoint "Cleanup", Time since last: 2002668435 ns, Reaching safepoint: 101354 ns, At safepoint: 3420 ns, Total: 104774 ns
[2023-03-20T23:00:03.974+0000][8][safepoint   ] Safepoint "Cleanup", Time since last: 1001768292 ns, Reaching safepoint: 69460 ns, At safepoint: 3608 ns, Total: 73068 ns
[2023-03-20T23:00:05.975+0000][8][safepoint   ] Safepoint "Cleanup", Time since last: 2000367730 ns, Reaching safepoint: 97288 ns, At safepoint: 3762 ns, Total: 101050 ns
[2023-03-20T23:00:06.975+0000][8][safepoint   ] Safepoint "Cleanup", Time since last: 1000567553 ns, Reaching safepoint: 58781 ns, At safepoint: 2847 ns, Total: 61628 ns
[2023-03-20T23:00:09.983+0000][8][safepoint   ] Safepoint "Cleanup", Time since last: 3007936633 ns, Reaching safepoint: 72156 ns, At safepoint: 3548 ns, Total: 75704 ns
[2023-03-20T23:00:10.984+0000][8][safepoint   ] Safepoint "Cleanup", Time since last: 1001011968 ns, Reaching safepoint: 88051 ns, At safepoint: 3293 ns, Total: 91344 ns
[2023-03-20T23:00:11.985+0000][8][safepoint   ] Safepoint "Cleanup", Time since last: 1000508375 ns, Reaching safepoint: 87553 ns, At safepoint: 4224 ns, Total: 91777 ns
[2023-03-20T23:00:13.987+0000][8][safepoint   ] Safepoint "Cleanup", Time since last: 2001435150 ns, Reaching safepoint: 86592 ns, At safepoint: 4012 ns, Total: 90604 ns
[2023-03-20T23:00:14.987+0000][8][safepoint   ] Safepoint "Cleanup", Time since last: 1000737091 ns, Reaching safepoint: 66209 ns, At safepoint: 4005 ns, Total: 70214 ns
[2023-03-20T23:00:16.989+0000][8][safepoint   ] Safepoint "Cleanup", Time since last: 2001210154 ns, Reaching safepoint: 77052 ns, At safepoint: 3782 ns, Total: 80834 ns
[2023-03-20T23:00:17.991+0000][8][safepoint   ] Safepoint "Cleanup", Time since last: 1001904623 ns, Reaching safepoint: 94083 ns, At safepoint: 4475 ns, Total: 98558 ns
[2023-03-20T23:00:24.001+0000][8][safepoint   ] Safepoint "Cleanup", Time since last: 6009967386 ns, Reaching safepoint: 93026 ns, At safepoint: 7220 ns, Total: 100246 ns
[2023-03-20T23:00:27.002+0000][8][safepoint   ] Safepoint "Cleanup", Time since last: 3000876920 ns, Reaching safepoint: 81087 ns, At safepoint: 3088 ns, Total: 84175 ns
[2023-03-20T23:00:32.006+0000][8][safepoint   ] Safepoint "Cleanup", Time since last: 5003814778 ns, Reaching safepoint: 74574 ns, At safepoint: 3169 ns, Total: 77743 ns
[2023-03-20T23:00:33.008+0000][8][safepoint   ] Safepoint "Cleanup", Time since last: 1001699775 ns, Reaching safepoint: 262582 ns, At safepoint: 3721 ns, Total: 266303 ns
[2023-03-20T23:00:35.011+0000][8][safepoint   ] Safepoint "Cleanup", Time since last: 2003020729 ns, Reaching safepoint: 100366 ns, At safepoint: 3169 ns, Total: 103535 ns
[2023-03-20T23:00:41.017+0000][8][safepoint   ] Safepoint "Cleanup", Time since last: 6005911138 ns, Reaching safepoint: 98455 ns, At safepoint: 4865 ns, Total: 103320 ns
[2023-03-20T23:00:45.021+0000][8][safepoint   ] Safepoint "Cleanup", Time since last: 4004560381 ns, Reaching safepoint: 76904 ns, At safepoint: 2714 ns, Total: 79618 ns
[2023-03-20T23:00:48.026+0000][8][safepoint   ] Safepoint "Cleanup", Time since last: 3004326571 ns, Reaching safepoint: 67637 ns, At safepoint: 2767 ns, Total: 70404 ns
[2023-03-20T23:00:50.029+0000][8][safepoint   ] Safepoint "Cleanup", Time since last: 2003063568 ns, Reaching safepoint: 111391 ns, At safepoint: 4170 ns, Total: 115561 ns
[2023-03-20T23:00:53.030+0000][8][safepoint   ] Safepoint "Cleanup", Time since last: 3001311317 ns, Reaching safepoint: 92078 ns, At safepoint: 4325 ns, Total: 96403 ns
[2023-03-20T23:00:56.033+0000][8][safepoint   ] Safepoint "Cleanup", Time since last: 3002790817 ns, Reaching safepoint: 98022 ns, At safepoint: 4201 ns, Total: 102223 ns
[2023-03-20T23:00:57.035+0000][8][safepoint   ] Safepoint "Cleanup", Time since last: 1001163955 ns, Reaching safepoint: 91473 ns, At safepoint: 3187 ns, Total: 94660 ns
[2023-03-20T23:00:59.036+0000][8][safepoint   ] Safepoint "Cleanup", Time since last: 2001303839 ns, Reaching safepoint: 81936 ns, At safepoint: 3312 ns, Total: 85248 ns
[2023-03-20T23:01:00.037+0000][8][safepoint   ] Safepoint "Cleanup", Time since last: 1001466412 ns, Reaching safepoint: 103924 ns, At safepoint: 4420 ns, Total: 108344 ns
[2023-03-20T23:01:02.042+0000][8][safepoint   ] Safepoint "Cleanup", Time since last: 2004558283 ns, Reaching safepoint: 113282 ns, At safepoint: 3120 ns, Total: 116402 ns
[2023-03-20T23:01:10.051+0000][8][safepoint   ] Safepoint "Cleanup", Time since last: 8008312810 ns, Reaching safepoint: 89118 ns, At safepoint: 3522 ns, Total: 92640 ns
[2023-03-20T23:01:14.055+0000][8][safepoint   ] Safepoint "Cleanup", Time since last: 4004260733 ns, Reaching safepoint: 111838 ns, At safepoint: 3536 ns, Total: 115374 ns
[2023-03-20T23:01:18.068+0000][8][safepoint   ] Safepoint "Cleanup", Time since last: 4012649886 ns, Reaching safepoint: 110230 ns, At safepoint: 4781 ns, Total: 115011 ns
[2023-03-20T23:01:35.100+0000][8][safepoint   ] Safepoint "Cleanup", Time since last: 17031782685 ns, Reaching safepoint: 116410 ns, At safepoint: 4444 ns, Total: 120854 ns
[2023-03-20T23:01:36.112+0000][8][safepoint   ] Safepoint "Cleanup", Time since last: 1012026954 ns, Reaching safepoint: 388279 ns, At safepoint: 110370 ns, Total: 498649 ns
[2023-03-20T23:01:37.112+0000][8][safepoint   ] Safepoint "Cleanup", Time since last: 1000178836 ns, Reaching safepoint: 100747 ns, At safepoint: 4452 ns, Total: 105199 ns
[2023-03-20T23:01:39.113+0000][8][safepoint   ] Safepoint "Cleanup", Time since last: 2000586899 ns, Reaching safepoint: 139100 ns, At safepoint: 6658 ns, Total: 145758 ns
[2023-03-20T23:01:41.116+0000][8][safepoint   ] Safepoint "Cleanup", Time since last: 2002142160 ns, Reaching safepoint: 481230 ns, At safepoint: 6111 ns, Total: 487341 ns
[2023-03-20T23:01:45.121+0000][8][safepoint   ] Safepoint "Cleanup", Time since last: 4004631309 ns, Reaching safepoint: 193391 ns, At safepoint: 3723 ns, Total: 197114 ns
[2023-03-20T23:01:49.905+0000][8][gc,start    ] GC(19) Pause Young (Normal) (G1 Evacuation Pause)
[2023-03-20T23:01:49.906+0000][8][gc,task     ] GC(19) Using 4 workers of 4 for evacuation
[2023-03-20T23:01:49.906+0000][8][gc,age      ] GC(19) Desired survivor size 20971520 bytes, new threshold 3 (max threshold 15)
[2023-03-20T23:01:49.971+0000][8][gc,phases   ] GC(19)   Pre Evacuate Collection Set: 0.4ms
[2023-03-20T23:01:49.971+0000][8][gc,phases   ] GC(19)   Merge Heap Roots: 0.1ms
[2023-03-20T23:01:49.971+0000][8][gc,phases   ] GC(19)   Evacuate Collection Set: 53.1ms
[2023-03-20T23:01:49.971+0000][8][gc,phases   ] GC(19)   Post Evacuate Collection Set: 11.2ms
[2023-03-20T23:01:49.971+0000][8][gc,phases   ] GC(19)   Other: 0.1ms
[2023-03-20T23:01:49.971+0000][8][gc,age      ] GC(19) Age table with threshold 3 (max threshold 15)
[2023-03-20T23:01:49.971+0000][8][gc,age      ] GC(19) - age   1:    2599200 bytes,    2599200 total
[2023-03-20T23:01:49.971+0000][8][gc,age      ] GC(19) - age   2:    2579408 bytes,    5178608 total
[2023-03-20T23:01:49.971+0000][8][gc,age      ] GC(19) - age   3:    4093656 bytes,    9272264 total
[2023-03-20T23:01:49.971+0000][8][gc,heap     ] GC(19) Eden regions: 70->0(73)
[2023-03-20T23:01:49.971+0000][8][gc,heap     ] GC(19) Survivor regions: 6->3(10)
[2023-03-20T23:01:49.971+0000][8][gc,heap     ] GC(19) Old regions: 14->17
[2023-03-20T23:01:49.971+0000][8][gc,heap     ] GC(19) Archive regions: 2->2
[2023-03-20T23:01:49.971+0000][8][gc,heap     ] GC(19) Humongous regions: 2->2
[2023-03-20T23:01:49.971+0000][8][gc,metaspace] GC(19) Metaspace: 109170K(111872K)->109170K(111872K) NonClass: 94664K(96064K)->94664K(96064K) Class: 14506K(15808K)->14506K(15808K)
[2023-03-20T23:01:49.971+0000][8][gc          ] GC(19) Pause Young (Normal) (G1 Evacuation Pause) 367M->89M(512M) 65.252ms
[2023-03-20T23:01:49.971+0000][8][gc,cpu      ] GC(19) User=0.07s Sys=0.01s Real=0.06s
[2023-03-20T23:01:49.971+0000][8][safepoint   ] Safepoint "G1CollectForAllocation", Time since last: 4783264679 ns, Reaching safepoint: 1586090 ns, At safepoint: 65395868 ns, Total: 66981958 ns
[2023-03-20T23:01:51.087+0000][8][safepoint   ] Safepoint "Cleanup", Time since last: 1116368218 ns, Reaching safepoint: 215547 ns, At safepoint: 2401 ns, Total: 217948 ns
[2023-03-20T23:01:52.092+0000][8][safepoint   ] Safepoint "Cleanup", Time since last: 1004044422 ns, Reaching safepoint: 611247 ns, At safepoint: 36840 ns, Total: 648087 ns
[2023-03-20T23:01:56.097+0000][8][safepoint   ] Safepoint "Cleanup", Time since last: 4005093875 ns, Reaching safepoint: 68281 ns, At safepoint: 2893 ns, Total: 71174 ns
[2023-03-20T23:01:57.098+0000][8][safepoint   ] Safepoint "Cleanup", Time since last: 1000622742 ns, Reaching safepoint: 128687 ns, At safepoint: 4655 ns, Total: 133342 ns
[2023-03-20T23:01:58.100+0000][8][safepoint   ] Safepoint "Cleanup", Time since last: 1001892986 ns, Reaching safepoint: 149624 ns, At safepoint: 30409 ns, Total: 180033 ns
[2023-03-20T23:01:59.101+0000][8][safepoint   ] Safepoint "Cleanup", Time since last: 1000355330 ns, Reaching safepoint: 187675 ns, At safepoint: 3183 ns, Total: 190858 ns
[2023-03-20T23:02:01.522+0000][8][safepoint   ] Safepoint "Cleanup", Time since last: 2420471356 ns, Reaching safepoint: 349708 ns, At safepoint: 52058 ns, Total: 401766 ns
[2023-03-20T23:02:02.774+0000][8][safepoint   ] Safepoint "Cleanup", Time since last: 1251859442 ns, Reaching safepoint: 276871 ns, At safepoint: 32236 ns, Total: 309107 ns
[2023-03-20T23:02:03.775+0000][8][safepoint   ] Safepoint "Cleanup", Time since last: 1000641470 ns, Reaching safepoint: 146640 ns, At safepoint: 99087 ns, Total: 245727 ns
[2023-03-20T23:02:04.784+0000][8][safepoint   ] Safepoint "Cleanup", Time since last: 1009393159 ns, Reaching safepoint: 251120 ns, At safepoint: 33516 ns, Total: 284636 ns
[2023-03-20T23:02:05.788+0000][8][safepoint   ] Safepoint "Cleanup", Time since last: 1003337822 ns, Reaching safepoint: 450584 ns, At safepoint: 3958 ns, Total: 454542 ns
[2023-03-20T23:02:07.792+0000][8][safepoint   ] Safepoint "Cleanup", Time since last: 2003051102 ns, Reaching safepoint: 477221 ns, At safepoint: 337272 ns, Total: 814493 ns
[2023-03-20T23:02:08.792+0000][8][safepoint   ] Safepoint "Cleanup", Time since last: 1000340202 ns, Reaching safepoint: 95002 ns, At safepoint: 3271 ns, Total: 98273 ns
[2023-03-20T23:02:09.793+0000][8][safepoint   ] Safepoint "Cleanup", Time since last: 1000210842 ns, Reaching safepoint: 132135 ns, At safepoint: 4176 ns, Total: 136311 ns
[2023-03-20T23:02:11.793+0000][8][safepoint   ] Safepoint "Cleanup", Time since last: 2000393257 ns, Reaching safepoint: 177945 ns, At safepoint: 5608 ns, Total: 183553 ns
[2023-03-20T23:02:12.800+0000][8][safepoint   ] Safepoint "Cleanup", Time since last: 1006673843 ns, Reaching safepoint: 103474 ns, At safepoint: 3777 ns, Total: 107251 ns
[2023-03-20T23:02:13.800+0000][8][safepoint   ] Safepoint "Cleanup", Time since last: 1000165848 ns, Reaching safepoint: 141122 ns, At safepoint: 4613 ns, Total: 145735 ns
[2023-03-20T23:02:14.801+0000][8][safepoint   ] Safepoint "Cleanup", Time since last: 1000280202 ns, Reaching safepoint: 198536 ns, At safepoint: 5212 ns, Total: 203748 ns
[2023-03-20T23:02:15.816+0000][8][safepoint   ] Safepoint "Cleanup", Time since last: 1014227936 ns, Reaching safepoint: 860215 ns, At safepoint: 7595 ns, Total: 867810 ns
[2023-03-20T23:02:16.817+0000][8][safepoint   ] Safepoint "Cleanup", Time since last: 1000293682 ns, Reaching safepoint: 444326 ns, At safepoint: 34119 ns, Total: 478445 ns
[2023-03-20T23:02:17.825+0000][8][safepoint   ] Safepoint "Cleanup", Time since last: 1008436209 ns, Reaching safepoint: 166264 ns, At safepoint: 67552 ns, Total: 233816 ns
[2023-03-20T23:02:18.829+0000][8][safepoint   ] Safepoint "Cleanup", Time since last: 1003218009 ns, Reaching safepoint: 171902 ns, At safepoint: 4125 ns, Total: 176027 ns
[2023-03-20T23:02:19.830+0000][8][safepoint   ] Safepoint "Cleanup", Time since last: 1000649801 ns, Reaching safepoint: 972791 ns, At safepoint: 30239 ns, Total: 1003030 ns
[2023-03-20T23:02:20.835+0000][8][safepoint   ] Safepoint "Cleanup", Time since last: 1004442933 ns, Reaching safepoint: 167501 ns, At safepoint: 48810 ns, Total: 216311 ns
[2023-03-20T23:02:21.837+0000][8][safepoint   ] Safepoint "Cleanup", Time since last: 1001457442 ns, Reaching safepoint: 88640 ns, At safepoint: 4102 ns, Total: 92742 ns
[2023-03-20T23:02:22.837+0000][8][safepoint   ] Safepoint "Cleanup", Time since last: 1000440302 ns, Reaching safepoint: 71507 ns, At safepoint: 4565 ns, Total: 76072 ns
[2023-03-20T23:02:23.839+0000][8][safepoint   ] Safepoint "Cleanup", Time since last: 1001418332 ns, Reaching safepoint: 65684 ns, At safepoint: 3067 ns, Total: 68751 ns
[2023-03-20T23:02:24.192+0000][8][gc,start    ] GC(20) Pause Young (Normal) (G1 Evacuation Pause)
[2023-03-20T23:02:24.192+0000][8][gc,task     ] GC(20) Using 4 workers of 4 for evacuation
[2023-03-20T23:02:24.192+0000][8][gc,age      ] GC(20) Desired survivor size 20971520 bytes, new threshold 15 (max threshold 15)
[2023-03-20T23:02:24.206+0000][8][gc,phases   ] GC(20)   Pre Evacuate Collection Set: 0.3ms
[2023-03-20T23:02:24.206+0000][8][gc,phases   ] GC(20)   Merge Heap Roots: 0.1ms
[2023-03-20T23:02:24.206+0000][8][gc,phases   ] GC(20)   Evacuate Collection Set: 11.4ms
[2023-03-20T23:02:24.206+0000][8][gc,phases   ] GC(20)   Post Evacuate Collection Set: 2.0ms
[2023-03-20T23:02:24.206+0000][8][gc,phases   ] GC(20)   Other: 0.1ms
[2023-03-20T23:02:24.206+0000][8][gc,age      ] GC(20) Age table with threshold 15 (max threshold 15)
[2023-03-20T23:02:24.206+0000][8][gc,age      ] GC(20) - age   1:    3088104 bytes,    3088104 total
[2023-03-20T23:02:24.206+0000][8][gc,age      ] GC(20) - age   2:    1969592 bytes,    5057696 total
[2023-03-20T23:02:24.206+0000][8][gc,age      ] GC(20) - age   3:    2553704 bytes,    7611400 total
[2023-03-20T23:02:24.206+0000][8][gc,age      ] GC(20) - age   4:    3955176 bytes,   11566576 total
[2023-03-20T23:02:24.206+0000][8][gc,heap     ] GC(20) Eden regions: 73->0(73)
[2023-03-20T23:02:24.206+0000][8][gc,heap     ] GC(20) Survivor regions: 3->3(10)
[2023-03-20T23:02:24.206+0000][8][gc,heap     ] GC(20) Old regions: 17->17
[2023-03-20T23:02:24.206+0000][8][gc,heap     ] GC(20) Archive regions: 2->2
[2023-03-20T23:02:24.206+0000][8][gc,heap     ] GC(20) Humongous regions: 2->2
[2023-03-20T23:02:24.206+0000][8][gc,metaspace] GC(20) Metaspace: 112339K(115072K)->112339K(115072K) NonClass: 97551K(99008K)->97551K(99008K) Class: 14787K(16064K)->14787K(16064K)
[2023-03-20T23:02:24.206+0000][8][gc          ] GC(20) Pause Young (Normal) (G1 Evacuation Pause) 381M->90M(512M) 14.124ms
[2023-03-20T23:02:24.206+0000][8][gc,cpu      ] GC(20) User=0.02s Sys=0.00s Real=0.02s
[2023-03-20T23:02:24.206+0000][8][safepoint   ] Safepoint "G1CollectForAllocation", Time since last: 352914121 ns, Reaching safepoint: 204696 ns, At safepoint: 14253913 ns, Total: 14458609 ns
[2023-03-20T23:02:25.210+0000][8][safepoint   ] Safepoint "Cleanup", Time since last: 1004391519 ns, Reaching safepoint: 52422 ns, At safepoint: 2526 ns, Total: 54948 ns
[2023-03-20T23:02:26.211+0000][8][safepoint   ] Safepoint "Cleanup", Time since last: 1000275610 ns, Reaching safepoint: 62018 ns, At safepoint: 2888 ns, Total: 64906 ns
[2023-03-20T23:02:27.211+0000][8][safepoint   ] Safepoint "Cleanup", Time since last: 1000371163 ns, Reaching safepoint: 50936 ns, At safepoint: 1923 ns, Total: 52859 ns
[2023-03-20T23:02:30.213+0000][8][safepoint   ] Safepoint "Cleanup", Time since last: 3002105227 ns, Reaching safepoint: 53124 ns, At safepoint: 2116 ns, Total: 55240 ns
[2023-03-20T23:02:36.220+0000][8][safepoint   ] Safepoint "Cleanup", Time since last: 6006243892 ns, Reaching safepoint: 173561 ns, At safepoint: 43027 ns, Total: 216588 ns
[2023-03-20T23:02:37.228+0000][8][safepoint   ] Safepoint "Cleanup", Time since last: 1007653609 ns, Reaching safepoint: 58056 ns, At safepoint: 1982 ns, Total: 60038 ns
[2023-03-20T23:02:39.233+0000][8][safepoint   ] Safepoint "Cleanup", Time since last: 2005060851 ns, Reaching safepoint: 86769 ns, At safepoint: 4242 ns, Total: 91011 ns
[2023-03-20T23:02:41.235+0000][8][safepoint   ] Safepoint "Cleanup", Time since last: 2002534236 ns, Reaching safepoint: 79445 ns, At safepoint: 4303 ns, Total: 83748 ns
[2023-03-20T23:02:42.236+0000][8][safepoint   ] Safepoint "Cleanup", Time since last: 1000305488 ns, Reaching safepoint: 71722 ns, At safepoint: 3570 ns, Total: 75292 ns
[2023-03-20T23:02:43.237+0000][8][safepoint   ] Safepoint "Cleanup", Time since last: 1001376612 ns, Reaching safepoint: 72833 ns, At safepoint: 3931 ns, Total: 76764 ns
[2023-03-20T23:02:44.238+0000][8][safepoint   ] Safepoint "Cleanup", Time since last: 1001072007 ns, Reaching safepoint: 86202 ns, At safepoint: 4059 ns, Total: 90261 ns
[2023-03-20T23:02:45.241+0000][8][safepoint   ] Safepoint "Cleanup", Time since last: 1002140671 ns, Reaching safepoint: 75741 ns, At safepoint: 3818 ns, Total: 79559 ns
[2023-03-20T23:02:47.244+0000][8][safepoint   ] Safepoint "Cleanup", Time since last: 2002977575 ns, Reaching safepoint: 65188 ns, At safepoint: 3306 ns, Total: 68494 ns
[2023-03-20T23:02:51.245+0000][8][safepoint   ] Safepoint "Cleanup", Time since last: 4001617983 ns, Reaching safepoint: 94530 ns, At safepoint: 5191 ns, Total: 99721 ns
[2023-03-20T23:02:54.249+0000][8][safepoint   ] Safepoint "Cleanup", Time since last: 3003021391 ns, Reaching safepoint: 260614 ns, At safepoint: 29744 ns, Total: 290358 ns
[2023-03-20T23:02:59.275+0000][8][safepoint   ] Safepoint "Cleanup", Time since last: 5026328692 ns, Reaching safepoint: 146889 ns, At safepoint: 6568 ns, Total: 153457 ns
[2023-03-20T23:03:02.280+0000][8][safepoint   ] Safepoint "Cleanup", Time since last: 3004648458 ns, Reaching safepoint: 76888 ns, At safepoint: 3099 ns, Total: 79987 ns
[2023-03-20T23:03:03.282+0000][8][safepoint   ] Safepoint "Cleanup", Time since last: 1002508475 ns, Reaching safepoint: 93779 ns, At safepoint: 3761 ns, Total: 97540 ns
[2023-03-20T23:03:05.286+0000][8][safepoint   ] Safepoint "Cleanup", Time since last: 2003311019 ns, Reaching safepoint: 186946 ns, At safepoint: 5704 ns, Total: 192650 ns
[2023-03-20T23:03:06.286+0000][8][safepoint   ] Safepoint "Cleanup", Time since last: 1000161833 ns, Reaching safepoint: 42032 ns, At safepoint: 2447 ns, Total: 44479 ns
[2023-03-20T23:03:08.289+0000][8][safepoint   ] Safepoint "Cleanup", Time since last: 2002633979 ns, Reaching safepoint: 269309 ns, At safepoint: 39855 ns, Total: 309164 ns
[2023-03-20T23:03:14.299+0000][8][safepoint   ] Safepoint "Cleanup", Time since last: 6009884782 ns, Reaching safepoint: 69425 ns, At safepoint: 3496 ns, Total: 72921 ns
[2023-03-20T23:03:16.301+0000][8][safepoint   ] Safepoint "Cleanup", Time since last: 2001987588 ns, Reaching safepoint: 253896 ns, At safepoint: 31825 ns, Total: 285721 ns
[2023-03-20T23:03:17.302+0000][8][safepoint   ] Safepoint "Cleanup", Time since last: 1000368753 ns, Reaching safepoint: 236646 ns, At safepoint: 31991 ns, Total: 268637 ns
[2023-03-20T23:03:18.307+0000][8][safepoint   ] Safepoint "Cleanup", Time since last: 1004528927 ns, Reaching safepoint: 303675 ns, At safepoint: 4613 ns, Total: 308288 ns
[2023-03-20T23:03:19.308+0000][8][safepoint   ] Safepoint "Cleanup", Time since last: 1001245466 ns, Reaching safepoint: 110855 ns, At safepoint: 3649 ns, Total: 114504 ns
[2023-03-20T23:03:20.309+0000][8][safepoint   ] Safepoint "Cleanup", Time since last: 1000226471 ns, Reaching safepoint: 280785 ns, At safepoint: 5275 ns, Total: 286060 ns
[2023-03-20T23:03:21.309+0000][8][safepoint   ] Safepoint "Cleanup", Time since last: 1000433796 ns, Reaching safepoint: 218040 ns, At safepoint: 31793 ns, Total: 249833 ns
[2023-03-20T23:03:22.310+0000][8][safepoint   ] Safepoint "Cleanup", Time since last: 1000402110 ns, Reaching safepoint: 54068 ns, At safepoint: 4113 ns, Total: 58181 ns
[2023-03-20T23:03:23.311+0000][8][safepoint   ] Safepoint "Cleanup", Time since last: 1000420495 ns, Reaching safepoint: 350611 ns, At safepoint: 148588 ns, Total: 499199 ns
[2023-03-20T23:03:25.314+0000][8][safepoint   ] Safepoint "Cleanup", Time since last: 2002912137 ns, Reaching safepoint: 197038 ns, At safepoint: 31342 ns, Total: 228380 ns
[2023-03-20T23:03:29.320+0000][8][safepoint   ] Safepoint "Cleanup", Time since last: 4005521216 ns, Reaching safepoint: 145892 ns, At safepoint: 8555 ns, Total: 154447 ns
[2023-03-20T23:03:31.320+0000][8][safepoint   ] Safepoint "Cleanup", Time since last: 2000433798 ns, Reaching safepoint: 110143 ns, At safepoint: 27834 ns, Total: 137977 ns
[2023-03-20T23:03:35.327+0000][8][safepoint   ] Safepoint "Cleanup", Time since last: 4007049672 ns, Reaching safepoint: 99421 ns, At safepoint: 6241 ns, Total: 105662 ns
[2023-03-20T23:03:40.334+0000][8][safepoint   ] Safepoint "Cleanup", Time since last: 5006893000 ns, Reaching safepoint: 38300 ns, At safepoint: 2183 ns, Total: 40483 ns
[2023-03-20T23:03:41.343+0000][8][safepoint   ] Safepoint "Cleanup", Time since last: 1008039574 ns, Reaching safepoint: 267134 ns, At safepoint: 11746 ns, Total: 278880 ns
[2023-03-20T23:03:42.346+0000][8][safepoint   ] Safepoint "Cleanup", Time since last: 1003084186 ns, Reaching safepoint: 600065 ns, At safepoint: 9674 ns, Total: 609739 ns
[2023-03-20T23:03:43.347+0000][8][safepoint   ] Safepoint "Cleanup", Time since last: 1000592611 ns, Reaching safepoint: 181532 ns, At safepoint: 4373 ns, Total: 185905 ns
[2023-03-20T23:03:48.351+0000][8][safepoint   ] Safepoint "Cleanup", Time since last: 5003402985 ns, Reaching safepoint: 758946 ns, At safepoint: 7410 ns, Total: 766356 ns
[2023-03-20T23:03:53.357+0000][8][safepoint   ] Safepoint "Cleanup", Time since last: 5005540066 ns, Reaching safepoint: 72544 ns, At safepoint: 4124 ns, Total: 76668 ns
[2023-03-20T23:03:56.364+0000][8][safepoint   ] Safepoint "Cleanup", Time since last: 3006537969 ns, Reaching safepoint: 282359 ns, At safepoint: 9121 ns, Total: 291480 ns
[2023-03-20T23:03:57.365+0000][8][safepoint   ] Safepoint "Cleanup", Time since last: 1001389752 ns, Reaching safepoint: 63245 ns, At safepoint: 3035 ns, Total: 66280 ns
[2023-03-20T23:03:59.366+0000][8][safepoint   ] Safepoint "Cleanup", Time since last: 2001316513 ns, Reaching safepoint: 82207 ns, At safepoint: 3698 ns, Total: 85905 ns
[2023-03-20T23:04:00.368+0000][8][safepoint   ] Safepoint "Cleanup", Time since last: 1000941808 ns, Reaching safepoint: 74157 ns, At safepoint: 3752 ns, Total: 77909 ns
[2023-03-20T23:04:11.381+0000][8][safepoint   ] Safepoint "Cleanup", Time since last: 11013832899 ns, Reaching safepoint: 59075 ns, At safepoint: 2950 ns, Total: 62025 ns
[2023-03-20T23:04:17.389+0000][8][safepoint   ] Safepoint "Cleanup", Time since last: 6007403969 ns, Reaching safepoint: 81147 ns, At safepoint: 4289 ns, Total: 85436 ns
[2023-03-20T23:04:23.395+0000][8][safepoint   ] Safepoint "Cleanup", Time since last: 6006393928 ns, Reaching safepoint: 88223 ns, At safepoint: 5370 ns, Total: 93593 ns
[2023-03-20T23:04:28.404+0000][8][safepoint   ] Safepoint "Cleanup", Time since last: 5008149756 ns, Reaching safepoint: 46611 ns, At safepoint: 2521 ns, Total: 49132 ns
[2023-03-20T23:04:39.426+0000][8][safepoint   ] Safepoint "Cleanup", Time since last: 11022581955 ns, Reaching safepoint: 69920 ns, At safepoint: 2512 ns, Total: 72432 ns
[2023-03-20T23:04:42.431+0000][8][safepoint   ] Safepoint "Cleanup", Time since last: 3004599701 ns, Reaching safepoint: 105575 ns, At safepoint: 4217 ns, Total: 109792 ns
[2023-03-20T23:04:46.435+0000][8][safepoint   ] Safepoint "Cleanup", Time since last: 4003670400 ns, Reaching safepoint: 51023 ns, At safepoint: 1993 ns, Total: 53016 ns
[2023-03-20T23:04:48.438+0000][8][safepoint   ] Safepoint "Cleanup", Time since last: 2003664617 ns, Reaching safepoint: 56828 ns, At safepoint: 31818 ns, Total: 88646 ns
[2023-03-20T23:04:51.440+0000][8][safepoint   ] Safepoint "Cleanup", Time since last: 3001823613 ns, Reaching safepoint: 168856 ns, At safepoint: 26290 ns, Total: 195146 ns
[2023-03-20T23:04:53.443+0000][8][safepoint   ] Safepoint "Cleanup", Time since last: 2002481012 ns, Reaching safepoint: 69178 ns, At safepoint: 3332 ns, Total: 72510 ns
[2023-03-20T23:04:57.450+0000][8][safepoint   ] Safepoint "Cleanup", Time since last: 4007316533 ns, Reaching safepoint: 53523 ns, At safepoint: 2844 ns, Total: 56367 ns
[2023-03-20T23:04:58.452+0000][8][safepoint   ] Safepoint "Cleanup", Time since last: 1001956988 ns, Reaching safepoint: 57700 ns, At safepoint: 2551 ns, Total: 60251 ns
[2023-03-20T23:05:01.458+0000][8][safepoint   ] Safepoint "Cleanup", Time since last: 3005493148 ns, Reaching safepoint: 82802 ns, At safepoint: 3337 ns, Total: 86139 ns
[2023-03-20T23:05:09.464+0000][8][safepoint   ] Safepoint "Cleanup", Time since last: 8006131707 ns, Reaching safepoint: 49680 ns, At safepoint: 3008 ns, Total: 52688 ns
[2023-03-20T23:05:10.469+0000][8][safepoint   ] Safepoint "Cleanup", Time since last: 1004392621 ns, Reaching safepoint: 48829 ns, At safepoint: 2272 ns, Total: 51101 ns
[2023-03-20T23:05:17.485+0000][8][safepoint   ] Safepoint "Cleanup", Time since last: 7015952252 ns, Reaching safepoint: 73558 ns, At safepoint: 2217 ns, Total: 75775 ns
[2023-03-20T23:05:45.549+0000][8][safepoint   ] Safepoint "Cleanup", Time since last: 28064012982 ns, Reaching safepoint: 149112 ns, At safepoint: 3566 ns, Total: 152678 ns
[2023-03-20T23:05:49.556+0000][8][safepoint   ] Safepoint "Cleanup", Time since last: 4007570090 ns, Reaching safepoint: 55203 ns, At safepoint: 5805 ns, Total: 61008 ns
[2023-03-20T23:05:57.569+0000][8][safepoint   ] Safepoint "Cleanup", Time since last: 8012225950 ns, Reaching safepoint: 54816 ns, At safepoint: 2884 ns, Total: 57700 ns
[2023-03-20T23:05:59.572+0000][8][safepoint   ] Safepoint "Cleanup", Time since last: 2003428689 ns, Reaching safepoint: 72427 ns, At safepoint: 3415 ns, Total: 75842 ns
[2023-03-20T23:06:17.601+0000][8][safepoint   ] Safepoint "Cleanup", Time since last: 18028462991 ns, Reaching safepoint: 76610 ns, At safepoint: 2867 ns, Total: 79477 ns
[2023-03-20T23:06:21.603+0000][8][safepoint   ] Safepoint "Cleanup", Time since last: 4001609506 ns, Reaching safepoint: 271224 ns, At safepoint: 3446 ns, Total: 274670 ns
[2023-03-20T23:06:37.660+0000][8][safepoint   ] Safepoint "Cleanup", Time since last: 16057313801 ns, Reaching safepoint: 309362 ns, At safepoint: 3280 ns, Total: 312642 ns
[2023-03-20T23:06:54.691+0000][8][safepoint   ] Safepoint "Cleanup", Time since last: 17030278732 ns, Reaching safepoint: 83352 ns, At safepoint: 3779 ns, Total: 87131 ns
[2023-03-20T23:06:55.693+0000][8][safepoint   ] Safepoint "Cleanup", Time since last: 1002480164 ns, Reaching safepoint: 77400 ns, At safepoint: 4186 ns, Total: 81586 ns
[2023-03-20T23:07:12.711+0000][8][safepoint   ] Safepoint "Cleanup", Time since last: 17017866267 ns, Reaching safepoint: 77333 ns, At safepoint: 28749 ns, Total: 106082 ns
[2023-03-20T23:08:17.820+0000][8][safepoint   ] Safepoint "Cleanup", Time since last: 65108785820 ns, Reaching safepoint: 485576 ns, At safepoint: 15862 ns, Total: 501438 ns
[2023-03-20T23:08:25.853+0000][8][safepoint   ] Safepoint "Cleanup", Time since last: 8032458716 ns, Reaching safepoint: 147502 ns, At safepoint: 15296 ns, Total: 162798 ns
[2023-03-20T23:09:12.912+0000][8][safepoint   ] Safepoint "Cleanup", Time since last: 47058419411 ns, Reaching safepoint: 309618 ns, At safepoint: 41242 ns, Total: 350860 ns
[2023-03-20T23:10:32.061+0000][8][safepoint   ] Safepoint "Cleanup", Time since last: 79148838927 ns, Reaching safepoint: 166883 ns, At safepoint: 6242 ns, Total: 173125 ns
[2023-03-20T23:10:48.072+0000][8][safepoint   ] Safepoint "Cleanup", Time since last: 16011312188 ns, Reaching safepoint: 206312 ns, At safepoint: 3760 ns, Total: 210072 ns
[2023-03-20T23:11:47.153+0000][8][safepoint   ] Safepoint "Cleanup", Time since last: 59079930137 ns, Reaching safepoint: 347505 ns, At safepoint: 10534 ns, Total: 358039 ns
[2023-03-20T23:11:51.156+0000][8][safepoint   ] Safepoint "Cleanup", Time since last: 4003014626 ns, Reaching safepoint: 121980 ns, At safepoint: 3827 ns, Total: 125807 ns
[2023-03-20T23:11:55.159+0000][8][safepoint   ] Safepoint "Cleanup", Time since last: 4002798041 ns, Reaching safepoint: 116214 ns, At safepoint: 3896 ns, Total: 120110 ns
[2023-03-20T23:12:00.186+0000][8][safepoint   ] Safepoint "Cleanup", Time since last: 5027024393 ns, Reaching safepoint: 78151 ns, At safepoint: 3810 ns, Total: 81961 ns
[2023-03-20T23:12:18.213+0000][8][safepoint   ] Safepoint "Cleanup", Time since last: 18026571177 ns, Reaching safepoint: 116098 ns, At safepoint: 7916 ns, Total: 124014 ns
[2023-03-20T23:12:21.221+0000][8][safepoint   ] Safepoint "Cleanup", Time since last: 3008345323 ns, Reaching safepoint: 106864 ns, At safepoint: 3346 ns, Total: 110210 ns
[2023-03-20T23:12:32.242+0000][8][safepoint   ] Safepoint "Cleanup", Time since last: 11020950883 ns, Reaching safepoint: 117031 ns, At safepoint: 2574 ns, Total: 119605 ns
[2023-03-20T23:12:32.630+0000][8][gc,start    ] GC(21) Pause Young (Normal) (G1 Evacuation Pause)
[2023-03-20T23:12:32.630+0000][8][gc,task     ] GC(21) Using 4 workers of 4 for evacuation
[2023-03-20T23:12:32.630+0000][8][gc,age      ] GC(21) Desired survivor size 20971520 bytes, new threshold 15 (max threshold 15)
[2023-03-20T23:12:32.655+0000][8][gc,phases   ] GC(21)   Pre Evacuate Collection Set: 0.1ms
[2023-03-20T23:12:32.655+0000][8][gc,phases   ] GC(21)   Merge Heap Roots: 0.1ms
[2023-03-20T23:12:32.655+0000][8][gc,phases   ] GC(21)   Evacuate Collection Set: 20.3ms
[2023-03-20T23:12:32.655+0000][8][gc,phases   ] GC(21)   Post Evacuate Collection Set: 4.3ms
[2023-03-20T23:12:32.655+0000][8][gc,phases   ] GC(21)   Other: 0.1ms
[2023-03-20T23:12:32.655+0000][8][gc,age      ] GC(21) Age table with threshold 15 (max threshold 15)
[2023-03-20T23:12:32.655+0000][8][gc,age      ] GC(21) - age   1:    1757304 bytes,    1757304 total
[2023-03-20T23:12:32.655+0000][8][gc,age      ] GC(21) - age   2:    1754352 bytes,    3511656 total
[2023-03-20T23:12:32.655+0000][8][gc,age      ] GC(21) - age   3:    1241464 bytes,    4753120 total
[2023-03-20T23:12:32.655+0000][8][gc,age      ] GC(21) - age   4:    2509064 bytes,    7262184 total
[2023-03-20T23:12:32.655+0000][8][gc,age      ] GC(21) - age   5:    3954232 bytes,   11216416 total
[2023-03-20T23:12:32.655+0000][8][gc,heap     ] GC(21) Eden regions: 73->0(73)
[2023-03-20T23:12:32.655+0000][8][gc,heap     ] GC(21) Survivor regions: 3->3(10)
[2023-03-20T23:12:32.655+0000][8][gc,heap     ] GC(21) Old regions: 17->17
[2023-03-20T23:12:32.655+0000][8][gc,heap     ] GC(21) Archive regions: 2->2
[2023-03-20T23:12:32.655+0000][8][gc,heap     ] GC(21) Humongous regions: 2->2
[2023-03-20T23:12:32.655+0000][8][gc,metaspace] GC(21) Metaspace: 113080K(115712K)->113080K(115712K) NonClass: 98257K(99648K)->98257K(99648K) Class: 14822K(16064K)->14822K(16064K)
[2023-03-20T23:12:32.655+0000][8][gc          ] GC(21) Pause Young (Normal) (G1 Evacuation Pause) 382M->90M(512M) 25.317ms
[2023-03-20T23:12:32.655+0000][8][gc,cpu      ] GC(21) User=0.02s Sys=0.00s Real=0.02s
[2023-03-20T23:12:32.655+0000][8][safepoint   ] Safepoint "G1CollectForAllocation", Time since last: 381182651 ns, Reaching safepoint: 6668923 ns, At safepoint: 25503435 ns, Total: 32172358 ns
[2023-03-20T23:12:33.656+0000][8][safepoint   ] Safepoint "Cleanup", Time since last: 1000096112 ns, Reaching safepoint: 152683 ns, At safepoint: 7189 ns, Total: 159872 ns
[2023-03-20T23:12:34.657+0000][8][safepoint   ] Safepoint "Cleanup", Time since last: 1001107773 ns, Reaching safepoint: 107860 ns, At safepoint: 28699 ns, Total: 136559 ns
[2023-03-20T23:13:16.692+0000][8][safepoint   ] Safepoint "Cleanup", Time since last: 42035175229 ns, Reaching safepoint: 137353 ns, At safepoint: 6252 ns, Total: 143605 ns
[2023-03-20T23:13:17.693+0000][8][safepoint   ] Safepoint "Cleanup", Time since last: 1000283255 ns, Reaching safepoint: 85640 ns, At safepoint: 3717 ns, Total: 89357 ns
[2023-03-20T23:13:47.739+0000][8][safepoint   ] Safepoint "Cleanup", Time since last: 30045916621 ns, Reaching safepoint: 101501 ns, At safepoint: 65643 ns, Total: 167144 ns
[2023-03-20T23:14:01.762+0000][8][safepoint   ] Safepoint "Cleanup", Time since last: 14022804743 ns, Reaching safepoint: 189486 ns, At safepoint: 3912 ns, Total: 193398 ns
[2023-03-20T23:14:39.808+0000][8][safepoint   ] Safepoint "Cleanup", Time since last: 38045396887 ns, Reaching safepoint: 468613 ns, At safepoint: 17571 ns, Total: 486184 ns
[2023-03-20T23:14:55.845+0000][8][safepoint   ] Safepoint "Cleanup", Time since last: 16037202261 ns, Reaching safepoint: 197078 ns, At safepoint: 10726 ns, Total: 207804 ns
[2023-03-20T23:14:59.848+0000][8][safepoint   ] Safepoint "Cleanup", Time since last: 4003193355 ns, Reaching safepoint: 120605 ns, At safepoint: 3288 ns, Total: 123893 ns
[2023-03-20T23:15:04.864+0000][8][safepoint   ] Safepoint "Cleanup", Time since last: 5012988923 ns, Reaching safepoint: 2827661 ns, At safepoint: 13672 ns, Total: 2841333 ns
[2023-03-20T23:15:05.871+0000][8][safepoint   ] Safepoint "Cleanup", Time since last: 1006281339 ns, Reaching safepoint: 137050 ns, At safepoint: 3901 ns, Total: 140951 ns
[2023-03-20T23:15:12.884+0000][8][safepoint   ] Safepoint "Cleanup", Time since last: 7013208534 ns, Reaching safepoint: 169103 ns, At safepoint: 7488 ns, Total: 176591 ns
[2023-03-20T23:15:15.885+0000][8][safepoint   ] Safepoint "Cleanup", Time since last: 3000765420 ns, Reaching safepoint: 93300 ns, At safepoint: 3554 ns, Total: 96854 ns
[2023-03-20T23:15:17.891+0000][8][safepoint   ] Safepoint "Cleanup", Time since last: 2006225648 ns, Reaching safepoint: 166978 ns, At safepoint: 7088 ns, Total: 174066 ns
[2023-03-20T23:15:22.900+0000][8][safepoint   ] Safepoint "Cleanup", Time since last: 5008977995 ns, Reaching safepoint: 97582 ns, At safepoint: 6320 ns, Total: 103902 ns
[2023-03-20T23:15:51.208+0000][8][safepoint   ] Safepoint "Cleanup", Time since last: 28307336814 ns, Reaching safepoint: 563853 ns, At safepoint: 53310 ns, Total: 617163 ns
[2023-03-20T23:15:52.211+0000][8][safepoint   ] Safepoint "Cleanup", Time since last: 1002328302 ns, Reaching safepoint: 159615 ns, At safepoint: 27772 ns, Total: 187387 ns
[2023-03-20T23:16:18.244+0000][8][safepoint   ] Safepoint "Cleanup", Time since last: 26032602102 ns, Reaching safepoint: 317914 ns, At safepoint: 35157 ns, Total: 353071 ns
[2023-03-20T23:16:48.283+0000][8][safepoint   ] Safepoint "Cleanup", Time since last: 30039131721 ns, Reaching safepoint: 211539 ns, At safepoint: 5594 ns, Total: 217133 ns
[2023-03-20T23:17:02.340+0000][8][safepoint   ] Safepoint "Cleanup", Time since last: 14056178896 ns, Reaching safepoint: 857313 ns, At safepoint: 36863 ns, Total: 894176 ns
[2023-03-20T23:17:48.425+0000][8][safepoint   ] Safepoint "Cleanup", Time since last: 46084514400 ns, Reaching safepoint: 76160 ns, At safepoint: 31665 ns, Total: 107825 ns
[2023-03-20T23:17:49.429+0000][8][safepoint   ] Safepoint "Cleanup", Time since last: 1004234105 ns, Reaching safepoint: 352330 ns, At safepoint: 36597 ns, Total: 388927 ns
[2023-03-20T23:18:04.451+0000][8][safepoint   ] Safepoint "Cleanup", Time since last: 15020982497 ns, Reaching safepoint: 273015 ns, At safepoint: 34468 ns, Total: 307483 ns
[2023-03-20T23:18:10.228+0000][8][gc,start    ] GC(22) Pause Young (Normal) (G1 Evacuation Pause)
[2023-03-20T23:18:10.228+0000][8][gc,task     ] GC(22) Using 4 workers of 4 for evacuation
[2023-03-20T23:18:10.228+0000][8][gc,age      ] GC(22) Desired survivor size 20971520 bytes, new threshold 15 (max threshold 15)
[2023-03-20T23:18:10.256+0000][8][gc,phases   ] GC(22)   Pre Evacuate Collection Set: 0.1ms
[2023-03-20T23:18:10.256+0000][8][gc,phases   ] GC(22)   Merge Heap Roots: 1.1ms
[2023-03-20T23:18:10.256+0000][8][gc,phases   ] GC(22)   Evacuate Collection Set: 20.4ms
[2023-03-20T23:18:10.256+0000][8][gc,phases   ] GC(22)   Post Evacuate Collection Set: 6.0ms
[2023-03-20T23:18:10.256+0000][8][gc,phases   ] GC(22)   Other: 0.1ms
[2023-03-20T23:18:10.256+0000][8][gc,age      ] GC(22) Age table with threshold 15 (max threshold 15)
[2023-03-20T23:18:10.256+0000][8][gc,age      ] GC(22) - age   1:    2773880 bytes,    2773880 total
[2023-03-20T23:18:10.256+0000][8][gc,age      ] GC(22) - age   2:    1026368 bytes,    3800248 total
[2023-03-20T23:18:10.256+0000][8][gc,age      ] GC(22) - age   3:    1741552 bytes,    5541800 total
[2023-03-20T23:18:10.256+0000][8][gc,age      ] GC(22) - age   4:    1209872 bytes,    6751672 total
[2023-03-20T23:18:10.256+0000][8][gc,age      ] GC(22) - age   5:    2344128 bytes,    9095800 total
[2023-03-20T23:18:10.256+0000][8][gc,age      ] GC(22) - age   6:    3720456 bytes,   12816256 total
[2023-03-20T23:18:10.256+0000][8][gc,heap     ] GC(22) Eden regions: 73->0(72)
[2023-03-20T23:18:10.256+0000][8][gc,heap     ] GC(22) Survivor regions: 3->4(10)
[2023-03-20T23:18:10.256+0000][8][gc,heap     ] GC(22) Old regions: 17->17
[2023-03-20T23:18:10.256+0000][8][gc,heap     ] GC(22) Archive regions: 2->2
[2023-03-20T23:18:10.256+0000][8][gc,heap     ] GC(22) Humongous regions: 2->2
[2023-03-20T23:18:10.256+0000][8][gc,metaspace] GC(22) Metaspace: 113398K(116096K)->113398K(116096K) NonClass: 98574K(100032K)->98574K(100032K) Class: 14824K(16064K)->14824K(16064K)
[2023-03-20T23:18:10.256+0000][8][gc          ] GC(22) Pause Young (Normal) (G1 Evacuation Pause) 382M->92M(512M) 28.099ms
[2023-03-20T23:18:10.256+0000][8][gc,cpu      ] GC(22) User=0.04s Sys=0.00s Real=0.03s
[2023-03-20T23:18:10.257+0000][8][safepoint   ] Safepoint "G1CollectForAllocation", Time since last: 5772725846 ns, Reaching safepoint: 4692190 ns, At safepoint: 28551666 ns, Total: 33243856 ns
[2023-03-20T23:18:11.257+0000][8][safepoint   ] Safepoint "Cleanup", Time since last: 1000520805 ns, Reaching safepoint: 94120 ns, At safepoint: 4333 ns, Total: 98453 ns
[2023-03-20T23:18:18.266+0000][8][safepoint   ] Safepoint "Cleanup", Time since last: 7008285674 ns, Reaching safepoint: 121427 ns, At safepoint: 5344 ns, Total: 126771 ns
[2023-03-20T23:18:46.293+0000][8][safepoint   ] Safepoint "Cleanup", Time since last: 28026876822 ns, Reaching safepoint: 105302 ns, At safepoint: 3422 ns, Total: 108724 ns
[2023-03-20T23:18:56.302+0000][8][safepoint   ] Safepoint "Cleanup", Time since last: 10008875868 ns, Reaching safepoint: 123370 ns, At safepoint: 3782 ns, Total: 127152 ns
[2023-03-20T23:20:24.472+0000][8][safepoint   ] Safepoint "Cleanup", Time since last: 88169772772 ns, Reaching safepoint: 128427 ns, At safepoint: 31125 ns, Total: 159552 ns
[2023-03-20T23:20:25.472+0000][8][safepoint   ] Safepoint "Cleanup", Time since last: 1000437242 ns, Reaching safepoint: 137226 ns, At safepoint: 3767 ns, Total: 140993 ns
[2023-03-20T23:20:26.478+0000][8][safepoint   ] Safepoint "Cleanup", Time since last: 1006197959 ns, Reaching safepoint: 95002 ns, At safepoint: 3809 ns, Total: 98811 ns
[2023-03-20T23:20:45.501+0000][8][safepoint   ] Safepoint "Cleanup", Time since last: 19022020168 ns, Reaching safepoint: 79163 ns, At safepoint: 3657 ns, Total: 82820 ns
[2023-03-20T23:20:47.501+0000][8][safepoint   ] Safepoint "Cleanup", Time since last: 2000672153 ns, Reaching safepoint: 73385 ns, At safepoint: 4178 ns, Total: 77563 ns
[2023-03-20T23:21:13.562+0000][8][safepoint   ] Safepoint "Cleanup", Time since last: 26060274186 ns, Reaching safepoint: 80473 ns, At safepoint: 2890 ns, Total: 83363 ns
[2023-03-20T23:21:17.573+0000][8][safepoint   ] Safepoint "Cleanup", Time since last: 4011572063 ns, Reaching safepoint: 100451 ns, At safepoint: 3779 ns, Total: 104230 ns
[2023-03-20T23:23:17.724+0000][8][safepoint   ] Safepoint "Cleanup", Time since last: 120150302378 ns, Reaching safepoint: 522284 ns, At safepoint: 4897 ns, Total: 527181 ns
[2023-03-20T23:23:54.783+0000][8][safepoint   ] Safepoint "Cleanup", Time since last: 37058827746 ns, Reaching safepoint: 110635 ns, At safepoint: 8486 ns, Total: 119121 ns
[2023-03-20T23:24:08.821+0000][8][safepoint   ] Safepoint "Cleanup", Time since last: 14037207953 ns, Reaching safepoint: 587223 ns, At safepoint: 8079 ns, Total: 595302 ns
[2023-03-20T23:24:42.025+0000][8][gc,start    ] GC(23) Pause Young (Normal) (G1 Evacuation Pause)
[2023-03-20T23:24:42.025+0000][8][gc,task     ] GC(23) Using 4 workers of 4 for evacuation
[2023-03-20T23:24:42.025+0000][8][gc,age      ] GC(23) Desired survivor size 20971520 bytes, new threshold 15 (max threshold 15)
[2023-03-20T23:24:42.039+0000][8][gc,phases   ] GC(23)   Pre Evacuate Collection Set: 0.1ms
[2023-03-20T23:24:42.039+0000][8][gc,phases   ] GC(23)   Merge Heap Roots: 0.1ms
[2023-03-20T23:24:42.039+0000][8][gc,phases   ] GC(23)   Evacuate Collection Set: 9.0ms
[2023-03-20T23:24:42.039+0000][8][gc,phases   ] GC(23)   Post Evacuate Collection Set: 4.6ms
[2023-03-20T23:24:42.039+0000][8][gc,phases   ] GC(23)   Other: 0.1ms
[2023-03-20T23:24:42.039+0000][8][gc,age      ] GC(23) Age table with threshold 15 (max threshold 15)
[2023-03-20T23:24:42.039+0000][8][gc,age      ] GC(23) - age   1:    1362368 bytes,    1362368 total
[2023-03-20T23:24:42.039+0000][8][gc,age      ] GC(23) - age   2:    1262008 bytes,    2624376 total
[2023-03-20T23:24:42.039+0000][8][gc,age      ] GC(23) - age   3:    1024568 bytes,    3648944 total
[2023-03-20T23:24:42.039+0000][8][gc,age      ] GC(23) - age   4:    1741104 bytes,    5390048 total
[2023-03-20T23:24:42.039+0000][8][gc,age      ] GC(23) - age   5:    1209832 bytes,    6599880 total
[2023-03-20T23:24:42.039+0000][8][gc,age      ] GC(23) - age   6:    2344128 bytes,    8944008 total
[2023-03-20T23:24:42.039+0000][8][gc,age      ] GC(23) - age   7:    3720456 bytes,   12664464 total
[2023-03-20T23:24:42.039+0000][8][gc,heap     ] GC(23) Eden regions: 72->0(72)
[2023-03-20T23:24:42.039+0000][8][gc,heap     ] GC(23) Survivor regions: 4->4(10)
[2023-03-20T23:24:42.039+0000][8][gc,heap     ] GC(23) Old regions: 17->17
[2023-03-20T23:24:42.039+0000][8][gc,heap     ] GC(23) Archive regions: 2->2
[2023-03-20T23:24:42.039+0000][8][gc,heap     ] GC(23) Humongous regions: 2->2
[2023-03-20T23:24:42.039+0000][8][gc,metaspace] GC(23) Metaspace: 113462K(116096K)->113462K(116096K) NonClass: 98635K(100032K)->98635K(100032K) Class: 14826K(16064K)->14826K(16064K)
[2023-03-20T23:24:42.039+0000][8][gc          ] GC(23) Pause Young (Normal) (G1 Evacuation Pause) 380M->92M(512M) 14.222ms
[2023-03-20T23:24:42.039+0000][8][gc,cpu      ] GC(23) User=0.03s Sys=0.00s Real=0.01s
[2023-03-20T23:24:42.039+0000][8][safepoint   ] Safepoint "G1CollectForAllocation", Time since last: 33203609160 ns, Reaching safepoint: 451147 ns, At safepoint: 14416752 ns, Total: 14867899 ns
[2023-03-20T23:24:54.058+0000][8][safepoint   ] Safepoint "Cleanup", Time since last: 12017845951 ns, Reaching safepoint: 535073 ns, At safepoint: 5336 ns, Total: 540409 ns
[2023-03-20T23:25:09.078+0000][8][safepoint   ] Safepoint "Cleanup", Time since last: 15020568131 ns, Reaching safepoint: 126223 ns, At safepoint: 4088 ns, Total: 130311 ns
[2023-03-20T23:25:27.133+0000][8][safepoint   ] Safepoint "Cleanup", Time since last: 18053951657 ns, Reaching safepoint: 220907 ns, At safepoint: 8465 ns, Total: 229372 ns
[2023-03-20T23:28:09.430+0000][8][safepoint   ] Safepoint "Cleanup", Time since last: 162297508154 ns, Reaching safepoint: 151219 ns, At safepoint: 4316 ns, Total: 155535 ns
[2023-03-20T23:28:16.439+0000][8][safepoint   ] Safepoint "Cleanup", Time since last: 7008781761 ns, Reaching safepoint: 185355 ns, At safepoint: 6421 ns, Total: 191776 ns
[2023-03-20T23:28:17.440+0000][8][safepoint   ] Safepoint "Cleanup", Time since last: 1000650869 ns, Reaching safepoint: 161481 ns, At safepoint: 5458 ns, Total: 166939 ns
[2023-03-20T23:28:53.482+0000][8][safepoint   ] Safepoint "Cleanup", Time since last: 36041930963 ns, Reaching safepoint: 278496 ns, At safepoint: 54795 ns, Total: 333291 ns
[2023-03-20T23:28:54.483+0000][8][safepoint   ] Safepoint "Cleanup", Time since last: 1000235852 ns, Reaching safepoint: 115494 ns, At safepoint: 5008 ns, Total: 120502 ns
[2023-03-20T23:29:36.554+0000][8][safepoint   ] Safepoint "Cleanup", Time since last: 42070833950 ns, Reaching safepoint: 295768 ns, At safepoint: 6442 ns, Total: 302210 ns
[2023-03-20T23:30:08.633+0000][8][safepoint   ] Safepoint "Cleanup", Time since last: 32079000156 ns, Reaching safepoint: 476488 ns, At safepoint: 7104 ns, Total: 483592 ns
[2023-03-20T23:30:13.637+0000][8][safepoint   ] Safepoint "Cleanup", Time since last: 5002926150 ns, Reaching safepoint: 323889 ns, At safepoint: 5314 ns, Total: 329203 ns
[2023-03-20T23:31:29.766+0000][8][safepoint   ] Safepoint "Cleanup", Time since last: 76129467185 ns, Reaching safepoint: 345748 ns, At safepoint: 12695 ns, Total: 358443 ns
[2023-03-20T23:31:37.390+0000][8][safepoint   ] Safepoint "Cleanup", Time since last: 7623673667 ns, Reaching safepoint: 45043 ns, At safepoint: 34835 ns, Total: 79878 ns
[2023-03-20T23:31:38.551+0000][8][safepoint   ] Safepoint "Cleanup", Time since last: 1160768817 ns, Reaching safepoint: 499952 ns, At safepoint: 6080 ns, Total: 506032 ns
[2023-03-20T23:31:42.553+0000][8][safepoint   ] Safepoint "Cleanup", Time since last: 4001496248 ns, Reaching safepoint: 85344 ns, At safepoint: 3600 ns, Total: 88944 ns
[2023-03-20T23:31:50.561+0000][8][safepoint   ] Safepoint "Cleanup", Time since last: 8008142209 ns, Reaching safepoint: 92762 ns, At safepoint: 4990 ns, Total: 97752 ns
[2023-03-20T23:31:55.592+0000][8][safepoint   ] Safepoint "Cleanup", Time since last: 5030242205 ns, Reaching safepoint: 82504 ns, At safepoint: 3737 ns, Total: 86241 ns
[2023-03-20T23:31:56.592+0000][8][safepoint   ] Safepoint "Cleanup", Time since last: 1000505888 ns, Reaching safepoint: 95773 ns, At safepoint: 2676 ns, Total: 98449 ns
[2023-03-20T23:32:17.468+0000][8][gc,start    ] GC(24) Pause Young (Normal) (G1 Evacuation Pause)
[2023-03-20T23:32:17.468+0000][8][gc,task     ] GC(24) Using 4 workers of 4 for evacuation
[2023-03-20T23:32:17.468+0000][8][gc,age      ] GC(24) Desired survivor size 20971520 bytes, new threshold 15 (max threshold 15)
[2023-03-20T23:32:17.485+0000][8][gc,phases   ] GC(24)   Pre Evacuate Collection Set: 0.1ms
[2023-03-20T23:32:17.486+0000][8][gc,phases   ] GC(24)   Merge Heap Roots: 0.1ms
[2023-03-20T23:32:17.486+0000][8][gc,phases   ] GC(24)   Evacuate Collection Set: 13.4ms
[2023-03-20T23:32:17.486+0000][8][gc,phases   ] GC(24)   Post Evacuate Collection Set: 3.3ms
[2023-03-20T23:32:17.486+0000][8][gc,phases   ] GC(24)   Other: 0.1ms
[2023-03-20T23:32:17.486+0000][8][gc,age      ] GC(24) Age table with threshold 15 (max threshold 15)
[2023-03-20T23:32:17.486+0000][8][gc,age      ] GC(24) - age   1:     717312 bytes,     717312 total
[2023-03-20T23:32:17.486+0000][8][gc,age      ] GC(24) - age   2:     380016 bytes,    1097328 total
[2023-03-20T23:32:17.486+0000][8][gc,age      ] GC(24) - age   3:    1252112 bytes,    2349440 total
[2023-03-20T23:32:17.486+0000][8][gc,age      ] GC(24) - age   4:    1016352 bytes,    3365792 total
[2023-03-20T23:32:17.486+0000][8][gc,age      ] GC(24) - age   5:    1740720 bytes,    5106512 total
[2023-03-20T23:32:17.486+0000][8][gc,age      ] GC(24) - age   6:    1209632 bytes,    6316144 total
[2023-03-20T23:32:17.486+0000][8][gc,age      ] GC(24) - age   7:    2335992 bytes,    8652136 total
[2023-03-20T23:32:17.486+0000][8][gc,age      ] GC(24) - age   8:    3720344 bytes,   12372480 total
[2023-03-20T23:32:17.486+0000][8][gc,heap     ] GC(24) Eden regions: 72->0(72)
[2023-03-20T23:32:17.487+0000][8][gc,heap     ] GC(24) Survivor regions: 4->4(10)
[2023-03-20T23:32:17.487+0000][8][gc,heap     ] GC(24) Old regions: 17->17
[2023-03-20T23:32:17.487+0000][8][gc,heap     ] GC(24) Archive regions: 2->2
[2023-03-20T23:32:17.487+0000][8][gc,heap     ] GC(24) Humongous regions: 2->2
[2023-03-20T23:32:17.487+0000][8][gc,metaspace] GC(24) Metaspace: 113495K(116160K)->113495K(116160K) NonClass: 98668K(100096K)->98668K(100096K) Class: 14827K(16064K)->14827K(16064K)
[2023-03-20T23:32:17.487+0000][8][gc          ] GC(24) Pause Young (Normal) (G1 Evacuation Pause) 380M->91M(512M) 18.503ms
[2023-03-20T23:32:17.487+0000][8][gc,cpu      ] GC(24) User=0.03s Sys=0.00s Real=0.02s
[2023-03-20T23:32:17.487+0000][8][safepoint   ] Safepoint "G1CollectForAllocation", Time since last: 20875733293 ns, Reaching safepoint: 306852 ns, At safepoint: 18673075 ns, Total: 18979927 ns
[2023-03-20T23:33:17.633+0000][8][safepoint   ] Safepoint "Cleanup", Time since last: 60145841120 ns, Reaching safepoint: 407844 ns, At safepoint: 30665 ns, Total: 438509 ns
[2023-03-20T23:33:47.704+0000][8][safepoint   ] Safepoint "Cleanup", Time since last: 30070853401 ns, Reaching safepoint: 231937 ns, At safepoint: 4000 ns, Total: 235937 ns
[2023-03-20T23:34:54.866+0000][8][safepoint   ] Safepoint "Cleanup", Time since last: 67161060461 ns, Reaching safepoint: 193435 ns, At safepoint: 4501 ns, Total: 197936 ns
[2023-03-20T23:35:18.894+0000][8][safepoint   ] Safepoint "Cleanup", Time since last: 24028420416 ns, Reaching safepoint: 93163 ns, At safepoint: 28293 ns, Total: 121456 ns
[2023-03-20T23:35:46.946+0000][8][safepoint   ] Safepoint "Cleanup", Time since last: 28052187676 ns, Reaching safepoint: 76135 ns, At safepoint: 4742 ns, Total: 80877 ns
[2023-03-20T23:35:47.947+0000][8][safepoint   ] Safepoint "Cleanup", Time since last: 1000561916 ns, Reaching safepoint: 89714 ns, At safepoint: 38644 ns, Total: 128358 ns
[2023-03-20T23:36:40.043+0000][8][safepoint   ] Safepoint "Cleanup", Time since last: 52096170445 ns, Reaching safepoint: 46975 ns, At safepoint: 3002 ns, Total: 49977 ns
[2023-03-20T23:36:41.049+0000][8][safepoint   ] Safepoint "Cleanup", Time since last: 1005229636 ns, Reaching safepoint: 89589 ns, At safepoint: 30106 ns, Total: 119695 ns
[2023-03-20T23:36:43.058+0000][8][safepoint   ] Safepoint "Cleanup", Time since last: 2009198714 ns, Reaching safepoint: 85804 ns, At safepoint: 3989 ns, Total: 89793 ns
[2023-03-20T23:36:48.075+0000][8][safepoint   ] Safepoint "Cleanup", Time since last: 5017250368 ns, Reaching safepoint: 106561 ns, At safepoint: 42715 ns, Total: 149276 ns
[2023-03-20T23:38:08.253+0000][8][safepoint   ] Safepoint "Cleanup", Time since last: 80177584259 ns, Reaching safepoint: 93828 ns, At safepoint: 4724 ns, Total: 98552 ns
[2023-03-20T23:39:17.457+0000][8][safepoint   ] Safepoint "Cleanup", Time since last: 69204075445 ns, Reaching safepoint: 125239 ns, At safepoint: 67076 ns, Total: 192315 ns
[2023-03-20T23:39:45.547+0000][8][safepoint   ] Safepoint "Cleanup", Time since last: 28089261251 ns, Reaching safepoint: 490893 ns, At safepoint: 41000 ns, Total: 531893 ns
[2023-03-20T23:41:51.759+0000][8][safepoint   ] Safepoint "Cleanup", Time since last: 126211907079 ns, Reaching safepoint: 132339 ns, At safepoint: 5129 ns, Total: 137468 ns
[2023-03-20T23:42:37.870+0000][8][safepoint   ] Safepoint "Cleanup", Time since last: 46110764231 ns, Reaching safepoint: 114316 ns, At safepoint: 6895 ns, Total: 121211 ns
[2023-03-20T23:42:43.609+0000][8][safepoint   ] Safepoint "Cleanup", Time since last: 5739062210 ns, Reaching safepoint: 50018 ns, At safepoint: 2445 ns, Total: 52463 ns
[2023-03-20T23:42:44.686+0000][8][safepoint   ] Safepoint "Cleanup", Time since last: 1076493520 ns, Reaching safepoint: 247392 ns, At safepoint: 5314 ns, Total: 252706 ns
[2023-03-20T23:42:57.702+0000][8][safepoint   ] Safepoint "Cleanup", Time since last: 13016283352 ns, Reaching safepoint: 114818 ns, At safepoint: 4449 ns, Total: 119267 ns
[2023-03-20T23:43:17.731+0000][8][safepoint   ] Safepoint "Cleanup", Time since last: 20028660200 ns, Reaching safepoint: 81101 ns, At safepoint: 4269 ns, Total: 85370 ns
[2023-03-20T23:45:38.040+0000][8][safepoint   ] Safepoint "Cleanup", Time since last: 140308474014 ns, Reaching safepoint: 363986 ns, At safepoint: 28927 ns, Total: 392913 ns
[2023-03-20T23:45:48.056+0000][8][safepoint   ] Safepoint "Cleanup", Time since last: 10015467376 ns, Reaching safepoint: 582482 ns, At safepoint: 10653 ns, Total: 593135 ns
[2023-03-20T23:46:48.181+0000][8][safepoint   ] Safepoint "Cleanup", Time since last: 60124899843 ns, Reaching safepoint: 108597 ns, At safepoint: 4432 ns, Total: 113029 ns
[2023-03-20T23:46:51.186+0000][8][safepoint   ] Safepoint "Cleanup", Time since last: 3004761224 ns, Reaching safepoint: 132920 ns, At safepoint: 7598 ns, Total: 140518 ns
[2023-03-20T23:47:08.228+0000][8][safepoint   ] Safepoint "Cleanup", Time since last: 17042221950 ns, Reaching safepoint: 364216 ns, At safepoint: 10264 ns, Total: 374480 ns
[2023-03-20T23:48:53.448+0000][8][gc,start    ] GC(25) Pause Young (Normal) (G1 Evacuation Pause)
[2023-03-20T23:48:53.448+0000][8][gc,task     ] GC(25) Using 4 workers of 4 for evacuation
[2023-03-20T23:48:53.448+0000][8][gc,age      ] GC(25) Desired survivor size 20971520 bytes, new threshold 15 (max threshold 15)
[2023-03-20T23:48:53.465+0000][8][gc,phases   ] GC(25)   Pre Evacuate Collection Set: 0.3ms
[2023-03-20T23:48:53.465+0000][8][gc,phases   ] GC(25)   Merge Heap Roots: 0.1ms
[2023-03-20T23:48:53.465+0000][8][gc,phases   ] GC(25)   Evacuate Collection Set: 12.2ms
[2023-03-20T23:48:53.465+0000][8][gc,phases   ] GC(25)   Post Evacuate Collection Set: 4.3ms
[2023-03-20T23:48:53.465+0000][8][gc,phases   ] GC(25)   Other: 0.1ms
[2023-03-20T23:48:53.465+0000][8][gc,age      ] GC(25) Age table with threshold 15 (max threshold 15)
[2023-03-20T23:48:53.465+0000][8][gc,age      ] GC(25) - age   1:     389528 bytes,     389528 total
[2023-03-20T23:48:53.465+0000][8][gc,age      ] GC(25) - age   2:     135536 bytes,     525064 total
[2023-03-20T23:48:53.465+0000][8][gc,age      ] GC(25) - age   3:     362560 bytes,     887624 total
[2023-03-20T23:48:53.465+0000][8][gc,age      ] GC(25) - age   4:    1250824 bytes,    2138448 total
[2023-03-20T23:48:53.465+0000][8][gc,age      ] GC(25) - age   5:    1015512 bytes,    3153960 total
[2023-03-20T23:48:53.465+0000][8][gc,age      ] GC(25) - age   6:    1739760 bytes,    4893720 total
[2023-03-20T23:48:53.465+0000][8][gc,age      ] GC(25) - age   7:    1084568 bytes,    5978288 total
[2023-03-20T23:48:53.465+0000][8][gc,age      ] GC(25) - age   8:    2328128 bytes,    8306416 total
[2023-03-20T23:48:53.465+0000][8][gc,age      ] GC(25) - age   9:    3720128 bytes,   12026544 total
[2023-03-20T23:48:53.465+0000][8][gc,heap     ] GC(25) Eden regions: 72->0(72)
[2023-03-20T23:48:53.465+0000][8][gc,heap     ] GC(25) Survivor regions: 4->4(10)
[2023-03-20T23:48:53.465+0000][8][gc,heap     ] GC(25) Old regions: 17->17
[2023-03-20T23:48:53.465+0000][8][gc,heap     ] GC(25) Archive regions: 2->2
[2023-03-20T23:48:53.465+0000][8][gc,heap     ] GC(25) Humongous regions: 2->2
[2023-03-20T23:48:53.465+0000][8][gc,metaspace] GC(25) Metaspace: 113726K(116416K)->113726K(116416K) NonClass: 98879K(100288K)->98879K(100288K) Class: 14846K(16128K)->14846K(16128K)
[2023-03-20T23:48:53.465+0000][8][gc          ] GC(25) Pause Young (Normal) (G1 Evacuation Pause) 379M->91M(512M) 17.650ms
[2023-03-20T23:48:53.465+0000][8][gc,cpu      ] GC(25) User=0.02s Sys=0.01s Real=0.02s
[2023-03-20T23:48:53.465+0000][8][safepoint   ] Safepoint "G1CollectForAllocation", Time since last: 105218769877 ns, Reaching safepoint: 463424 ns, At safepoint: 17737845 ns, Total: 18201269 ns
[2023-03-20T23:49:55.707+0000][8][safepoint   ] Safepoint "Cleanup", Time since last: 62241149732 ns, Reaching safepoint: 152823 ns, At safepoint: 7781 ns, Total: 160604 ns
[2023-03-20T23:52:48.074+0000][8][safepoint   ] Safepoint "Cleanup", Time since last: 172366514159 ns, Reaching safepoint: 440823 ns, At safepoint: 5103 ns, Total: 445926 ns
[2023-03-20T23:53:17.125+0000][8][safepoint   ] Safepoint "Cleanup", Time since last: 29051481580 ns, Reaching safepoint: 294143 ns, At safepoint: 34669 ns, Total: 328812 ns
[2023-03-20T23:53:18.127+0000][8][safepoint   ] Safepoint "Cleanup", Time since last: 1000651351 ns, Reaching safepoint: 499292 ns, At safepoint: 17135 ns, Total: 516427 ns
[2023-03-20T23:55:26.355+0000][8][safepoint   ] Safepoint "Cleanup", Time since last: 128228350843 ns, Reaching safepoint: 150914 ns, At safepoint: 3886 ns, Total: 154800 ns
[2023-03-20T23:55:48.426+0000][8][safepoint   ] Safepoint "Cleanup", Time since last: 22070821819 ns, Reaching safepoint: 133822 ns, At safepoint: 4521 ns, Total: 138343 ns
[2023-03-20T23:56:25.485+0000][8][safepoint   ] Safepoint "Cleanup", Time since last: 37058987072 ns, Reaching safepoint: 241655 ns, At safepoint: 11962 ns, Total: 253617 ns
[2023-03-20T23:56:42.548+0000][8][safepoint   ] Safepoint "Cleanup", Time since last: 17062312573 ns, Reaching safepoint: 291686 ns, At safepoint: 9611 ns, Total: 301297 ns
[2023-03-20T23:57:18.653+0000][8][safepoint   ] Safepoint "Cleanup", Time since last: 36105098398 ns, Reaching safepoint: 138792 ns, At safepoint: 4153 ns, Total: 142945 ns
[2023-03-21T00:00:39.262+0000][8][safepoint   ] Safepoint "Cleanup", Time since last: 200608311253 ns, Reaching safepoint: 103434 ns, At safepoint: 6024 ns, Total: 109458 ns
[2023-03-21T00:01:12.333+0000][8][safepoint   ] Safepoint "Cleanup", Time since last: 33070593317 ns, Reaching safepoint: 256821 ns, At safepoint: 67663 ns, Total: 324484 ns
[2023-03-21T00:03:17.534+0000][8][safepoint   ] Safepoint "Cleanup", Time since last: 125201514669 ns, Reaching safepoint: 109019 ns, At safepoint: 4505 ns, Total: 113524 ns
[2023-03-21T00:05:28.805+0000][8][safepoint   ] Safepoint "Cleanup", Time since last: 131270346173 ns, Reaching safepoint: 112461 ns, At safepoint: 4959 ns, Total: 117420 ns
[2023-03-21T00:05:45.312+0000][8][safepoint   ] Safepoint "Cleanup", Time since last: 16506952665 ns, Reaching safepoint: 40753 ns, At safepoint: 1940 ns, Total: 42693 ns
[2023-03-21T00:05:46.313+0000][8][safepoint   ] Safepoint "Cleanup", Time since last: 1000884342 ns, Reaching safepoint: 83619 ns, At safepoint: 3969 ns, Total: 87588 ns
[2023-03-21T00:06:05.343+0000][8][safepoint   ] Safepoint "Cleanup", Time since last: 19030604962 ns, Reaching safepoint: 86216 ns, At safepoint: 4407 ns, Total: 90623 ns
[2023-03-21T00:06:44.430+0000][8][safepoint   ] Safepoint "Cleanup", Time since last: 39086129690 ns, Reaching safepoint: 216160 ns, At safepoint: 7724 ns, Total: 223884 ns
[2023-03-21T00:06:51.443+0000][8][safepoint   ] Safepoint "Cleanup", Time since last: 7012778151 ns, Reaching safepoint: 204297 ns, At safepoint: 4296 ns, Total: 208593 ns
[2023-03-21T00:07:27.489+0000][8][safepoint   ] Safepoint "Cleanup", Time since last: 36046174438 ns, Reaching safepoint: 111133 ns, At safepoint: 4074 ns, Total: 115207 ns
[2023-03-21T00:13:15.361+0000][8][gc,start    ] GC(26) Pause Young (Normal) (G1 Evacuation Pause)
[2023-03-21T00:13:15.361+0000][8][gc,task     ] GC(26) Using 4 workers of 4 for evacuation
[2023-03-21T00:13:15.361+0000][8][gc,age      ] GC(26) Desired survivor size 20971520 bytes, new threshold 15 (max threshold 15)
[2023-03-21T00:13:15.372+0000][8][gc,phases   ] GC(26)   Pre Evacuate Collection Set: 0.2ms
[2023-03-21T00:13:15.372+0000][8][gc,phases   ] GC(26)   Merge Heap Roots: 0.2ms
[2023-03-21T00:13:15.372+0000][8][gc,phases   ] GC(26)   Evacuate Collection Set: 9.0ms
[2023-03-21T00:13:15.372+0000][8][gc,phases   ] GC(26)   Post Evacuate Collection Set: 1.6ms
[2023-03-21T00:13:15.372+0000][8][gc,phases   ] GC(26)   Other: 0.1ms
[2023-03-21T00:13:15.372+0000][8][gc,age      ] GC(26) Age table with threshold 15 (max threshold 15)
[2023-03-21T00:13:15.372+0000][8][gc,age      ] GC(26) - age   1:     101792 bytes,     101792 total
[2023-03-21T00:13:15.372+0000][8][gc,age      ] GC(26) - age   2:      79928 bytes,     181720 total
[2023-03-21T00:13:15.372+0000][8][gc,age      ] GC(26) - age   3:     135336 bytes,     317056 total
[2023-03-21T00:13:15.372+0000][8][gc,age      ] GC(26) - age   4:     362520 bytes,     679576 total
[2023-03-21T00:13:15.372+0000][8][gc,age      ] GC(26) - age   5:    1250824 bytes,    1930400 total
[2023-03-21T00:13:15.372+0000][8][gc,age      ] GC(26) - age   6:     995776 bytes,    2926176 total
[2023-03-21T00:13:15.372+0000][8][gc,age      ] GC(26) - age   7:    1593664 bytes,    4519840 total
[2023-03-21T00:13:15.372+0000][8][gc,age      ] GC(26) - age   8:    1043768 bytes,    5563608 total
[2023-03-21T00:13:15.372+0000][8][gc,age      ] GC(26) - age   9:    2328128 bytes,    7891736 total
[2023-03-21T00:13:15.372+0000][8][gc,age      ] GC(26) - age  10:    3720128 bytes,   11611864 total
[2023-03-21T00:13:15.372+0000][8][gc,heap     ] GC(26) Eden regions: 72->0(72)
[2023-03-21T00:13:15.372+0000][8][gc,heap     ] GC(26) Survivor regions: 4->4(10)
[2023-03-21T00:13:15.372+0000][8][gc,heap     ] GC(26) Old regions: 17->17
[2023-03-21T00:13:15.372+0000][8][gc,heap     ] GC(26) Archive regions: 2->2
[2023-03-21T00:13:15.372+0000][8][gc,heap     ] GC(26) Humongous regions: 2->2
[2023-03-21T00:13:15.372+0000][8][gc,metaspace] GC(26) Metaspace: 113803K(116480K)->113803K(116480K) NonClass: 98946K(100352K)->98946K(100352K) Class: 14856K(16128K)->14856K(16128K)
[2023-03-21T00:13:15.372+0000][8][gc          ] GC(26) Pause Young (Normal) (G1 Evacuation Pause) 379M->91M(512M) 11.557ms
[2023-03-21T00:13:15.372+0000][8][gc,cpu      ] GC(26) User=0.02s Sys=0.01s Real=0.01s
[2023-03-21T00:13:15.372+0000][8][safepoint   ] Safepoint "G1CollectForAllocation", Time since last: 347871465070 ns, Reaching safepoint: 194008 ns, At safepoint: 11693920 ns, Total: 11887928 ns
[2023-03-21T00:16:44.891+0000][8][safepoint   ] Safepoint "Cleanup", Time since last: 209518314412 ns, Reaching safepoint: 136158 ns, At safepoint: 4746 ns, Total: 140904 ns
[2023-03-21T00:16:47.892+0000][8][safepoint   ] Safepoint "Cleanup", Time since last: 3001374925 ns, Reaching safepoint: 197958 ns, At safepoint: 11606 ns, Total: 209564 ns
[2023-03-21T00:16:50.895+0000][8][safepoint   ] Safepoint "Cleanup", Time since last: 3002572633 ns, Reaching safepoint: 140266 ns, At safepoint: 5330 ns, Total: 145596 ns
[2023-03-21T00:16:55.901+0000][8][safepoint   ] Safepoint "Cleanup", Time since last: 5006267369 ns, Reaching safepoint: 131686 ns, At safepoint: 3992 ns, Total: 135678 ns
[2023-03-21T00:18:18.075+0000][8][safepoint   ] Safepoint "Cleanup", Time since last: 82173295398 ns, Reaching safepoint: 115641 ns, At safepoint: 33492 ns, Total: 149133 ns
[2023-03-21T00:21:51.484+0000][8][safepoint   ] Safepoint "Cleanup", Time since last: 213409376306 ns, Reaching safepoint: 138547 ns, At safepoint: 6066 ns, Total: 144613 ns
[2023-03-21T00:21:52.485+0000][8][safepoint   ] Safepoint "Cleanup", Time since last: 1000202964 ns, Reaching safepoint: 98275 ns, At safepoint: 48395 ns, Total: 146670 ns
[2023-03-21T00:23:17.743+0000][8][safepoint   ] Safepoint "Cleanup", Time since last: 85258156981 ns, Reaching safepoint: 229942 ns, At safepoint: 6169 ns, Total: 236111 ns
[2023-03-21T00:23:25.760+0000][8][safepoint   ] Safepoint "Cleanup", Time since last: 8015996997 ns, Reaching safepoint: 770070 ns, At safepoint: 6765 ns, Total: 776835 ns
[2023-03-21T00:23:38.804+0000][8][safepoint   ] Safepoint "Cleanup", Time since last: 13043655436 ns, Reaching safepoint: 163077 ns, At safepoint: 24357 ns, Total: 187434 ns
[2023-03-21T00:24:50.958+0000][8][safepoint   ] Safepoint "Cleanup", Time since last: 72153806200 ns, Reaching safepoint: 88715 ns, At safepoint: 4657 ns, Total: 93372 ns
[2023-03-21T00:25:18.000+0000][8][safepoint   ] Safepoint "Cleanup", Time since last: 27042337292 ns, Reaching safepoint: 107998 ns, At safepoint: 4857 ns, Total: 112855 ns
[2023-03-21T00:25:48.076+0000][8][safepoint   ] Safepoint "Cleanup", Time since last: 30075329104 ns, Reaching safepoint: 187893 ns, At safepoint: 8037 ns, Total: 195930 ns
[2023-03-21T00:26:35.212+0000][8][safepoint   ] Safepoint "Cleanup", Time since last: 47136553001 ns, Reaching safepoint: 77956 ns, At safepoint: 10084 ns, Total: 88040 ns
[2023-03-21T00:26:36.213+0000][8][safepoint   ] Safepoint "Cleanup", Time since last: 1000213767 ns, Reaching safepoint: 74235 ns, At safepoint: 4105 ns, Total: 78340 ns
[2023-03-21T00:26:45.219+0000][8][safepoint   ] Safepoint "Cleanup", Time since last: 9006397209 ns, Reaching safepoint: 116537 ns, At safepoint: 4221 ns, Total: 120758 ns
[2023-03-21T00:26:51.243+0000][8][safepoint   ] Safepoint "Cleanup", Time since last: 6023686306 ns, Reaching safepoint: 82338 ns, At safepoint: 3542 ns, Total: 85880 ns
[2023-03-21T00:26:59.266+0000][8][safepoint   ] Safepoint "Cleanup", Time since last: 8022623741 ns, Reaching safepoint: 68361 ns, At safepoint: 3865 ns, Total: 72226 ns
[2023-03-21T00:27:00.266+0000][8][safepoint   ] Safepoint "Cleanup", Time since last: 1000234625 ns, Reaching safepoint: 69295 ns, At safepoint: 3373 ns, Total: 72668 ns
[2023-03-21T00:27:01.266+0000][8][safepoint   ] Safepoint "Cleanup", Time since last: 1000474230 ns, Reaching safepoint: 72023 ns, At safepoint: 3522 ns, Total: 75545 ns
[2023-03-21T00:27:05.272+0000][8][safepoint   ] Safepoint "Cleanup", Time since last: 4005491981 ns, Reaching safepoint: 68250 ns, At safepoint: 3104 ns, Total: 71354 ns
[2023-03-21T00:27:07.276+0000][8][safepoint   ] Safepoint "Cleanup", Time since last: 2003787358 ns, Reaching safepoint: 83565 ns, At safepoint: 4296 ns, Total: 87861 ns
[2023-03-21T00:27:08.284+0000][8][safepoint   ] Safepoint "Cleanup", Time since last: 1008544693 ns, Reaching safepoint: 49183 ns, At safepoint: 2325 ns, Total: 51508 ns
[2023-03-21T00:27:11.294+0000][8][safepoint   ] Safepoint "Cleanup", Time since last: 3007781275 ns, Reaching safepoint: 1326535 ns, At safepoint: 14399 ns, Total: 1340934 ns
[2023-03-21T00:27:13.324+0000][8][safepoint   ] Safepoint "Cleanup", Time since last: 2030384450 ns, Reaching safepoint: 302532 ns, At safepoint: 7351 ns, Total: 309883 ns
[2023-03-21T00:27:16.343+0000][8][safepoint   ] Safepoint "Cleanup", Time since last: 3018144077 ns, Reaching safepoint: 339766 ns, At safepoint: 4983 ns, Total: 344749 ns
[2023-03-21T00:27:18.346+0000][8][safepoint   ] Safepoint "Cleanup", Time since last: 2002522249 ns, Reaching safepoint: 397228 ns, At safepoint: 7049 ns, Total: 404277 ns
[2023-03-21T00:27:19.346+0000][8][safepoint   ] Safepoint "Cleanup", Time since last: 1000229802 ns, Reaching safepoint: 87747 ns, At safepoint: 3860 ns, Total: 91607 ns
[2023-03-21T00:27:22.355+0000][8][safepoint   ] Safepoint "Cleanup", Time since last: 3008334143 ns, Reaching safepoint: 165893 ns, At safepoint: 8429 ns, Total: 174322 ns
[2023-03-21T00:27:26.364+0000][8][safepoint   ] Safepoint "Cleanup", Time since last: 4008058140 ns, Reaching safepoint: 1124272 ns, At safepoint: 16474 ns, Total: 1140746 ns
[2023-03-21T00:27:29.366+0000][8][safepoint   ] Safepoint "Cleanup", Time since last: 3001963046 ns, Reaching safepoint: 291736 ns, At safepoint: 11068 ns, Total: 302804 ns
[2023-03-21T00:27:34.384+0000][8][safepoint   ] Safepoint "Cleanup", Time since last: 5017746121 ns, Reaching safepoint: 421456 ns, At safepoint: 4060 ns, Total: 425516 ns
[2023-03-21T00:27:37.959+0000][8][safepoint   ] Safepoint "Cleanup", Time since last: 3574969120 ns, Reaching safepoint: 56225 ns, At safepoint: 2676 ns, Total: 58901 ns
[2023-03-21T00:27:38.960+0000][8][safepoint   ] Safepoint "Cleanup", Time since last: 1000729637 ns, Reaching safepoint: 70625 ns, At safepoint: 3989 ns, Total: 74614 ns
[2023-03-21T00:27:41.962+0000][8][safepoint   ] Safepoint "Cleanup", Time since last: 3001642805 ns, Reaching safepoint: 119044 ns, At safepoint: 5455 ns, Total: 124499 ns
[2023-03-21T00:27:42.963+0000][8][safepoint   ] Safepoint "Cleanup", Time since last: 1001338987 ns, Reaching safepoint: 83550 ns, At safepoint: 13542 ns, Total: 97092 ns
[2023-03-21T00:27:45.970+0000][8][safepoint   ] Safepoint "Cleanup", Time since last: 3006489392 ns, Reaching safepoint: 83847 ns, At safepoint: 4544 ns, Total: 88391 ns
[2023-03-21T00:27:47.979+0000][8][safepoint   ] Safepoint "Cleanup", Time since last: 2008941805 ns, Reaching safepoint: 173553 ns, At safepoint: 3620 ns, Total: 177173 ns
[2023-03-21T00:27:54.988+0000][8][safepoint   ] Safepoint "Cleanup", Time since last: 7009439073 ns, Reaching safepoint: 104237 ns, At safepoint: 3360 ns, Total: 107597 ns
[2023-03-21T00:27:55.991+0000][8][safepoint   ] Safepoint "Cleanup", Time since last: 1002631630 ns, Reaching safepoint: 109444 ns, At safepoint: 3841 ns, Total: 113285 ns
[2023-03-21T00:27:56.993+0000][8][safepoint   ] Safepoint "Cleanup", Time since last: 1002096106 ns, Reaching safepoint: 135933 ns, At safepoint: 5157 ns, Total: 141090 ns
[2023-03-21T00:27:57.995+0000][8][safepoint   ] Safepoint "Cleanup", Time since last: 1001343174 ns, Reaching safepoint: 73699 ns, At safepoint: 3198 ns, Total: 76897 ns
[2023-03-21T00:28:02.998+0000][8][safepoint   ] Safepoint "Cleanup", Time since last: 5003493757 ns, Reaching safepoint: 76834 ns, At safepoint: 3367 ns, Total: 80201 ns
[2023-03-21T00:28:04.012+0000][8][safepoint   ] Safepoint "Cleanup", Time since last: 1013284656 ns, Reaching safepoint: 355739 ns, At safepoint: 5302 ns, Total: 361041 ns
[2023-03-21T00:28:08.017+0000][8][safepoint   ] Safepoint "Cleanup", Time since last: 4004455165 ns, Reaching safepoint: 160429 ns, At safepoint: 59325 ns, Total: 219754 ns
[2023-03-21T00:28:15.029+0000][8][safepoint   ] Safepoint "Cleanup", Time since last: 7011721091 ns, Reaching safepoint: 96561 ns, At safepoint: 9258 ns, Total: 105819 ns
[2023-03-21T00:28:36.058+0000][8][safepoint   ] Safepoint "Cleanup", Time since last: 21028954539 ns, Reaching safepoint: 447974 ns, At safepoint: 9220 ns, Total: 457194 ns
[2023-03-21T00:28:48.084+0000][8][safepoint   ] Safepoint "Cleanup", Time since last: 12025515150 ns, Reaching safepoint: 795542 ns, At safepoint: 21290 ns, Total: 816832 ns
[2023-03-21T00:28:51.091+0000][8][safepoint   ] Safepoint "Cleanup", Time since last: 3006881390 ns, Reaching safepoint: 117082 ns, At safepoint: 3622 ns, Total: 120704 ns
[2023-03-21T00:29:06.119+0000][8][safepoint   ] Safepoint "Cleanup", Time since last: 15027600656 ns, Reaching safepoint: 100448 ns, At safepoint: 3559 ns, Total: 104007 ns
[2023-03-21T00:29:22.140+0000][8][safepoint   ] Safepoint "Cleanup", Time since last: 16020905999 ns, Reaching safepoint: 168829 ns, At safepoint: 5241 ns, Total: 174070 ns
[2023-03-21T00:29:53.242+0000][8][safepoint   ] Safepoint "Cleanup", Time since last: 31101723217 ns, Reaching safepoint: 218301 ns, At safepoint: 4285 ns, Total: 222586 ns
[2023-03-21T00:29:55.264+0000][8][safepoint   ] Safepoint "Cleanup", Time since last: 2021849851 ns, Reaching safepoint: 56135 ns, At safepoint: 2481 ns, Total: 58616 ns
[2023-03-21T00:30:16.321+0000][8][safepoint   ] Safepoint "Cleanup", Time since last: 21057006145 ns, Reaching safepoint: 58527 ns, At safepoint: 2668 ns, Total: 61195 ns
[2023-03-21T00:30:32.371+0000][8][safepoint   ] Safepoint "Cleanup", Time since last: 16049909872 ns, Reaching safepoint: 73659 ns, At safepoint: 2893 ns, Total: 76552 ns
[2023-03-21T00:30:37.377+0000][8][safepoint   ] Safepoint "Cleanup", Time since last: 5006226457 ns, Reaching safepoint: 48907 ns, At safepoint: 1964 ns, Total: 50871 ns
[2023-03-21T00:30:39.378+0000][8][safepoint   ] Safepoint "Cleanup", Time since last: 2000684668 ns, Reaching safepoint: 76407 ns, At safepoint: 3634 ns, Total: 80041 ns
[2023-03-21T00:31:01.455+0000][8][safepoint   ] Safepoint "Cleanup", Time since last: 22076302786 ns, Reaching safepoint: 433246 ns, At safepoint: 5949 ns, Total: 439195 ns
[2023-03-21T00:31:05.474+0000][8][safepoint   ] Safepoint "Cleanup", Time since last: 4019269605 ns, Reaching safepoint: 81832 ns, At safepoint: 4729 ns, Total: 86561 ns
[2023-03-21T00:31:06.480+0000][8][safepoint   ] Safepoint "Cleanup", Time since last: 1005422987 ns, Reaching safepoint: 103363 ns, At safepoint: 3278 ns, Total: 106641 ns
[2023-03-21T00:31:16.606+0000][8][gc,start    ] GC(27) Pause Young (Normal) (G1 Evacuation Pause)
[2023-03-21T00:31:16.606+0000][8][gc,task     ] GC(27) Using 4 workers of 4 for evacuation
[2023-03-21T00:31:16.606+0000][8][gc,age      ] GC(27) Desired survivor size 20971520 bytes, new threshold 15 (max threshold 15)
[2023-03-21T00:31:16.621+0000][8][gc,phases   ] GC(27)   Pre Evacuate Collection Set: 0.2ms
[2023-03-21T00:31:16.621+0000][8][gc,phases   ] GC(27)   Merge Heap Roots: 0.1ms
[2023-03-21T00:31:16.621+0000][8][gc,phases   ] GC(27)   Evacuate Collection Set: 10.3ms
[2023-03-21T00:31:16.621+0000][8][gc,phases   ] GC(27)   Post Evacuate Collection Set: 3.3ms
[2023-03-21T00:31:16.621+0000][8][gc,phases   ] GC(27)   Other: 0.3ms
[2023-03-21T00:31:16.621+0000][8][gc,age      ] GC(27) Age table with threshold 15 (max threshold 15)
[2023-03-21T00:31:16.621+0000][8][gc,age      ] GC(27) - age   1:    1833656 bytes,    1833656 total
[2023-03-21T00:31:16.621+0000][8][gc,age      ] GC(27) - age   2:      81656 bytes,    1915312 total
[2023-03-21T00:31:16.621+0000][8][gc,age      ] GC(27) - age   3:      79808 bytes,    1995120 total
[2023-03-21T00:31:16.621+0000][8][gc,age      ] GC(27) - age   4:     135336 bytes,    2130456 total
[2023-03-21T00:31:16.621+0000][8][gc,age      ] GC(27) - age   5:     362520 bytes,    2492976 total
[2023-03-21T00:31:16.621+0000][8][gc,age      ] GC(27) - age   6:    1250824 bytes,    3743800 total
[2023-03-21T00:31:16.621+0000][8][gc,age      ] GC(27) - age   7:     964800 bytes,    4708600 total
[2023-03-21T00:31:16.621+0000][8][gc,age      ] GC(27) - age   8:    1560440 bytes,    6269040 total
[2023-03-21T00:31:16.622+0000][8][gc,age      ] GC(27) - age   9:    1043336 bytes,    7312376 total
[2023-03-21T00:31:16.622+0000][8][gc,age      ] GC(27) - age  10:    2327696 bytes,    9640072 total
[2023-03-21T00:31:16.622+0000][8][gc,age      ] GC(27) - age  11:    3720080 bytes,   13360152 total
[2023-03-21T00:31:16.622+0000][8][gc,heap     ] GC(27) Eden regions: 72->0(72)
[2023-03-21T00:31:16.622+0000][8][gc,heap     ] GC(27) Survivor regions: 4->4(10)
[2023-03-21T00:31:16.622+0000][8][gc,heap     ] GC(27) Old regions: 17->17
[2023-03-21T00:31:16.622+0000][8][gc,heap     ] GC(27) Archive regions: 2->2
[2023-03-21T00:31:16.622+0000][8][gc,heap     ] GC(27) Humongous regions: 2->2
[2023-03-21T00:31:16.622+0000][8][gc,metaspace] GC(27) Metaspace: 114041K(116736K)->114041K(116736K) NonClass: 99163K(100608K)->99163K(100608K) Class: 14878K(16128K)->14878K(16128K)
[2023-03-21T00:31:16.622+0000][8][gc          ] GC(27) Pause Young (Normal) (G1 Evacuation Pause) 379M->93M(512M) 15.750ms
[2023-03-21T00:31:16.622+0000][8][gc,cpu      ] GC(27) User=0.02s Sys=0.00s Real=0.01s
[2023-03-21T00:31:16.622+0000][8][safepoint   ] Safepoint "G1CollectForAllocation", Time since last: 10126566572 ns, Reaching safepoint: 79699 ns, At safepoint: 15955415 ns, Total: 16035114 ns
[2023-03-21T00:31:17.623+0000][8][safepoint   ] Safepoint "Cleanup", Time since last: 1000423286 ns, Reaching safepoint: 97804 ns, At safepoint: 3756 ns, Total: 101560 ns
[2023-03-21T00:31:31.636+0000][8][safepoint   ] Safepoint "Cleanup", Time since last: 14012640448 ns, Reaching safepoint: 932839 ns, At safepoint: 12862 ns, Total: 945701 ns
[2023-03-21T00:31:49.669+0000][8][safepoint   ] Safepoint "Cleanup", Time since last: 18032067131 ns, Reaching safepoint: 60099 ns, At safepoint: 3726 ns, Total: 63825 ns
[2023-03-21T00:31:55.678+0000][8][safepoint   ] Safepoint "Cleanup", Time since last: 6009462809 ns, Reaching safepoint: 111034 ns, At safepoint: 2296 ns, Total: 113330 ns
[2023-03-21T00:31:57.684+0000][8][safepoint   ] Safepoint "Cleanup", Time since last: 2005361061 ns, Reaching safepoint: 140290 ns, At safepoint: 3502 ns, Total: 143792 ns
[2023-03-21T00:31:59.685+0000][8][safepoint   ] Safepoint "Cleanup", Time since last: 2001193719 ns, Reaching safepoint: 145099 ns, At safepoint: 5745 ns, Total: 150844 ns
[2023-03-21T00:32:05.703+0000][8][safepoint   ] Safepoint "Cleanup", Time since last: 6016649859 ns, Reaching safepoint: 985391 ns, At safepoint: 59267 ns, Total: 1044658 ns
[2023-03-21T00:32:06.704+0000][8][safepoint   ] Safepoint "Cleanup", Time since last: 1000664992 ns, Reaching safepoint: 384949 ns, At safepoint: 13613 ns, Total: 398562 ns
[2023-03-21T00:32:07.704+0000][8][safepoint   ] Safepoint "Cleanup", Time since last: 1000408081 ns, Reaching safepoint: 105769 ns, At safepoint: 4776 ns, Total: 110545 ns
[2023-03-21T00:32:09.706+0000][8][safepoint   ] Safepoint "Cleanup", Time since last: 2002141023 ns, Reaching safepoint: 69018 ns, At safepoint: 3531 ns, Total: 72549 ns
[2023-03-21T00:32:10.709+0000][8][safepoint   ] Safepoint "Cleanup", Time since last: 1001877692 ns, Reaching safepoint: 367789 ns, At safepoint: 5742 ns, Total: 373531 ns
[2023-03-21T00:32:34.778+0000][8][safepoint   ] Safepoint "Cleanup", Time since last: 24069472076 ns, Reaching safepoint: 308724 ns, At safepoint: 10141 ns, Total: 318865 ns
[2023-03-21T00:33:17.849+0000][8][safepoint   ] Safepoint "Cleanup", Time since last: 43070159011 ns, Reaching safepoint: 123620 ns, At safepoint: 5437 ns, Total: 129057 ns
[2023-03-21T00:35:49.195+0000][8][safepoint   ] Safepoint "Cleanup", Time since last: 151345911561 ns, Reaching safepoint: 102316 ns, At safepoint: 3695 ns, Total: 106011 ns
[2023-03-21T00:36:34.275+0000][8][safepoint   ] Safepoint "Cleanup", Time since last: 45080367201 ns, Reaching safepoint: 148305 ns, At safepoint: 4073 ns, Total: 152378 ns
[2023-03-21T00:36:43.290+0000][8][safepoint   ] Safepoint "Cleanup", Time since last: 9014657620 ns, Reaching safepoint: 396805 ns, At safepoint: 37656 ns, Total: 434461 ns
[2023-03-21T00:37:15.333+0000][8][safepoint   ] Safepoint "Cleanup", Time since last: 32042450860 ns, Reaching safepoint: 150503 ns, At safepoint: 4313 ns, Total: 154816 ns
[2023-03-21T00:37:22.335+0000][8][safepoint   ] Safepoint "Cleanup", Time since last: 7001526705 ns, Reaching safepoint: 182270 ns, At safepoint: 10459 ns, Total: 192729 ns
[2023-03-21T00:37:34.343+0000][8][safepoint   ] Safepoint "Cleanup", Time since last: 12008051639 ns, Reaching safepoint: 129387 ns, At safepoint: 3471 ns, Total: 132858 ns
[2023-03-21T00:37:40.352+0000][8][safepoint   ] Safepoint "Cleanup", Time since last: 6008810704 ns, Reaching safepoint: 333087 ns, At safepoint: 4068 ns, Total: 337155 ns
[2023-03-21T00:38:19.446+0000][8][safepoint   ] Safepoint "Cleanup", Time since last: 39093962513 ns, Reaching safepoint: 419033 ns, At safepoint: 14120 ns, Total: 433153 ns
[2023-03-21T00:38:24.452+0000][8][safepoint   ] Safepoint "Cleanup", Time since last: 5005370193 ns, Reaching safepoint: 147178 ns, At safepoint: 8470 ns, Total: 155648 ns
[2023-03-21T00:38:25.453+0000][8][safepoint   ] Safepoint "Cleanup", Time since last: 1001319226 ns, Reaching safepoint: 76817 ns, At safepoint: 3961 ns, Total: 80778 ns
[2023-03-21T00:38:28.458+0000][8][safepoint   ] Safepoint "Cleanup", Time since last: 3004054778 ns, Reaching safepoint: 487512 ns, At safepoint: 10546 ns, Total: 498058 ns
[2023-03-21T00:38:37.473+0000][8][safepoint   ] Safepoint "Cleanup", Time since last: 9014396832 ns, Reaching safepoint: 577852 ns, At safepoint: 12870 ns, Total: 590722 ns
[2023-03-21T00:39:03.517+0000][8][safepoint   ] Safepoint "Cleanup", Time since last: 26043413853 ns, Reaching safepoint: 261719 ns, At safepoint: 89395 ns, Total: 351114 ns
[2023-03-21T00:39:12.532+0000][8][safepoint   ] Safepoint "Cleanup", Time since last: 9015295178 ns, Reaching safepoint: 75500 ns, At safepoint: 4206 ns, Total: 79706 ns
[2023-03-21T00:39:13.534+0000][8][safepoint   ] Safepoint "Cleanup", Time since last: 1002298856 ns, Reaching safepoint: 80959 ns, At safepoint: 3605 ns, Total: 84564 ns
[2023-03-21T00:39:30.568+0000][8][safepoint   ] Safepoint "Cleanup", Time since last: 17033377373 ns, Reaching safepoint: 279886 ns, At safepoint: 23260 ns, Total: 303146 ns
[2023-03-21T00:39:35.139+0000][8][safepoint   ] Safepoint "Cleanup", Time since last: 4570908431 ns, Reaching safepoint: 116242 ns, At safepoint: 7493 ns, Total: 123735 ns
[2023-03-21T00:39:36.140+0000][8][safepoint   ] Safepoint "Cleanup", Time since last: 1001121598 ns, Reaching safepoint: 74493 ns, At safepoint: 4530 ns, Total: 79023 ns
[2023-03-21T00:39:39.146+0000][8][safepoint   ] Safepoint "Cleanup", Time since last: 3005957861 ns, Reaching safepoint: 50070 ns, At safepoint: 2319 ns, Total: 52389 ns
[2023-03-21T00:40:43.281+0000][8][safepoint   ] Safepoint "Cleanup", Time since last: 64134234778 ns, Reaching safepoint: 101021 ns, At safepoint: 409815 ns, Total: 510836 ns
[2023-03-21T00:41:35.392+0000][8][safepoint   ] Safepoint "Cleanup", Time since last: 52110977370 ns, Reaching safepoint: 68519 ns, At safepoint: 4099 ns, Total: 72618 ns
[2023-03-21T00:41:42.409+0000][8][safepoint   ] Safepoint "Cleanup", Time since last: 7016252073 ns, Reaching safepoint: 155699 ns, At safepoint: 5119 ns, Total: 160818 ns
[2023-03-21T00:41:52.593+0000][8][safepoint   ] Safepoint "Cleanup", Time since last: 10184219980 ns, Reaching safepoint: 127784 ns, At safepoint: 4129 ns, Total: 131913 ns
[2023-03-21T00:41:55.903+0000][8][safepoint   ] Safepoint "Cleanup", Time since last: 3310120650 ns, Reaching safepoint: 79453 ns, At safepoint: 25743 ns, Total: 105196 ns
[2023-03-21T00:42:04.913+0000][8][safepoint   ] Safepoint "Cleanup", Time since last: 9009198435 ns, Reaching safepoint: 161544 ns, At safepoint: 6294 ns, Total: 167838 ns
[2023-03-21T00:42:05.913+0000][8][safepoint   ] Safepoint "Cleanup", Time since last: 1000343047 ns, Reaching safepoint: 119153 ns, At safepoint: 7319 ns, Total: 126472 ns
[2023-03-21T00:42:30.966+0000][8][safepoint   ] Safepoint "Cleanup", Time since last: 25053359005 ns, Reaching safepoint: 76238 ns, At safepoint: 3788 ns, Total: 80026 ns
[2023-03-21T00:42:40.984+0000][8][safepoint   ] Safepoint "Cleanup", Time since last: 10017521370 ns, Reaching safepoint: 79573 ns, At safepoint: 3777 ns, Total: 83350 ns
[2023-03-21T00:42:42.987+0000][8][safepoint   ] Safepoint "Cleanup", Time since last: 2003071342 ns, Reaching safepoint: 144430 ns, At safepoint: 3906 ns, Total: 148336 ns
[2023-03-21T00:42:48.997+0000][8][safepoint   ] Safepoint "Cleanup", Time since last: 6009867253 ns, Reaching safepoint: 100693 ns, At safepoint: 3670 ns, Total: 104363 ns
[2023-03-21T00:42:50.001+0000][8][safepoint   ] Safepoint "Cleanup", Time since last: 1003387064 ns, Reaching safepoint: 84093 ns, At safepoint: 4950 ns, Total: 89043 ns
[2023-03-21T00:43:33.971+0000][8][gc,start    ] GC(28) Pause Young (Normal) (G1 Evacuation Pause)
[2023-03-21T00:43:33.971+0000][8][gc,task     ] GC(28) Using 4 workers of 4 for evacuation
[2023-03-21T00:43:33.971+0000][8][gc,age      ] GC(28) Desired survivor size 20971520 bytes, new threshold 15 (max threshold 15)
[2023-03-21T00:43:33.985+0000][8][gc,phases   ] GC(28)   Pre Evacuate Collection Set: 0.1ms
[2023-03-21T00:43:33.985+0000][8][gc,phases   ] GC(28)   Merge Heap Roots: 0.1ms
[2023-03-21T00:43:33.985+0000][8][gc,phases   ] GC(28)   Evacuate Collection Set: 11.0ms
[2023-03-21T00:43:33.985+0000][8][gc,phases   ] GC(28)   Post Evacuate Collection Set: 2.4ms
[2023-03-21T00:43:33.985+0000][8][gc,phases   ] GC(28)   Other: 0.1ms
[2023-03-21T00:43:33.985+0000][8][gc,age      ] GC(28) Age table with threshold 15 (max threshold 15)
[2023-03-21T00:43:33.985+0000][8][gc,age      ] GC(28) - age   1:     806648 bytes,     806648 total
[2023-03-21T00:43:33.985+0000][8][gc,age      ] GC(28) - age   2:    1448392 bytes,    2255040 total
[2023-03-21T00:43:33.985+0000][8][gc,age      ] GC(28) - age   3:      81624 bytes,    2336664 total
[2023-03-21T00:43:33.985+0000][8][gc,age      ] GC(28) - age   4:      79664 bytes,    2416328 total
[2023-03-21T00:43:33.985+0000][8][gc,age      ] GC(28) - age   5:     135336 bytes,    2551664 total
[2023-03-21T00:43:33.985+0000][8][gc,age      ] GC(28) - age   6:     362520 bytes,    2914184 total
[2023-03-21T00:43:33.985+0000][8][gc,age      ] GC(28) - age   7:    1250824 bytes,    4165008 total
[2023-03-21T00:43:33.985+0000][8][gc,age      ] GC(28) - age   8:     964048 bytes,    5129056 total
[2023-03-21T00:43:33.985+0000][8][gc,age      ] GC(28) - age   9:    1560440 bytes,    6689496 total
[2023-03-21T00:43:33.985+0000][8][gc,age      ] GC(28) - age  10:    1043256 bytes,    7732752 total
[2023-03-21T00:43:33.985+0000][8][gc,age      ] GC(28) - age  11:    2327696 bytes,   10060448 total
[2023-03-21T00:43:33.985+0000][8][gc,age      ] GC(28) - age  12:    3720080 bytes,   13780528 total
[2023-03-21T00:43:33.985+0000][8][gc,heap     ] GC(28) Eden regions: 72->0(72)
[2023-03-21T00:43:33.985+0000][8][gc,heap     ] GC(28) Survivor regions: 4->4(10)
[2023-03-21T00:43:33.985+0000][8][gc,heap     ] GC(28) Old regions: 17->17
[2023-03-21T00:43:33.985+0000][8][gc,heap     ] GC(28) Archive regions: 2->2
[2023-03-21T00:43:33.985+0000][8][gc,heap     ] GC(28) Humongous regions: 2->2
[2023-03-21T00:43:33.985+0000][8][gc,metaspace] GC(28) Metaspace: 114174K(116864K)->114174K(116864K) NonClass: 99294K(100736K)->99294K(100736K) Class: 14879K(16128K)->14879K(16128K)
[2023-03-21T00:43:33.985+0000][8][gc          ] GC(28) Pause Young (Normal) (G1 Evacuation Pause) 381M->93M(512M) 14.325ms
[2023-03-21T00:43:33.985+0000][8][gc,cpu      ] GC(28) User=0.04s Sys=0.01s Real=0.02s
[2023-03-21T00:43:33.985+0000][8][safepoint   ] Safepoint "G1CollectForAllocation", Time since last: 43969740393 ns, Reaching safepoint: 366204 ns, At safepoint: 14418216 ns, Total: 14784420 ns
[2023-03-21T00:43:54.044+0000][8][safepoint   ] Safepoint "Cleanup", Time since last: 20058560488 ns, Reaching safepoint: 263615 ns, At safepoint: 3693 ns, Total: 267308 ns
[2023-03-21T00:43:56.046+0000][8][safepoint   ] Safepoint "Cleanup", Time since last: 2002231665 ns, Reaching safepoint: 118880 ns, At safepoint: 4371 ns, Total: 123251 ns
[2023-03-21T00:44:04.051+0000][8][safepoint   ] Safepoint "Cleanup", Time since last: 8004812987 ns, Reaching safepoint: 90069 ns, At safepoint: 4148 ns, Total: 94217 ns
[2023-03-21T00:44:19.065+0000][8][safepoint   ] Safepoint "Cleanup", Time since last: 15013798580 ns, Reaching safepoint: 107158 ns, At safepoint: 238577 ns, Total: 345735 ns
[2023-03-21T00:44:22.069+0000][8][safepoint   ] Safepoint "Cleanup", Time since last: 3003420642 ns, Reaching safepoint: 111752 ns, At safepoint: 4843 ns, Total: 116595 ns
[2023-03-21T00:44:42.101+0000][8][safepoint   ] Safepoint "Cleanup", Time since last: 20032329463 ns, Reaching safepoint: 107513 ns, At safepoint: 4275 ns, Total: 111788 ns
[2023-03-21T00:44:47.113+0000][8][safepoint   ] Safepoint "Cleanup", Time since last: 5011004842 ns, Reaching safepoint: 99451 ns, At safepoint: 5375 ns, Total: 104826 ns
[2023-03-21T00:44:49.114+0000][8][safepoint   ] Safepoint "Cleanup", Time since last: 2000840605 ns, Reaching safepoint: 127470 ns, At safepoint: 3799 ns, Total: 131269 ns
[2023-03-21T00:44:51.127+0000][8][safepoint   ] Safepoint "Cleanup", Time since last: 2013429478 ns, Reaching safepoint: 211574 ns, At safepoint: 3884 ns, Total: 215458 ns
[2023-03-21T00:44:53.142+0000][8][safepoint   ] Safepoint "Cleanup", Time since last: 2014382344 ns, Reaching safepoint: 213279 ns, At safepoint: 3559 ns, Total: 216838 ns
[2023-03-21T00:44:59.153+0000][8][safepoint   ] Safepoint "Cleanup", Time since last: 6011407404 ns, Reaching safepoint: 95669 ns, At safepoint: 3912 ns, Total: 99581 ns
[2023-03-21T00:45:03.162+0000][8][safepoint   ] Safepoint "Cleanup", Time since last: 4008381468 ns, Reaching safepoint: 44589 ns, At safepoint: 2662 ns, Total: 47251 ns
[2023-03-21T00:45:04.164+0000][8][safepoint   ] Safepoint "Cleanup", Time since last: 1002364041 ns, Reaching safepoint: 72971 ns, At safepoint: 3757 ns, Total: 76728 ns
[2023-03-21T00:45:28.206+0000][8][safepoint   ] Safepoint "Cleanup", Time since last: 24041773305 ns, Reaching safepoint: 54432 ns, At safepoint: 2766 ns, Total: 57198 ns
[2023-03-21T00:45:31.208+0000][8][safepoint   ] Safepoint "Cleanup", Time since last: 3002190435 ns, Reaching safepoint: 78837 ns, At safepoint: 3933 ns, Total: 82770 ns
[2023-03-21T00:45:40.215+0000][8][safepoint   ] Safepoint "Cleanup", Time since last: 9006772790 ns, Reaching safepoint: 55943 ns, At safepoint: 2749 ns, Total: 58692 ns
[2023-03-21T00:45:43.218+0000][8][safepoint   ] Safepoint "Cleanup", Time since last: 3002498311 ns, Reaching safepoint: 50106 ns, At safepoint: 2879 ns, Total: 52985 ns
[2023-03-21T00:46:36.286+0000][8][safepoint   ] Safepoint "Cleanup", Time since last: 53068282946 ns, Reaching safepoint: 92757 ns, At safepoint: 3675 ns, Total: 96432 ns
[2023-03-21T00:46:40.292+0000][8][safepoint   ] Safepoint "Cleanup", Time since last: 4005924286 ns, Reaching safepoint: 70246 ns, At safepoint: 3255 ns, Total: 73501 ns
[2023-03-21T00:46:50.308+0000][8][safepoint   ] Safepoint "Cleanup", Time since last: 10015459817 ns, Reaching safepoint: 89500 ns, At safepoint: 3813 ns, Total: 93313 ns
[2023-03-21T00:47:37.430+0000][8][safepoint   ] Safepoint "Cleanup", Time since last: 47122786067 ns, Reaching safepoint: 138027 ns, At safepoint: 3503 ns, Total: 141530 ns
[2023-03-21T00:49:00.595+0000][8][safepoint   ] Safepoint "Cleanup", Time since last: 83164353153 ns, Reaching safepoint: 111442 ns, At safepoint: 5043 ns, Total: 116485 ns
[2023-03-21T00:50:57.865+0000][8][safepoint   ] Safepoint "Cleanup", Time since last: 117270327047 ns, Reaching safepoint: 100790 ns, At safepoint: 4790 ns, Total: 105580 ns
[2023-03-21T00:51:27.920+0000][8][safepoint   ] Safepoint "Cleanup", Time since last: 30054613666 ns, Reaching safepoint: 107086 ns, At safepoint: 4299 ns, Total: 111385 ns
[2023-03-21T00:51:38.932+0000][8][safepoint   ] Safepoint "Cleanup", Time since last: 11011567719 ns, Reaching safepoint: 158470 ns, At safepoint: 8401 ns, Total: 166871 ns
[2023-03-21T00:51:39.940+0000][8][safepoint   ] Safepoint "Cleanup", Time since last: 1008267175 ns, Reaching safepoint: 73909 ns, At safepoint: 4509 ns, Total: 78418 ns
[2023-03-21T00:51:41.980+0000][8][safepoint   ] Safepoint "Cleanup", Time since last: 2038759442 ns, Reaching safepoint: 751227 ns, At safepoint: 133871 ns, Total: 885098 ns
[2023-03-21T00:51:42.983+0000][8][safepoint   ] Safepoint "Cleanup", Time since last: 1002947826 ns, Reaching safepoint: 69567 ns, At safepoint: 3484 ns, Total: 73051 ns
[2023-03-21T00:51:57.010+0000][8][safepoint   ] Safepoint "Cleanup", Time since last: 14026590766 ns, Reaching safepoint: 122114 ns, At safepoint: 12569 ns, Total: 134683 ns
[2023-03-21T00:52:16.075+0000][8][safepoint   ] Safepoint "Cleanup", Time since last: 19064613328 ns, Reaching safepoint: 338363 ns, At safepoint: 33972 ns, Total: 372335 ns
[2023-03-21T00:52:19.081+0000][8][safepoint   ] Safepoint "Cleanup", Time since last: 3006617992 ns, Reaching safepoint: 247411 ns, At safepoint: 41692 ns, Total: 289103 ns
[2023-03-21T00:52:23.093+0000][8][safepoint   ] Safepoint "Cleanup", Time since last: 4011215119 ns, Reaching safepoint: 42777 ns, At safepoint: 28889 ns, Total: 71666 ns
[2023-03-21T00:52:28.107+0000][8][safepoint   ] Safepoint "Cleanup", Time since last: 5013876357 ns, Reaching safepoint: 123975 ns, At safepoint: 7449 ns, Total: 131424 ns
[2023-03-21T00:52:43.119+0000][8][safepoint   ] Safepoint "Cleanup", Time since last: 15012456915 ns, Reaching safepoint: 121258 ns, At safepoint: 4674 ns, Total: 125932 ns
[2023-03-21T00:52:54.137+0000][8][safepoint   ] Safepoint "Cleanup", Time since last: 11017809869 ns, Reaching safepoint: 84202 ns, At safepoint: 3996 ns, Total: 88198 ns
[2023-03-21T00:52:59.144+0000][8][safepoint   ] Safepoint "Cleanup", Time since last: 5006563818 ns, Reaching safepoint: 169286 ns, At safepoint: 5601 ns, Total: 174887 ns
[2023-03-21T00:53:16.207+0000][8][safepoint   ] Safepoint "Cleanup", Time since last: 17063346799 ns, Reaching safepoint: 118650 ns, At safepoint: 4057 ns, Total: 122707 ns
[2023-03-21T00:53:17.209+0000][8][safepoint   ] Safepoint "Cleanup", Time since last: 1001316442 ns, Reaching safepoint: 121785 ns, At safepoint: 4674 ns, Total: 126459 ns
[2023-03-21T00:53:19.212+0000][8][safepoint   ] Safepoint "Cleanup", Time since last: 2002704328 ns, Reaching safepoint: 96202 ns, At safepoint: 3582 ns, Total: 99784 ns
[2023-03-21T00:53:20.213+0000][8][safepoint   ] Safepoint "Cleanup", Time since last: 1001468981 ns, Reaching safepoint: 145771 ns, At safepoint: 6651 ns, Total: 152422 ns
[2023-03-21T00:53:34.267+0000][8][safepoint   ] Safepoint "Cleanup", Time since last: 14053291397 ns, Reaching safepoint: 48789 ns, At safepoint: 90010 ns, Total: 138799 ns
[2023-03-21T00:53:55.297+0000][8][safepoint   ] Safepoint "Cleanup", Time since last: 21030396587 ns, Reaching safepoint: 72295 ns, At safepoint: 3135 ns, Total: 75430 ns
[2023-03-21T00:54:04.312+0000][8][safepoint   ] Safepoint "Cleanup", Time since last: 9014868236 ns, Reaching safepoint: 203227 ns, At safepoint: 5875 ns, Total: 209102 ns
[2023-03-21T00:55:41.153+0000][8][gc,start    ] GC(29) Pause Young (Normal) (G1 Evacuation Pause)
[2023-03-21T00:55:41.153+0000][8][gc,task     ] GC(29) Using 4 workers of 4 for evacuation
[2023-03-21T00:55:41.153+0000][8][gc,age      ] GC(29) Desired survivor size 20971520 bytes, new threshold 15 (max threshold 15)
[2023-03-21T00:55:41.172+0000][8][gc,phases   ] GC(29)   Pre Evacuate Collection Set: 0.1ms
[2023-03-21T00:55:41.172+0000][8][gc,phases   ] GC(29)   Merge Heap Roots: 0.2ms
[2023-03-21T00:55:41.172+0000][8][gc,phases   ] GC(29)   Evacuate Collection Set: 11.7ms
[2023-03-21T00:55:41.172+0000][8][gc,phases   ] GC(29)   Post Evacuate Collection Set: 7.0ms
[2023-03-21T00:55:41.172+0000][8][gc,phases   ] GC(29)   Other: 0.1ms
[2023-03-21T00:55:41.172+0000][8][gc,age      ] GC(29) Age table with threshold 15 (max threshold 15)
[2023-03-21T00:55:41.172+0000][8][gc,age      ] GC(29) - age   1:     593696 bytes,     593696 total
[2023-03-21T00:55:41.172+0000][8][gc,age      ] GC(29) - age   2:     631664 bytes,    1225360 total
[2023-03-21T00:55:41.172+0000][8][gc,age      ] GC(29) - age   3:    1445664 bytes,    2671024 total
[2023-03-21T00:55:41.172+0000][8][gc,age      ] GC(29) - age   4:      81440 bytes,    2752464 total
[2023-03-21T00:55:41.172+0000][8][gc,age      ] GC(29) - age   5:      79568 bytes,    2832032 total
[2023-03-21T00:55:41.172+0000][8][gc,age      ] GC(29) - age   6:     135336 bytes,    2967368 total
[2023-03-21T00:55:41.172+0000][8][gc,age      ] GC(29) - age   7:     362520 bytes,    3329888 total
[2023-03-21T00:55:41.172+0000][8][gc,age      ] GC(29) - age   8:    1250824 bytes,    4580712 total
[2023-03-21T00:55:41.172+0000][8][gc,age      ] GC(29) - age   9:     964048 bytes,    5544760 total
[2023-03-21T00:55:41.172+0000][8][gc,age      ] GC(29) - age  10:    1560440 bytes,    7105200 total
[2023-03-21T00:55:41.172+0000][8][gc,age      ] GC(29) - age  11:    1043192 bytes,    8148392 total
[2023-03-21T00:55:41.172+0000][8][gc,age      ] GC(29) - age  12:    2327584 bytes,   10475976 total
[2023-03-21T00:55:41.172+0000][8][gc,age      ] GC(29) - age  13:    3720080 bytes,   14196056 total
[2023-03-21T00:55:41.172+0000][8][gc,heap     ] GC(29) Eden regions: 72->0(72)
[2023-03-21T00:55:41.172+0000][8][gc,heap     ] GC(29) Survivor regions: 4->4(10)
[2023-03-21T00:55:41.172+0000][8][gc,heap     ] GC(29) Old regions: 17->17
[2023-03-21T00:55:41.172+0000][8][gc,heap     ] GC(29) Archive regions: 2->2
[2023-03-21T00:55:41.172+0000][8][gc,heap     ] GC(29) Humongous regions: 2->2
[2023-03-21T00:55:41.172+0000][8][gc,metaspace] GC(29) Metaspace: 114241K(116928K)->114241K(116928K) NonClass: 99361K(100800K)->99361K(100800K) Class: 14880K(16128K)->14880K(16128K)
[2023-03-21T00:55:41.172+0000][8][gc          ] GC(29) Pause Young (Normal) (G1 Evacuation Pause) 381M->94M(512M) 19.564ms
[2023-03-21T00:55:41.172+0000][8][gc,cpu      ] GC(29) User=0.02s Sys=0.02s Real=0.02s
[2023-03-21T00:55:41.173+0000][8][safepoint   ] Safepoint "G1CollectForAllocation", Time since last: 96840506984 ns, Reaching safepoint: 37921 ns, At safepoint: 19660985 ns, Total: 19698906 ns
[2023-03-21T00:56:31.292+0000][8][safepoint   ] Safepoint "Cleanup", Time since last: 50118968405 ns, Reaching safepoint: 200111 ns, At safepoint: 3411 ns, Total: 203522 ns
[2023-03-21T00:56:40.303+0000][8][safepoint   ] Safepoint "Cleanup", Time since last: 9010720470 ns, Reaching safepoint: 105198 ns, At safepoint: 4148 ns, Total: 109346 ns
[2023-03-21T00:56:46.319+0000][8][safepoint   ] Safepoint "Cleanup", Time since last: 6016753616 ns, Reaching safepoint: 79819 ns, At safepoint: 3817 ns, Total: 83636 ns
[2023-03-21T00:57:42.457+0000][8][safepoint   ] Safepoint "Cleanup", Time since last: 56137007673 ns, Reaching safepoint: 156484 ns, At safepoint: 4149 ns, Total: 160633 ns
[2023-03-21T00:57:43.457+0000][8][safepoint   ] Safepoint "Cleanup", Time since last: 1000624384 ns, Reaching safepoint: 189994 ns, At safepoint: 4356 ns, Total: 194350 ns
[2023-03-21T00:57:44.462+0000][8][safepoint   ] Safepoint "Cleanup", Time since last: 1004807260 ns, Reaching safepoint: 89009 ns, At safepoint: 6247 ns, Total: 95256 ns
[2023-03-21T00:57:50.475+0000][8][safepoint   ] Safepoint "Cleanup", Time since last: 6012240593 ns, Reaching safepoint: 157401 ns, At safepoint: 4571 ns, Total: 161972 ns
[2023-03-21T00:58:14.525+0000][8][safepoint   ] Safepoint "Cleanup", Time since last: 24049990901 ns, Reaching safepoint: 127864 ns, At safepoint: 4630 ns, Total: 132494 ns
[2023-03-21T00:58:31.557+0000][8][safepoint   ] Safepoint "Cleanup", Time since last: 17032142362 ns, Reaching safepoint: 293913 ns, At safepoint: 7645 ns, Total: 301558 ns
[2023-03-21T00:58:41.592+0000][8][safepoint   ] Safepoint "Cleanup", Time since last: 10034720441 ns, Reaching safepoint: 216831 ns, At safepoint: 24379 ns, Total: 241210 ns
[2023-03-21T00:58:44.596+0000][8][safepoint   ] Safepoint "Cleanup", Time since last: 3003927307 ns, Reaching safepoint: 229439 ns, At safepoint: 32032 ns, Total: 261471 ns
[2023-03-21T00:59:09.647+0000][8][safepoint   ] Safepoint "Cleanup", Time since last: 25048751768 ns, Reaching safepoint: 1880792 ns, At safepoint: 22263 ns, Total: 1903055 ns
[2023-03-21T00:59:21.661+0000][8][safepoint   ] Safepoint "Cleanup", Time since last: 12014235808 ns, Reaching safepoint: 143743 ns, At safepoint: 4102 ns, Total: 147845 ns
[2023-03-21T00:59:47.719+0000][8][safepoint   ] Safepoint "Cleanup", Time since last: 26057038996 ns, Reaching safepoint: 243891 ns, At safepoint: 29722 ns, Total: 273613 ns
[2023-03-21T00:59:48.720+0000][8][safepoint   ] Safepoint "Cleanup", Time since last: 1001317827 ns, Reaching safepoint: 132944 ns, At safepoint: 4097 ns, Total: 137041 ns
[2023-03-21T01:00:00.734+0000][8][safepoint   ] Safepoint "Cleanup", Time since last: 12014070742 ns, Reaching safepoint: 168531 ns, At safepoint: 33945 ns, Total: 202476 ns
[2023-03-21T01:00:14.755+0000][8][safepoint   ] Safepoint "Cleanup", Time since last: 14020645888 ns, Reaching safepoint: 104314 ns, At safepoint: 5762 ns, Total: 110076 ns
[2023-03-21T01:01:23.885+0000][8][safepoint   ] Safepoint "Cleanup", Time since last: 69129194612 ns, Reaching safepoint: 129290 ns, At safepoint: 158977 ns, Total: 288267 ns
[2023-03-21T01:01:40.913+0000][8][safepoint   ] Safepoint "Cleanup", Time since last: 17028023221 ns, Reaching safepoint: 252586 ns, At safepoint: 9102 ns, Total: 261688 ns
[2023-03-21T01:01:52.956+0000][8][safepoint   ] Safepoint "Cleanup", Time since last: 12042504812 ns, Reaching safepoint: 158661 ns, At safepoint: 4969 ns, Total: 163630 ns
[2023-03-21T01:02:03.023+0000][8][safepoint   ] Safepoint "Cleanup", Time since last: 10066926580 ns, Reaching safepoint: 147546 ns, At safepoint: 3515 ns, Total: 151061 ns
[2023-03-21T01:02:48.138+0000][8][safepoint   ] Safepoint "Cleanup", Time since last: 45115553729 ns, Reaching safepoint: 223659 ns, At safepoint: 3820 ns, Total: 227479 ns
[2023-03-21T01:03:04.168+0000][8][safepoint   ] Safepoint "Cleanup", Time since last: 16029760909 ns, Reaching safepoint: 92632 ns, At safepoint: 3328 ns, Total: 95960 ns
[2023-03-21T01:03:12.177+0000][8][safepoint   ] Safepoint "Cleanup", Time since last: 8008031752 ns, Reaching safepoint: 268575 ns, At safepoint: 35487 ns, Total: 304062 ns
[2023-03-21T01:03:18.190+0000][8][safepoint   ] Safepoint "Cleanup", Time since last: 6012743493 ns, Reaching safepoint: 88919 ns, At safepoint: 3626 ns, Total: 92545 ns
[2023-03-21T01:03:46.217+0000][8][safepoint   ] Safepoint "Cleanup", Time since last: 28027298549 ns, Reaching safepoint: 104796 ns, At safepoint: 5732 ns, Total: 110528 ns
[2023-03-21T01:04:13.251+0000][8][safepoint   ] Safepoint "Cleanup", Time since last: 27033704852 ns, Reaching safepoint: 145482 ns, At safepoint: 125667 ns, Total: 271149 ns
[2023-03-21T01:06:07.467+0000][8][gc,start    ] GC(30) Pause Young (Normal) (G1 Evacuation Pause)
[2023-03-21T01:06:07.467+0000][8][gc,task     ] GC(30) Using 4 workers of 4 for evacuation
[2023-03-21T01:06:07.467+0000][8][gc,age      ] GC(30) Desired survivor size 20971520 bytes, new threshold 15 (max threshold 15)
[2023-03-21T01:06:07.481+0000][8][gc,phases   ] GC(30)   Pre Evacuate Collection Set: 0.1ms
[2023-03-21T01:06:07.481+0000][8][gc,phases   ] GC(30)   Merge Heap Roots: 0.2ms
[2023-03-21T01:06:07.481+0000][8][gc,phases   ] GC(30)   Evacuate Collection Set: 10.0ms
[2023-03-21T01:06:07.481+0000][8][gc,phases   ] GC(30)   Post Evacuate Collection Set: 3.5ms
[2023-03-21T01:06:07.481+0000][8][gc,phases   ] GC(30)   Other: 0.1ms
[2023-03-21T01:06:07.481+0000][8][gc,age      ] GC(30) Age table with threshold 15 (max threshold 15)
[2023-03-21T01:06:07.481+0000][8][gc,age      ] GC(30) - age   1:     822112 bytes,     822112 total
[2023-03-21T01:06:07.481+0000][8][gc,age      ] GC(30) - age   2:     394216 bytes,    1216328 total
[2023-03-21T01:06:07.481+0000][8][gc,age      ] GC(30) - age   3:     630680 bytes,    1847008 total
[2023-03-21T01:06:07.481+0000][8][gc,age      ] GC(30) - age   4:    1419792 bytes,    3266800 total
[2023-03-21T01:06:07.481+0000][8][gc,age      ] GC(30) - age   5:      33496 bytes,    3300296 total
[2023-03-21T01:06:07.481+0000][8][gc,age      ] GC(30) - age   6:      79568 bytes,    3379864 total
[2023-03-21T01:06:07.481+0000][8][gc,age      ] GC(30) - age   7:     135336 bytes,    3515200 total
[2023-03-21T01:06:07.481+0000][8][gc,age      ] GC(30) - age   8:     362520 bytes,    3877720 total
[2023-03-21T01:06:07.481+0000][8][gc,age      ] GC(30) - age   9:    1250592 bytes,    5128312 total
[2023-03-21T01:06:07.481+0000][8][gc,age      ] GC(30) - age  10:     935872 bytes,    6064184 total
[2023-03-21T01:06:07.481+0000][8][gc,age      ] GC(30) - age  11:    1551968 bytes,    7616152 total
[2023-03-21T01:06:07.481+0000][8][gc,age      ] GC(30) - age  12:    1029328 bytes,    8645480 total
[2023-03-21T01:06:07.481+0000][8][gc,age      ] GC(30) - age  13:    2310808 bytes,   10956288 total
[2023-03-21T01:06:07.481+0000][8][gc,age      ] GC(30) - age  14:    3719400 bytes,   14675688 total
[2023-03-21T01:06:07.481+0000][8][gc,heap     ] GC(30) Eden regions: 72->0(72)
[2023-03-21T01:06:07.481+0000][8][gc,heap     ] GC(30) Survivor regions: 4->4(10)
[2023-03-21T01:06:07.481+0000][8][gc,heap     ] GC(30) Old regions: 17->17
[2023-03-21T01:06:07.481+0000][8][gc,heap     ] GC(30) Archive regions: 2->2
[2023-03-21T01:06:07.481+0000][8][gc,heap     ] GC(30) Humongous regions: 2->2
[2023-03-21T01:06:07.481+0000][8][gc,metaspace] GC(30) Metaspace: 114447K(117120K)->114447K(117120K) NonClass: 99544K(100928K)->99544K(100928K) Class: 14903K(16192K)->14903K(16192K)
[2023-03-21T01:06:07.481+0000][8][gc          ] GC(30) Pause Young (Normal) (G1 Evacuation Pause) 382M->94M(512M) 14.242ms
[2023-03-21T01:06:07.481+0000][8][gc,cpu      ] GC(30) User=0.03s Sys=0.00s Real=0.01s
[2023-03-21T01:06:07.481+0000][8][safepoint   ] Safepoint "G1CollectForAllocation", Time since last: 114215623384 ns, Reaching safepoint: 489057 ns, At safepoint: 14408800 ns, Total: 14897857 ns
[2023-03-21T01:06:08.483+0000][8][safepoint   ] Safepoint "Cleanup", Time since last: 1000735004 ns, Reaching safepoint: 353705 ns, At safepoint: 50611 ns, Total: 404316 ns
[2023-03-21T01:06:32.508+0000][8][safepoint   ] Safepoint "Cleanup", Time since last: 24024842371 ns, Reaching safepoint: 272733 ns, At safepoint: 4541 ns, Total: 277274 ns
[2023-03-21T01:06:54.565+0000][8][safepoint   ] Safepoint "Cleanup", Time since last: 22057420790 ns, Reaching safepoint: 177543 ns, At safepoint: 10370 ns, Total: 187913 ns
[2023-03-21T01:07:11.595+0000][8][safepoint   ] Safepoint "Cleanup", Time since last: 17029309403 ns, Reaching safepoint: 298893 ns, At safepoint: 5021 ns, Total: 303914 ns
[2023-03-21T01:07:21.612+0000][8][safepoint   ] Safepoint "Cleanup", Time since last: 10017174681 ns, Reaching safepoint: 219532 ns, At safepoint: 23980 ns, Total: 243512 ns
[2023-03-21T01:07:54.680+0000][8][safepoint   ] Safepoint "Cleanup", Time since last: 33067634863 ns, Reaching safepoint: 394013 ns, At safepoint: 7263 ns, Total: 401276 ns
[2023-03-21T01:07:57.703+0000][8][safepoint   ] Safepoint "Cleanup", Time since last: 3021913624 ns, Reaching safepoint: 259278 ns, At safepoint: 6300 ns, Total: 265578 ns
[2023-03-21T01:08:17.744+0000][8][safepoint   ] Safepoint "Cleanup", Time since last: 20040885369 ns, Reaching safepoint: 280307 ns, At safepoint: 6560 ns, Total: 286867 ns
[2023-03-21T01:08:25.752+0000][8][safepoint   ] Safepoint "Cleanup", Time since last: 8007952227 ns, Reaching safepoint: 98168 ns, At safepoint: 13240 ns, Total: 111408 ns
[2023-03-21T01:09:12.866+0000][8][safepoint   ] Safepoint "Cleanup", Time since last: 47113619378 ns, Reaching safepoint: 138703 ns, At safepoint: 6378 ns, Total: 145081 ns
[2023-03-21T01:09:14.868+0000][8][safepoint   ] Safepoint "Cleanup", Time since last: 2002520261 ns, Reaching safepoint: 87869 ns, At safepoint: 9173 ns, Total: 97042 ns
[2023-03-21T01:09:16.023+0000][8][safepoint   ] Safepoint "Cleanup", Time since last: 1154863584 ns, Reaching safepoint: 282367 ns, At safepoint: 6877 ns, Total: 289244 ns
[2023-03-21T01:09:19.035+0000][8][safepoint   ] Safepoint "Cleanup", Time since last: 3011953601 ns, Reaching safepoint: 211634 ns, At safepoint: 12869 ns, Total: 224503 ns
[2023-03-21T01:09:20.037+0000][8][safepoint   ] Safepoint "Cleanup", Time since last: 1001715047 ns, Reaching safepoint: 94483 ns, At safepoint: 5697 ns, Total: 100180 ns
[2023-03-21T01:09:21.039+0000][8][safepoint   ] Safepoint "Cleanup", Time since last: 1001095748 ns, Reaching safepoint: 194392 ns, At safepoint: 19226 ns, Total: 213618 ns
[2023-03-21T01:09:23.041+0000][8][safepoint   ] Safepoint "Cleanup", Time since last: 2002654066 ns, Reaching safepoint: 155798 ns, At safepoint: 7194 ns, Total: 162992 ns
[2023-03-21T01:09:28.052+0000][8][safepoint   ] Safepoint "Cleanup", Time since last: 5010380782 ns, Reaching safepoint: 149536 ns, At safepoint: 8106 ns, Total: 157642 ns
[2023-03-21T01:09:29.054+0000][8][safepoint   ] Safepoint "Cleanup", Time since last: 1001536993 ns, Reaching safepoint: 108042 ns, At safepoint: 4068 ns, Total: 112110 ns
[2023-03-21T01:09:31.056+0000][8][safepoint   ] Safepoint "Cleanup", Time since last: 2002411119 ns, Reaching safepoint: 104609 ns, At safepoint: 5135 ns, Total: 109744 ns
[2023-03-21T01:09:32.058+0000][8][safepoint   ] Safepoint "Cleanup", Time since last: 1001440159 ns, Reaching safepoint: 233560 ns, At safepoint: 7828 ns, Total: 241388 ns
[2023-03-21T01:09:33.060+0000][8][safepoint   ] Safepoint "Cleanup", Time since last: 1002402237 ns, Reaching safepoint: 173601 ns, At safepoint: 7761 ns, Total: 181362 ns
[2023-03-21T01:09:37.067+0000][8][safepoint   ] Safepoint "Cleanup", Time since last: 4006900803 ns, Reaching safepoint: 109686 ns, At safepoint: 3352 ns, Total: 113038 ns
[2023-03-21T01:09:41.133+0000][8][safepoint   ] Safepoint "Cleanup", Time since last: 4065765378 ns, Reaching safepoint: 234163 ns, At safepoint: 30611 ns, Total: 264774 ns
[2023-03-21T01:09:42.142+0000][8][safepoint   ] Safepoint "Cleanup", Time since last: 1008870842 ns, Reaching safepoint: 112261 ns, At safepoint: 4369 ns, Total: 116630 ns
[2023-03-21T01:09:49.156+0000][8][safepoint   ] Safepoint "Cleanup", Time since last: 7013097559 ns, Reaching safepoint: 351137 ns, At safepoint: 12207 ns, Total: 363344 ns
[2023-03-21T01:09:59.164+0000][8][safepoint   ] Safepoint "Cleanup", Time since last: 10008126695 ns, Reaching safepoint: 105242 ns, At safepoint: 4479 ns, Total: 109721 ns
[2023-03-21T01:10:00.165+0000][8][safepoint   ] Safepoint "Cleanup", Time since last: 1000446730 ns, Reaching safepoint: 157330 ns, At safepoint: 4343 ns, Total: 161673 ns
[2023-03-21T01:10:02.171+0000][8][safepoint   ] Safepoint "Cleanup", Time since last: 2005925507 ns, Reaching safepoint: 103645 ns, At safepoint: 4195 ns, Total: 107840 ns
[2023-03-21T01:10:07.175+0000][8][safepoint   ] Safepoint "Cleanup", Time since last: 5004585477 ns, Reaching safepoint: 131839 ns, At safepoint: 3801 ns, Total: 135640 ns
[2023-03-21T01:10:08.176+0000][8][safepoint   ] Safepoint "Cleanup", Time since last: 1000635147 ns, Reaching safepoint: 189187 ns, At safepoint: 4930 ns, Total: 194117 ns
[2023-03-21T01:10:09.276+0000][8][safepoint   ] Safepoint "Cleanup", Time since last: 1099224857 ns, Reaching safepoint: 187169 ns, At safepoint: 2985 ns, Total: 190154 ns
[2023-03-21T01:10:14.282+0000][8][safepoint   ] Safepoint "Cleanup", Time since last: 5005773633 ns, Reaching safepoint: 131880 ns, At safepoint: 25285 ns, Total: 157165 ns
[2023-03-21T01:10:16.285+0000][8][safepoint   ] Safepoint "Cleanup", Time since last: 2003507369 ns, Reaching safepoint: 113318 ns, At safepoint: 4152 ns, Total: 117470 ns
[2023-03-21T01:10:18.288+0000][8][safepoint   ] Safepoint "Cleanup", Time since last: 2002611700 ns, Reaching safepoint: 310001 ns, At safepoint: 8349 ns, Total: 318350 ns
[2023-03-21T01:10:19.293+0000][8][safepoint   ] Safepoint "Cleanup", Time since last: 1004071174 ns, Reaching safepoint: 995923 ns, At safepoint: 6902 ns, Total: 1002825 ns
[2023-03-21T01:10:24.296+0000][8][safepoint   ] Safepoint "Cleanup", Time since last: 5002283419 ns, Reaching safepoint: 125299 ns, At safepoint: 3555 ns, Total: 128854 ns
[2023-03-21T01:10:25.296+0000][8][safepoint   ] Safepoint "Cleanup", Time since last: 1000603032 ns, Reaching safepoint: 131245 ns, At safepoint: 8058 ns, Total: 139303 ns
[2023-03-21T01:10:44.327+0000][8][safepoint   ] Safepoint "Cleanup", Time since last: 19030572977 ns, Reaching safepoint: 62220 ns, At safepoint: 2876 ns, Total: 65096 ns
[2023-03-21T01:11:04.344+0000][8][safepoint   ] Safepoint "Cleanup", Time since last: 20016813676 ns, Reaching safepoint: 82949 ns, At safepoint: 4391 ns, Total: 87340 ns
[2023-03-21T01:11:41.453+0000][8][safepoint   ] Safepoint "Cleanup", Time since last: 37108654205 ns, Reaching safepoint: 164390 ns, At safepoint: 4412 ns, Total: 168802 ns
[2023-03-21T01:11:44.457+0000][8][safepoint   ] Safepoint "Cleanup", Time since last: 3003835106 ns, Reaching safepoint: 111303 ns, At safepoint: 4075 ns, Total: 115378 ns
[2023-03-21T01:11:58.471+0000][8][safepoint   ] Safepoint "Cleanup", Time since last: 14014348778 ns, Reaching safepoint: 90099 ns, At safepoint: 4033 ns, Total: 94132 ns
[2023-03-21T01:12:01.472+0000][8][safepoint   ] Safepoint "Cleanup", Time since last: 3000711842 ns, Reaching safepoint: 53221 ns, At safepoint: 2863 ns, Total: 56084 ns
[2023-03-21T01:12:17.495+0000][8][safepoint   ] Safepoint "Cleanup", Time since last: 16022510734 ns, Reaching safepoint: 79966 ns, At safepoint: 3485 ns, Total: 83451 ns
[2023-03-21T01:12:18.495+0000][8][safepoint   ] Safepoint "Cleanup", Time since last: 1000236307 ns, Reaching safepoint: 110447 ns, At safepoint: 4110 ns, Total: 114557 ns
[2023-03-21T01:12:19.623+0000][8][gc,start    ] GC(31) Pause Young (Normal) (G1 Evacuation Pause)
[2023-03-21T01:12:19.623+0000][8][gc,task     ] GC(31) Using 4 workers of 4 for evacuation
[2023-03-21T01:12:19.623+0000][8][gc,age      ] GC(31) Desired survivor size 20971520 bytes, new threshold 15 (max threshold 15)
[2023-03-21T01:12:19.639+0000][8][gc,phases   ] GC(31)   Pre Evacuate Collection Set: 0.1ms
[2023-03-21T01:12:19.639+0000][8][gc,phases   ] GC(31)   Merge Heap Roots: 0.1ms
[2023-03-21T01:12:19.639+0000][8][gc,phases   ] GC(31)   Evacuate Collection Set: 12.3ms
[2023-03-21T01:12:19.639+0000][8][gc,phases   ] GC(31)   Post Evacuate Collection Set: 3.3ms
[2023-03-21T01:12:19.639+0000][8][gc,phases   ] GC(31)   Other: 0.1ms
[2023-03-21T01:12:19.639+0000][8][gc,age      ] GC(31) Age table with threshold 15 (max threshold 15)
[2023-03-21T01:12:19.639+0000][8][gc,age      ] GC(31) - age   1:    1286648 bytes,    1286648 total
[2023-03-21T01:12:19.639+0000][8][gc,age      ] GC(31) - age   2:     398896 bytes,    1685544 total
[2023-03-21T01:12:19.639+0000][8][gc,age      ] GC(31) - age   3:     352744 bytes,    2038288 total
[2023-03-21T01:12:19.639+0000][8][gc,age      ] GC(31) - age   4:     585048 bytes,    2623336 total
[2023-03-21T01:12:19.639+0000][8][gc,age      ] GC(31) - age   5:     933064 bytes,    3556400 total
[2023-03-21T01:12:19.639+0000][8][gc,age      ] GC(31) - age   6:      32536 bytes,    3588936 total
[2023-03-21T01:12:19.639+0000][8][gc,age      ] GC(31) - age   7:      79528 bytes,    3668464 total
[2023-03-21T01:12:19.639+0000][8][gc,age      ] GC(31) - age   8:     132152 bytes,    3800616 total
[2023-03-21T01:12:19.639+0000][8][gc,age      ] GC(31) - age   9:     359128 bytes,    4159744 total
[2023-03-21T01:12:19.639+0000][8][gc,age      ] GC(31) - age  10:    1239464 bytes,    5399208 total
[2023-03-21T01:12:19.639+0000][8][gc,age      ] GC(31) - age  11:     804984 bytes,    6204192 total
[2023-03-21T01:12:19.639+0000][8][gc,age      ] GC(31) - age  12:    1516536 bytes,    7720728 total
[2023-03-21T01:12:19.639+0000][8][gc,age      ] GC(31) - age  13:    1028872 bytes,    8749600 total
[2023-03-21T01:12:19.639+0000][8][gc,age      ] GC(31) - age  14:    2310096 bytes,   11059696 total
[2023-03-21T01:12:19.639+0000][8][gc,age      ] GC(31) - age  15:    3719336 bytes,   14779032 total
[2023-03-21T01:12:19.639+0000][8][gc,heap     ] GC(31) Eden regions: 72->0(72)
[2023-03-21T01:12:19.639+0000][8][gc,heap     ] GC(31) Survivor regions: 4->4(10)
[2023-03-21T01:12:19.639+0000][8][gc,heap     ] GC(31) Old regions: 17->17
[2023-03-21T01:12:19.639+0000][8][gc,heap     ] GC(31) Archive regions: 2->2
[2023-03-21T01:12:19.639+0000][8][gc,heap     ] GC(31) Humongous regions: 2->2
[2023-03-21T01:12:19.639+0000][8][gc,metaspace] GC(31) Metaspace: 115121K(117824K)->115121K(117824K) NonClass: 100148K(101568K)->100148K(101568K) Class: 14972K(16256K)->14972K(16256K)
[2023-03-21T01:12:19.639+0000][8][gc          ] GC(31) Pause Young (Normal) (G1 Evacuation Pause) 382M->94M(512M) 16.376ms
[2023-03-21T01:12:19.640+0000][8][gc,cpu      ] GC(31) User=0.03s Sys=0.00s Real=0.02s
[2023-03-21T01:12:19.640+0000][8][safepoint   ] Safepoint "G1CollectForAllocation", Time since last: 1128109773 ns, Reaching safepoint: 59229 ns, At safepoint: 16451525 ns, Total: 16510754 ns
[2023-03-21T01:12:20.641+0000][8][safepoint   ] Safepoint "Cleanup", Time since last: 1001043599 ns, Reaching safepoint: 198289 ns, At safepoint: 9933 ns, Total: 208222 ns
[2023-03-21T01:12:21.644+0000][8][safepoint   ] Safepoint "Cleanup", Time since last: 1002698753 ns, Reaching safepoint: 133300 ns, At safepoint: 24848 ns, Total: 158148 ns
[2023-03-21T01:12:24.646+0000][8][safepoint   ] Safepoint "Cleanup", Time since last: 3002363641 ns, Reaching safepoint: 87804 ns, At safepoint: 4584 ns, Total: 92388 ns
[2023-03-21T01:12:25.646+0000][8][safepoint   ] Safepoint "Cleanup", Time since last: 1000188691 ns, Reaching safepoint: 108927 ns, At safepoint: 4620 ns, Total: 113547 ns
[2023-03-21T01:12:26.647+0000][8][safepoint   ] Safepoint "Cleanup", Time since last: 1000338283 ns, Reaching safepoint: 76900 ns, At safepoint: 8025 ns, Total: 84925 ns
[2023-03-21T01:12:37.657+0000][8][safepoint   ] Safepoint "Cleanup", Time since last: 11009993152 ns, Reaching safepoint: 128333 ns, At safepoint: 20717 ns, Total: 149050 ns
[2023-03-21T01:12:42.665+0000][8][safepoint   ] Safepoint "Cleanup", Time since last: 5008215240 ns, Reaching safepoint: 78046 ns, At safepoint: 3663 ns, Total: 81709 ns
[2023-03-21T01:12:45.669+0000][8][safepoint   ] Safepoint "Cleanup", Time since last: 3003222986 ns, Reaching safepoint: 111558 ns, At safepoint: 3809 ns, Total: 115367 ns
[2023-03-21T01:12:46.670+0000][8][safepoint   ] Safepoint "Cleanup", Time since last: 1001549322 ns, Reaching safepoint: 165313 ns, At safepoint: 7012 ns, Total: 172325 ns
[2023-03-21T01:13:02.703+0000][8][safepoint   ] Safepoint "Cleanup", Time since last: 16032088065 ns, Reaching safepoint: 85177 ns, At safepoint: 3676 ns, Total: 88853 ns
[2023-03-21T01:14:11.809+0000][8][safepoint   ] Safepoint "Cleanup", Time since last: 69106572352 ns, Reaching safepoint: 87357 ns, At safepoint: 4296 ns, Total: 91653 ns
[2023-03-21T01:14:15.815+0000][8][safepoint   ] Safepoint "Cleanup", Time since last: 4006078490 ns, Reaching safepoint: 66606 ns, At safepoint: 3091 ns, Total: 69697 ns
[2023-03-21T01:14:43.835+0000][8][safepoint   ] Safepoint "Cleanup", Time since last: 28019948034 ns, Reaching safepoint: 149705 ns, At safepoint: 29998 ns, Total: 179703 ns
[2023-03-21T01:14:56.861+0000][8][safepoint   ] Safepoint "Cleanup", Time since last: 13024325831 ns, Reaching safepoint: 1099236 ns, At safepoint: 52919 ns, Total: 1152155 ns
[2023-03-21T01:15:44.912+0000][8][safepoint   ] Safepoint "Cleanup", Time since last: 48051166154 ns, Reaching safepoint: 125716 ns, At safepoint: 12008 ns, Total: 137724 ns
[2023-03-21T01:15:45.913+0000][8][safepoint   ] Safepoint "Cleanup", Time since last: 1000516146 ns, Reaching safepoint: 108068 ns, At safepoint: 28889 ns, Total: 136957 ns
[2023-03-21T01:15:47.915+0000][8][safepoint   ] Safepoint "Cleanup", Time since last: 2001931683 ns, Reaching safepoint: 69356 ns, At safepoint: 3452 ns, Total: 72808 ns
[2023-03-21T01:15:52.926+0000][8][safepoint   ] Safepoint "Cleanup", Time since last: 5010342004 ns, Reaching safepoint: 218544 ns, At safepoint: 67184 ns, Total: 285728 ns
[2023-03-21T01:15:53.927+0000][8][safepoint   ] Safepoint "Cleanup", Time since last: 1001236176 ns, Reaching safepoint: 136752 ns, At safepoint: 3778 ns, Total: 140530 ns
[2023-03-21T01:15:54.928+0000][8][safepoint   ] Safepoint "Cleanup", Time since last: 1000837511 ns, Reaching safepoint: 379003 ns, At safepoint: 3889 ns, Total: 382892 ns
[2023-03-21T01:15:55.934+0000][8][safepoint   ] Safepoint "Cleanup", Time since last: 1005643130 ns, Reaching safepoint: 92992 ns, At safepoint: 4492 ns, Total: 97484 ns
[2023-03-21T01:15:58.938+0000][8][safepoint   ] Safepoint "Cleanup", Time since last: 3003829005 ns, Reaching safepoint: 45192 ns, At safepoint: 2523 ns, Total: 47715 ns
[2023-03-21T01:15:59.938+0000][8][safepoint   ] Safepoint "Cleanup", Time since last: 1000470184 ns, Reaching safepoint: 78522 ns, At safepoint: 3408 ns, Total: 81930 ns
[2023-03-21T01:16:01.939+0000][8][safepoint   ] Safepoint "Cleanup", Time since last: 2001025673 ns, Reaching safepoint: 78198 ns, At safepoint: 4610 ns, Total: 82808 ns
[2023-03-21T01:16:02.940+0000][8][safepoint   ] Safepoint "Cleanup", Time since last: 1000563063 ns, Reaching safepoint: 89851 ns, At safepoint: 4033 ns, Total: 93884 ns
[2023-03-21T01:16:03.941+0000][8][safepoint   ] Safepoint "Cleanup", Time since last: 1001175505 ns, Reaching safepoint: 83203 ns, At safepoint: 3412 ns, Total: 86615 ns
[2023-03-21T01:16:08.947+0000][8][safepoint   ] Safepoint "Cleanup", Time since last: 5006059425 ns, Reaching safepoint: 84261 ns, At safepoint: 4423 ns, Total: 88684 ns
[2023-03-21T01:16:14.960+0000][8][safepoint   ] Safepoint "Cleanup", Time since last: 6012665304 ns, Reaching safepoint: 249468 ns, At safepoint: 30319 ns, Total: 279787 ns
[2023-03-21T01:16:15.965+0000][8][safepoint   ] Safepoint "Cleanup", Time since last: 1004306358 ns, Reaching safepoint: 348266 ns, At safepoint: 3949 ns, Total: 352215 ns
[2023-03-21T01:16:16.968+0000][8][safepoint   ] Safepoint "Cleanup", Time since last: 1002512813 ns, Reaching safepoint: 157019 ns, At safepoint: 3509 ns, Total: 160528 ns
[2023-03-21T01:16:17.968+0000][8][safepoint   ] Safepoint "Cleanup", Time since last: 1000526898 ns, Reaching safepoint: 72274 ns, At safepoint: 2353 ns, Total: 74627 ns
[2023-03-21T01:16:18.973+0000][8][safepoint   ] Safepoint "Cleanup", Time since last: 1004269455 ns, Reaching safepoint: 52699 ns, At safepoint: 2643 ns, Total: 55342 ns
[2023-03-21T01:16:37.338+0000][8][gc,start    ] GC(32) Pause Young (Normal) (G1 Evacuation Pause)
[2023-03-21T01:16:37.338+0000][8][gc,task     ] GC(32) Using 4 workers of 4 for evacuation
[2023-03-21T01:16:37.338+0000][8][gc,age      ] GC(32) Desired survivor size 20971520 bytes, new threshold 15 (max threshold 15)
[2023-03-21T01:16:37.350+0000][8][gc,phases   ] GC(32)   Pre Evacuate Collection Set: 0.1ms
[2023-03-21T01:16:37.350+0000][8][gc,phases   ] GC(32)   Merge Heap Roots: 0.1ms
[2023-03-21T01:16:37.350+0000][8][gc,phases   ] GC(32)   Evacuate Collection Set: 10.1ms
[2023-03-21T01:16:37.350+0000][8][gc,phases   ] GC(32)   Post Evacuate Collection Set: 1.8ms
[2023-03-21T01:16:37.350+0000][8][gc,phases   ] GC(32)   Other: 0.1ms
[2023-03-21T01:16:37.350+0000][8][gc,age      ] GC(32) Age table with threshold 15 (max threshold 15)
[2023-03-21T01:16:37.351+0000][8][gc,age      ] GC(32) - age   1:    1170600 bytes,    1170600 total
[2023-03-21T01:16:37.351+0000][8][gc,age      ] GC(32) - age   2:     278160 bytes,    1448760 total
[2023-03-21T01:16:37.351+0000][8][gc,age      ] GC(32) - age   3:     288392 bytes,    1737152 total
[2023-03-21T01:16:37.351+0000][8][gc,age      ] GC(32) - age   4:     270800 bytes,    2007952 total
[2023-03-21T01:16:37.351+0000][8][gc,age      ] GC(32) - age   5:     272384 bytes,    2280336 total
[2023-03-21T01:16:37.351+0000][8][gc,age      ] GC(32) - age   6:     322424 bytes,    2602760 total
[2023-03-21T01:16:37.351+0000][8][gc,age      ] GC(32) - age   7:      32376 bytes,    2635136 total
[2023-03-21T01:16:37.351+0000][8][gc,age      ] GC(32) - age   8:      69680 bytes,    2704816 total
[2023-03-21T01:16:37.351+0000][8][gc,age      ] GC(32) - age   9:     131904 bytes,    2836720 total
[2023-03-21T01:16:37.351+0000][8][gc,age      ] GC(32) - age  10:     355024 bytes,    3191744 total
[2023-03-21T01:16:37.351+0000][8][gc,age      ] GC(32) - age  11:    1036184 bytes,    4227928 total
[2023-03-21T01:16:37.351+0000][8][gc,age      ] GC(32) - age  12:     501864 bytes,    4729792 total
[2023-03-21T01:16:37.351+0000][8][gc,age      ] GC(32) - age  13:    1422024 bytes,    6151816 total
[2023-03-21T01:16:37.351+0000][8][gc,age      ] GC(32) - age  14:    1028264 bytes,    7180080 total
[2023-03-21T01:16:37.351+0000][8][gc,age      ] GC(32) - age  15:    2309920 bytes,    9490000 total
[2023-03-21T01:16:37.351+0000][8][gc,heap     ] GC(32) Eden regions: 72->0(73)
[2023-03-21T01:16:37.351+0000][8][gc,heap     ] GC(32) Survivor regions: 4->3(10)
[2023-03-21T01:16:37.351+0000][8][gc,heap     ] GC(32) Old regions: 17->18
[2023-03-21T01:16:37.351+0000][8][gc,heap     ] GC(32) Archive regions: 2->2
[2023-03-21T01:16:37.351+0000][8][gc,heap     ] GC(32) Humongous regions: 2->2
[2023-03-21T01:16:37.352+0000][8][gc,metaspace] GC(32) Metaspace: 115297K(118016K)->115297K(118016K) NonClass: 100324K(101760K)->100324K(101760K) Class: 14972K(16256K)->14972K(16256K)
[2023-03-21T01:16:37.352+0000][8][gc          ] GC(32) Pause Young (Normal) (G1 Evacuation Pause) 382M->92M(512M) 13.947ms
[2023-03-21T01:16:37.352+0000][8][gc,cpu      ] GC(32) User=0.02s Sys=0.01s Real=0.01s
[2023-03-21T01:16:37.352+0000][8][safepoint   ] Safepoint "G1CollectForAllocation", Time since last: 18364958492 ns, Reaching safepoint: 32251 ns, At safepoint: 14157778 ns, Total: 14190029 ns
[2023-03-21T01:17:01.385+0000][8][safepoint   ] Safepoint "Cleanup", Time since last: 24033405743 ns, Reaching safepoint: 119626 ns, At safepoint: 3815 ns, Total: 123441 ns
[2023-03-21T01:17:07.391+0000][8][safepoint   ] Safepoint "Cleanup", Time since last: 6005426012 ns, Reaching safepoint: 65078 ns, At safepoint: 4311 ns, Total: 69389 ns
[2023-03-21T01:17:21.407+0000][8][safepoint   ] Safepoint "Cleanup", Time since last: 14016000101 ns, Reaching safepoint: 162439 ns, At safepoint: 7248 ns, Total: 169687 ns
[2023-03-21T01:17:26.424+0000][8][safepoint   ] Safepoint "Cleanup", Time since last: 5016918192 ns, Reaching safepoint: 445721 ns, At safepoint: 17794 ns, Total: 463515 ns
[2023-03-21T01:17:50.468+0000][8][safepoint   ] Safepoint "Cleanup", Time since last: 24043886093 ns, Reaching safepoint: 96904 ns, At safepoint: 3791 ns, Total: 100695 ns
[2023-03-21T01:17:51.471+0000][8][safepoint   ] Safepoint "Cleanup", Time since last: 1002474130 ns, Reaching safepoint: 113232 ns, At safepoint: 4262 ns, Total: 117494 ns
[2023-03-21T01:17:54.472+0000][8][safepoint   ] Safepoint "Cleanup", Time since last: 3001090989 ns, Reaching safepoint: 69303 ns, At safepoint: 3634 ns, Total: 72937 ns
[2023-03-21T01:17:57.476+0000][8][safepoint   ] Safepoint "Cleanup", Time since last: 3003824949 ns, Reaching safepoint: 99946 ns, At safepoint: 3960 ns, Total: 103906 ns
[2023-03-21T01:18:46.559+0000][8][safepoint   ] Safepoint "Cleanup", Time since last: 49082540877 ns, Reaching safepoint: 75192 ns, At safepoint: 3727 ns, Total: 78919 ns
[2023-03-21T01:18:48.579+0000][8][safepoint   ] Safepoint "Cleanup", Time since last: 2020413568 ns, Reaching safepoint: 73602 ns, At safepoint: 3771 ns, Total: 77373 ns
[2023-03-21T01:18:55.586+0000][8][safepoint   ] Safepoint "Cleanup", Time since last: 7005775592 ns, Reaching safepoint: 1057648 ns, At safepoint: 63310 ns, Total: 1120958 ns
[2023-03-21T01:19:09.609+0000][8][safepoint   ] Safepoint "Cleanup", Time since last: 14022363985 ns, Reaching safepoint: 485687 ns, At safepoint: 13897 ns, Total: 499584 ns
[2023-03-21T01:19:13.612+0000][8][safepoint   ] Safepoint "Cleanup", Time since last: 4003069972 ns, Reaching safepoint: 199104 ns, At safepoint: 29999 ns, Total: 229103 ns
[2023-03-21T01:19:15.617+0000][8][safepoint   ] Safepoint "Cleanup", Time since last: 2005007271 ns, Reaching safepoint: 76293 ns, At safepoint: 3821 ns, Total: 80114 ns
[2023-03-21T01:19:51.680+0000][8][safepoint   ] Safepoint "Cleanup", Time since last: 36062189620 ns, Reaching safepoint: 433322 ns, At safepoint: 6683 ns, Total: 440005 ns
[2023-03-21T01:19:54.682+0000][8][safepoint   ] Safepoint "Cleanup", Time since last: 3002170693 ns, Reaching safepoint: 125647 ns, At safepoint: 3918 ns, Total: 129565 ns
[2023-03-21T01:20:04.698+0000][8][safepoint   ] Safepoint "Cleanup", Time since last: 10016047056 ns, Reaching safepoint: 136364 ns, At safepoint: 5187 ns, Total: 141551 ns
[2023-03-21T01:20:16.717+0000][8][safepoint   ] Safepoint "Cleanup", Time since last: 12018392457 ns, Reaching safepoint: 93840 ns, At safepoint: 3636 ns, Total: 97476 ns
[2023-03-21T01:20:24.744+0000][8][safepoint   ] Safepoint "Cleanup", Time since last: 8027053469 ns, Reaching safepoint: 104254 ns, At safepoint: 4907 ns, Total: 109161 ns
[2023-03-21T01:20:25.748+0000][8][safepoint   ] Safepoint "Cleanup", Time since last: 1004266633 ns, Reaching safepoint: 48403 ns, At safepoint: 30560 ns, Total: 78963 ns
[2023-03-21T01:20:27.749+0000][8][safepoint   ] Safepoint "Cleanup", Time since last: 2000912643 ns, Reaching safepoint: 51162 ns, At safepoint: 2358 ns, Total: 53520 ns
[2023-03-21T01:20:30.753+0000][8][safepoint   ] Safepoint "Cleanup", Time since last: 3002849424 ns, Reaching safepoint: 401894 ns, At safepoint: 11737 ns, Total: 413631 ns
[2023-03-21T01:20:37.770+0000][8][safepoint   ] Safepoint "Cleanup", Time since last: 7017514257 ns, Reaching safepoint: 50303 ns, At safepoint: 2849 ns, Total: 53152 ns
[2023-03-21T01:20:46.790+0000][8][safepoint   ] Safepoint "Cleanup", Time since last: 9019336232 ns, Reaching safepoint: 160576 ns, At safepoint: 38732 ns, Total: 199308 ns
[2023-03-21T01:20:48.791+0000][8][safepoint   ] Safepoint "Cleanup", Time since last: 2000633942 ns, Reaching safepoint: 219641 ns, At safepoint: 7479 ns, Total: 227120 ns
[2023-03-21T01:20:49.792+0000][8][safepoint   ] Safepoint "Cleanup", Time since last: 1001787677 ns, Reaching safepoint: 44631 ns, At safepoint: 2544 ns, Total: 47175 ns
[2023-03-21T01:20:50.793+0000][8][safepoint   ] Safepoint "Cleanup", Time since last: 1000350941 ns, Reaching safepoint: 52667 ns, At safepoint: 2451 ns, Total: 55118 ns
[2023-03-21T01:20:51.793+0000][8][safepoint   ] Safepoint "Cleanup", Time since last: 1000170904 ns, Reaching safepoint: 60233 ns, At safepoint: 3022 ns, Total: 63255 ns
[2023-03-21T01:20:52.794+0000][8][safepoint   ] Safepoint "Cleanup", Time since last: 1000399123 ns, Reaching safepoint: 41055 ns, At safepoint: 24747 ns, Total: 65802 ns
[2023-03-21T01:20:53.800+0000][8][safepoint   ] Safepoint "Cleanup", Time since last: 1006522950 ns, Reaching safepoint: 91311 ns, At safepoint: 6209 ns, Total: 97520 ns
[2023-03-21T01:21:06.857+0000][8][safepoint   ] Safepoint "Cleanup", Time since last: 13056550976 ns, Reaching safepoint: 140402 ns, At safepoint: 3321 ns, Total: 143723 ns
[2023-03-21T01:21:10.029+0000][8][safepoint   ] Safepoint "Cleanup", Time since last: 3171628324 ns, Reaching safepoint: 167427 ns, At safepoint: 42285 ns, Total: 209712 ns
[2023-03-21T01:21:11.034+0000][8][safepoint   ] Safepoint "Cleanup", Time since last: 1005324129 ns, Reaching safepoint: 93193 ns, At safepoint: 38778 ns, Total: 131971 ns
[2023-03-21T01:21:12.038+0000][8][safepoint   ] Safepoint "Cleanup", Time since last: 1003507826 ns, Reaching safepoint: 49239 ns, At safepoint: 2614 ns, Total: 51853 ns
[2023-03-21T01:21:13.038+0000][8][safepoint   ] Safepoint "Cleanup", Time since last: 1000359657 ns, Reaching safepoint: 62746 ns, At safepoint: 3401 ns, Total: 66147 ns
[2023-03-21T01:21:14.039+0000][8][safepoint   ] Safepoint "Cleanup", Time since last: 1000279611 ns, Reaching safepoint: 64913 ns, At safepoint: 3267 ns, Total: 68180 ns
[2023-03-21T01:21:16.040+0000][8][safepoint   ] Safepoint "Cleanup", Time since last: 2001557736 ns, Reaching safepoint: 50849 ns, At safepoint: 2566 ns, Total: 53415 ns
[2023-03-21T01:21:17.041+0000][8][safepoint   ] Safepoint "Cleanup", Time since last: 1000631088 ns, Reaching safepoint: 68170 ns, At safepoint: 47841 ns, Total: 116011 ns
[2023-03-21T01:21:18.041+0000][8][safepoint   ] Safepoint "Cleanup", Time since last: 1000261396 ns, Reaching safepoint: 74912 ns, At safepoint: 2808 ns, Total: 77720 ns
[2023-03-21T01:22:04.107+0000][8][safepoint   ] Safepoint "Cleanup", Time since last: 46065332904 ns, Reaching safepoint: 342890 ns, At safepoint: 15928 ns, Total: 358818 ns
[2023-03-21T01:22:16.256+0000][8][safepoint   ] Safepoint "Cleanup", Time since last: 12148706923 ns, Reaching safepoint: 118410 ns, At safepoint: 4235 ns, Total: 122645 ns
[2023-03-21T01:22:19.262+0000][8][safepoint   ] Safepoint "Cleanup", Time since last: 3005248988 ns, Reaching safepoint: 980011 ns, At safepoint: 28601 ns, Total: 1008612 ns
[2023-03-21T01:23:17.400+0000][8][safepoint   ] Safepoint "Cleanup", Time since last: 58136068219 ns, Reaching safepoint: 1444497 ns, At safepoint: 48314 ns, Total: 1492811 ns
[2023-03-21T01:23:19.408+0000][8][safepoint   ] Safepoint "Cleanup", Time since last: 2007950784 ns, Reaching safepoint: 473468 ns, At safepoint: 40549 ns, Total: 514017 ns
[2023-03-21T01:23:20.424+0000][8][gc,start    ] GC(33) Pause Young (Normal) (G1 Evacuation Pause)
[2023-03-21T01:23:20.424+0000][8][gc,task     ] GC(33) Using 4 workers of 4 for evacuation
[2023-03-21T01:23:20.424+0000][8][gc,age      ] GC(33) Desired survivor size 20971520 bytes, new threshold 15 (max threshold 15)
[2023-03-21T01:23:20.439+0000][8][gc,phases   ] GC(33)   Pre Evacuate Collection Set: 0.3ms
[2023-03-21T01:23:20.440+0000][8][gc,phases   ] GC(33)   Merge Heap Roots: 0.1ms
[2023-03-21T01:23:20.440+0000][8][gc,phases   ] GC(33)   Evacuate Collection Set: 10.0ms
[2023-03-21T01:23:20.440+0000][8][gc,phases   ] GC(33)   Post Evacuate Collection Set: 3.4ms
[2023-03-21T01:23:20.440+0000][8][gc,phases   ] GC(33)   Other: 0.8ms
[2023-03-21T01:23:20.440+0000][8][gc,age      ] GC(33) Age table with threshold 15 (max threshold 15)
[2023-03-21T01:23:20.440+0000][8][gc,age      ] GC(33) - age   1:     937408 bytes,     937408 total
[2023-03-21T01:23:20.441+0000][8][gc,age      ] GC(33) - age   2:     239904 bytes,    1177312 total
[2023-03-21T01:23:20.441+0000][8][gc,age      ] GC(33) - age   3:     191344 bytes,    1368656 total
[2023-03-21T01:23:20.441+0000][8][gc,age      ] GC(33) - age   4:     285568 bytes,    1654224 total
[2023-03-21T01:23:20.441+0000][8][gc,age      ] GC(33) - age   5:     270160 bytes,    1924384 total
[2023-03-21T01:23:20.441+0000][8][gc,age      ] GC(33) - age   6:     272024 bytes,    2196408 total
[2023-03-21T01:23:20.441+0000][8][gc,age      ] GC(33) - age   7:     321432 bytes,    2517840 total
[2023-03-21T01:23:20.441+0000][8][gc,age      ] GC(33) - age   8:      32376 bytes,    2550216 total
[2023-03-21T01:23:20.441+0000][8][gc,age      ] GC(33) - age   9:      69616 bytes,    2619832 total
[2023-03-21T01:23:20.441+0000][8][gc,age      ] GC(33) - age  10:     131904 bytes,    2751736 total
[2023-03-21T01:23:20.441+0000][8][gc,age      ] GC(33) - age  11:     355024 bytes,    3106760 total
[2023-03-21T01:23:20.441+0000][8][gc,age      ] GC(33) - age  12:    1036056 bytes,    4142816 total
[2023-03-21T01:23:20.441+0000][8][gc,age      ] GC(33) - age  13:     501512 bytes,    4644328 total
[2023-03-21T01:23:20.441+0000][8][gc,age      ] GC(33) - age  14:    1421800 bytes,    6066128 total
[2023-03-21T01:23:20.441+0000][8][gc,age      ] GC(33) - age  15:    1027880 bytes,    7094008 total
[2023-03-21T01:23:20.441+0000][8][gc,heap     ] GC(33) Eden regions: 73->0(74)
[2023-03-21T01:23:20.441+0000][8][gc,heap     ] GC(33) Survivor regions: 3->2(10)
[2023-03-21T01:23:20.441+0000][8][gc,heap     ] GC(33) Old regions: 18->19
[2023-03-21T01:23:20.441+0000][8][gc,heap     ] GC(33) Archive regions: 2->2
[2023-03-21T01:23:20.441+0000][8][gc,heap     ] GC(33) Humongous regions: 2->2
[2023-03-21T01:23:20.441+0000][8][gc,metaspace] GC(33) Metaspace: 115385K(118080K)->115385K(118080K) NonClass: 100412K(101824K)->100412K(101824K) Class: 14972K(16256K)->14972K(16256K)
[2023-03-21T01:23:20.441+0000][8][gc          ] GC(33) Pause Young (Normal) (G1 Evacuation Pause) 384M->93M(512M) 16.799ms
[2023-03-21T01:23:20.441+0000][8][gc,cpu      ] GC(33) User=0.03s Sys=0.01s Real=0.01s
[2023-03-21T01:23:20.443+0000][8][safepoint   ] Safepoint "G1CollectForAllocation", Time since last: 1015752164 ns, Reaching safepoint: 304601 ns, At safepoint: 18560851 ns, Total: 18865452 ns
[2023-03-21T01:23:21.444+0000][8][safepoint   ] Safepoint "Cleanup", Time since last: 1000941605 ns, Reaching safepoint: 350887 ns, At safepoint: 5072 ns, Total: 355959 ns
[2023-03-21T01:24:03.502+0000][8][safepoint   ] Safepoint "Cleanup", Time since last: 42058375176 ns, Reaching safepoint: 136527 ns, At safepoint: 6591 ns, Total: 143118 ns
[2023-03-21T01:24:27.558+0000][8][safepoint   ] Safepoint "Cleanup", Time since last: 24055917227 ns, Reaching safepoint: 130326 ns, At safepoint: 4041 ns, Total: 134367 ns
[2023-03-21T01:24:41.580+0000][8][safepoint   ] Safepoint "Cleanup", Time since last: 14021266555 ns, Reaching safepoint: 212186 ns, At safepoint: 5116 ns, Total: 217302 ns
[2023-03-21T01:24:58.627+0000][8][safepoint   ] Safepoint "Cleanup", Time since last: 17047271148 ns, Reaching safepoint: 133100 ns, At safepoint: 6907 ns, Total: 140007 ns
[2023-03-21T01:25:28.681+0000][8][safepoint   ] Safepoint "Cleanup", Time since last: 30053741448 ns, Reaching safepoint: 109392 ns, At safepoint: 4973 ns, Total: 114365 ns
[2023-03-21T01:27:18.896+0000][8][safepoint   ] Safepoint "Cleanup", Time since last: 110214902437 ns, Reaching safepoint: 112953 ns, At safepoint: 3848 ns, Total: 116801 ns
[2023-03-21T01:27:23.912+0000][8][safepoint   ] Safepoint "Cleanup", Time since last: 5015075519 ns, Reaching safepoint: 661716 ns, At safepoint: 11423 ns, Total: 673139 ns
[2023-03-21T01:28:44.038+0000][8][safepoint   ] Safepoint "Cleanup", Time since last: 80125567852 ns, Reaching safepoint: 188091 ns, At safepoint: 29043 ns, Total: 217134 ns
[2023-03-21T01:28:45.038+0000][8][safepoint   ] Safepoint "Cleanup", Time since last: 1000287642 ns, Reaching safepoint: 108004 ns, At safepoint: 3873 ns, Total: 111877 ns
[2023-03-21T01:30:00.199+0000][8][safepoint   ] Safepoint "Cleanup", Time since last: 75160576415 ns, Reaching safepoint: 391083 ns, At safepoint: 9878 ns, Total: 400961 ns
[2023-03-21T01:30:04.202+0000][8][safepoint   ] Safepoint "Cleanup", Time since last: 4002965352 ns, Reaching safepoint: 194285 ns, At safepoint: 3862 ns, Total: 198147 ns
[2023-03-21T01:31:21.362+0000][8][safepoint   ] Safepoint "Cleanup", Time since last: 77159515428 ns, Reaching safepoint: 103002 ns, At safepoint: 3432 ns, Total: 106434 ns
[2023-03-21T01:33:20.628+0000][8][safepoint   ] Safepoint "Cleanup", Time since last: 119265491312 ns, Reaching safepoint: 771183 ns, At safepoint: 44846 ns, Total: 816029 ns
[2023-03-21T01:36:20.403+0000][8][safepoint   ] Safepoint "Cleanup", Time since last: 179774603895 ns, Reaching safepoint: 402049 ns, At safepoint: 4414 ns, Total: 406463 ns
[2023-03-21T01:37:32.715+0000][8][safepoint   ] Safepoint "Cleanup", Time since last: 72311399436 ns, Reaching safepoint: 148312 ns, At safepoint: 6417 ns, Total: 154729 ns
[2023-03-21T01:38:47.908+0000][8][safepoint   ] Safepoint "Cleanup", Time since last: 75192780052 ns, Reaching safepoint: 316165 ns, At safepoint: 4481 ns, Total: 320646 ns
