[2023-03-20T22:40:17.145+0000][7][gc,init] CardTable entry size: 512
[2023-03-20T22:40:17.145+0000][7][gc     ] Using G1
[2023-03-20T22:40:17.255+0000][7][gc,init] Version: 19.0.2+7-44 (release)
[2023-03-20T22:40:17.255+0000][7][gc,init] CPUs: 4 total, 4 available
[2023-03-20T22:40:17.255+0000][7][gc,init] Memory: 5791M
[2023-03-20T22:40:17.255+0000][7][gc,init] Large Page Support: Disabled
[2023-03-20T22:40:17.255+0000][7][gc,init] NUMA Support: Disabled
[2023-03-20T22:40:17.255+0000][7][gc,init] Compressed Oops: Enabled (32-bit)
[2023-03-20T22:40:17.255+0000][7][gc,init] Heap Region Size: 4M
[2023-03-20T22:40:17.255+0000][7][gc,init] Heap Min Capacity: 1G
[2023-03-20T22:40:17.255+0000][7][gc,init] Heap Initial Capacity: 1G
[2023-03-20T22:40:17.255+0000][7][gc,init] Heap Max Capacity: 1G
[2023-03-20T22:40:17.255+0000][7][gc,init] Pre-touch: Enabled
[2023-03-20T22:40:17.255+0000][7][gc,init] Parallel Workers: 4
[2023-03-20T22:40:17.255+0000][7][gc,init] Concurrent Workers: 1
[2023-03-20T22:40:17.255+0000][7][gc,init] Concurrent Refinement Workers: 4
[2023-03-20T22:40:17.255+0000][7][gc,init] Periodic GC: Disabled
[2023-03-20T22:40:17.255+0000][7][gc,metaspace] CDS archive(s) mapped at: [0x0000000800000000-0x0000000800c4f000-0x0000000800c4f000), size 12906496, SharedBaseAddress: 0x0000000800000000, ArchiveRelocationMode: 0.
[2023-03-20T22:40:17.255+0000][7][gc,metaspace] Compressed class space mapped at: 0x0000000801000000-0x0000000841000000, reserved size: 1073741824
[2023-03-20T22:40:17.255+0000][7][gc,metaspace] Narrow klass base: 0x0000000800000000, Narrow klass shift: 0, Narrow klass range: 0x100000000
[2023-03-20T22:40:17.630+0000][7][safepoint   ] Safepoint "ICBufferFull", Time since last: 369878798 ns, Reaching safepoint: 265103 ns, At safepoint: 2608 ns, Total: 267711 ns
[2023-03-20T22:40:17.887+0000][7][gc,start    ] GC(0) Pause Young (Normal) (G1 Evacuation Pause)
[2023-03-20T22:40:17.887+0000][7][gc,task     ] GC(0) Using 4 workers of 4 for evacuation
[2023-03-20T22:40:17.887+0000][7][gc,age      ] GC(0) Desired survivor size 4194304 bytes, new threshold 15 (max threshold 15)
[2023-03-20T22:40:17.891+0000][7][gc,phases   ] GC(0)   Pre Evacuate Collection Set: 0.1ms
[2023-03-20T22:40:17.891+0000][7][gc,phases   ] GC(0)   Merge Heap Roots: 0.1ms
[2023-03-20T22:40:17.891+0000][7][gc,phases   ] GC(0)   Evacuate Collection Set: 2.4ms
[2023-03-20T22:40:17.891+0000][7][gc,phases   ] GC(0)   Post Evacuate Collection Set: 0.7ms
[2023-03-20T22:40:17.891+0000][7][gc,phases   ] GC(0)   Other: 0.0ms
[2023-03-20T22:40:17.891+0000][7][gc,age      ] GC(0) Age table with threshold 15 (max threshold 15)
[2023-03-20T22:40:17.891+0000][7][gc,age      ] GC(0) - age   1:    6307824 bytes,    6307824 total
[2023-03-20T22:40:17.891+0000][7][gc,heap     ] GC(0) Eden regions: 12->0(10)
[2023-03-20T22:40:17.891+0000][7][gc,heap     ] GC(0) Survivor regions: 0->2(2)
[2023-03-20T22:40:17.891+0000][7][gc,heap     ] GC(0) Old regions: 0->0
[2023-03-20T22:40:17.891+0000][7][gc,heap     ] GC(0) Archive regions: 2->2
[2023-03-20T22:40:17.891+0000][7][gc,heap     ] GC(0) Humongous regions: 0->0
[2023-03-20T22:40:17.891+0000][7][gc,metaspace] GC(0) Metaspace: 12339K(12672K)->12339K(12672K) NonClass: 10890K(11072K)->10890K(11072K) Class: 1449K(1600K)->1449K(1600K)
[2023-03-20T22:40:17.891+0000][7][gc          ] GC(0) Pause Young (Normal) (G1 Evacuation Pause) 51M->10M(1024M) 3.701ms
[2023-03-20T22:40:17.891+0000][7][gc,cpu      ] GC(0) User=0.01s Sys=0.00s Real=0.00s
[2023-03-20T22:40:17.891+0000][7][safepoint   ] Safepoint "G1CollectForAllocation", Time since last: 256807091 ns, Reaching safepoint: 328414 ns, At safepoint: 3781948 ns, Total: 4110362 ns
[2023-03-20T22:40:18.260+0000][7][gc,start    ] GC(1) Pause Young (Normal) (G1 Evacuation Pause)
[2023-03-20T22:40:18.260+0000][7][gc,task     ] GC(1) Using 4 workers of 4 for evacuation
[2023-03-20T22:40:18.260+0000][7][gc,age      ] GC(1) Desired survivor size 4194304 bytes, new threshold 1 (max threshold 15)
[2023-03-20T22:40:18.265+0000][7][gc,phases   ] GC(1)   Pre Evacuate Collection Set: 0.1ms
[2023-03-20T22:40:18.265+0000][7][gc,phases   ] GC(1)   Merge Heap Roots: 0.0ms
[2023-03-20T22:40:18.265+0000][7][gc,phases   ] GC(1)   Evacuate Collection Set: 3.0ms
[2023-03-20T22:40:18.265+0000][7][gc,phases   ] GC(1)   Post Evacuate Collection Set: 1.5ms
[2023-03-20T22:40:18.265+0000][7][gc,phases   ] GC(1)   Other: 0.0ms
[2023-03-20T22:40:18.265+0000][7][gc,age      ] GC(1) Age table with threshold 1 (max threshold 15)
[2023-03-20T22:40:18.265+0000][7][gc,age      ] GC(1) - age   1:    1277800 bytes,    1277800 total
[2023-03-20T22:40:18.265+0000][7][gc,heap     ] GC(1) Eden regions: 10->0(17)
[2023-03-20T22:40:18.265+0000][7][gc,heap     ] GC(1) Survivor regions: 2->1(2)
[2023-03-20T22:40:18.265+0000][7][gc,heap     ] GC(1) Old regions: 0->2
[2023-03-20T22:40:18.265+0000][7][gc,heap     ] GC(1) Archive regions: 2->2
[2023-03-20T22:40:18.265+0000][7][gc,heap     ] GC(1) Humongous regions: 0->0
[2023-03-20T22:40:18.265+0000][7][gc,metaspace] GC(1) Metaspace: 15566K(15872K)->15566K(15872K) NonClass: 13822K(13952K)->13822K(13952K) Class: 1744K(1920K)->1744K(1920K)
[2023-03-20T22:40:18.265+0000][7][gc          ] GC(1) Pause Young (Normal) (G1 Evacuation Pause) 50M->11M(1024M) 5.146ms
[2023-03-20T22:40:18.265+0000][7][gc,cpu      ] GC(1) User=0.01s Sys=0.00s Real=0.01s
[2023-03-20T22:40:18.265+0000][7][safepoint   ] Safepoint "G1CollectForAllocation", Time since last: 367889275 ns, Reaching safepoint: 1213620 ns, At safepoint: 5264842 ns, Total: 6478462 ns
[2023-03-20T22:40:18.412+0000][7][gc,start    ] GC(2) Pause Young (Normal) (G1 Evacuation Pause)
[2023-03-20T22:40:18.412+0000][7][gc,task     ] GC(2) Using 4 workers of 4 for evacuation
[2023-03-20T22:40:18.412+0000][7][gc,age      ] GC(2) Desired survivor size 6291456 bytes, new threshold 15 (max threshold 15)
[2023-03-20T22:40:18.416+0000][7][gc,phases   ] GC(2)   Pre Evacuate Collection Set: 0.1ms
[2023-03-20T22:40:18.416+0000][7][gc,phases   ] GC(2)   Merge Heap Roots: 0.0ms
[2023-03-20T22:40:18.416+0000][7][gc,phases   ] GC(2)   Evacuate Collection Set: 2.1ms
[2023-03-20T22:40:18.416+0000][7][gc,phases   ] GC(2)   Post Evacuate Collection Set: 1.8ms
[2023-03-20T22:40:18.416+0000][7][gc,phases   ] GC(2)   Other: 0.1ms
[2023-03-20T22:40:18.416+0000][7][gc,age      ] GC(2) Age table with threshold 15 (max threshold 15)
[2023-03-20T22:40:18.416+0000][7][gc,age      ] GC(2) - age   1:     918888 bytes,     918888 total
[2023-03-20T22:40:18.416+0000][7][gc,age      ] GC(2) - age   2:    1188360 bytes,    2107248 total
[2023-03-20T22:40:18.416+0000][7][gc,heap     ] GC(2) Eden regions: 17->0(46)
[2023-03-20T22:40:18.416+0000][7][gc,heap     ] GC(2) Survivor regions: 1->1(3)
[2023-03-20T22:40:18.416+0000][7][gc,heap     ] GC(2) Old regions: 2->2
[2023-03-20T22:40:18.416+0000][7][gc,heap     ] GC(2) Archive regions: 2->2
[2023-03-20T22:40:18.416+0000][7][gc,heap     ] GC(2) Humongous regions: 0->0
[2023-03-20T22:40:18.416+0000][7][gc,metaspace] GC(2) Metaspace: 16625K(16960K)->16625K(16960K) NonClass: 14765K(14912K)->14765K(14912K) Class: 1859K(2048K)->1859K(2048K)
[2023-03-20T22:40:18.416+0000][7][gc          ] GC(2) Pause Young (Normal) (G1 Evacuation Pause) 79M->12M(1024M) 4.563ms
[2023-03-20T22:40:18.416+0000][7][gc,cpu      ] GC(2) User=0.01s Sys=0.00s Real=0.01s
[2023-03-20T22:40:18.416+0000][7][safepoint   ] Safepoint "G1CollectForAllocation", Time since last: 132247375 ns, Reaching safepoint: 14350723 ns, At safepoint: 4672447 ns, Total: 19023170 ns
[2023-03-20T22:40:18.658+0000][7][gc,start    ] GC(3) Pause Young (Normal) (G1 Evacuation Pause)
[2023-03-20T22:40:18.658+0000][7][gc,task     ] GC(3) Using 4 workers of 4 for evacuation
[2023-03-20T22:40:18.658+0000][7][gc,age      ] GC(3) Desired survivor size 12582912 bytes, new threshold 15 (max threshold 15)
[2023-03-20T22:40:18.662+0000][7][gc,phases   ] GC(3)   Pre Evacuate Collection Set: 0.2ms
[2023-03-20T22:40:18.662+0000][7][gc,phases   ] GC(3)   Merge Heap Roots: 0.1ms
[2023-03-20T22:40:18.662+0000][7][gc,phases   ] GC(3)   Evacuate Collection Set: 2.5ms
[2023-03-20T22:40:18.662+0000][7][gc,phases   ] GC(3)   Post Evacuate Collection Set: 1.4ms
[2023-03-20T22:40:18.662+0000][7][gc,phases   ] GC(3)   Other: 0.1ms
[2023-03-20T22:40:18.662+0000][7][gc,age      ] GC(3) Age table with threshold 15 (max threshold 15)
[2023-03-20T22:40:18.662+0000][7][gc,age      ] GC(3) - age   1:    4602768 bytes,    4602768 total
[2023-03-20T22:40:18.662+0000][7][gc,age      ] GC(3) - age   2:     912640 bytes,    5515408 total
[2023-03-20T22:40:18.662+0000][7][gc,age      ] GC(3) - age   3:    1187800 bytes,    6703208 total
[2023-03-20T22:40:18.662+0000][7][gc,heap     ] GC(3) Eden regions: 46->0(50)
[2023-03-20T22:40:18.662+0000][7][gc,heap     ] GC(3) Survivor regions: 1->2(6)
[2023-03-20T22:40:18.662+0000][7][gc,heap     ] GC(3) Old regions: 2->2
[2023-03-20T22:40:18.662+0000][7][gc,heap     ] GC(3) Archive regions: 2->2
[2023-03-20T22:40:18.662+0000][7][gc,heap     ] GC(3) Humongous regions: 0->0
[2023-03-20T22:40:18.662+0000][7][gc,metaspace] GC(3) Metaspace: 19028K(19392K)->19028K(19392K) NonClass: 16818K(17024K)->16818K(17024K) Class: 2210K(2368K)->2210K(2368K)
[2023-03-20T22:40:18.662+0000][7][gc          ] GC(3) Pause Young (Normal) (G1 Evacuation Pause) 196M->16M(1024M) 4.542ms
[2023-03-20T22:40:18.662+0000][7][gc,cpu      ] GC(3) User=0.01s Sys=0.00s Real=0.00s
[2023-03-20T22:40:18.662+0000][7][safepoint   ] Safepoint "G1CollectForAllocation", Time since last: 240883796 ns, Reaching safepoint: 426910 ns, At safepoint: 4572566 ns, Total: 4999476 ns
[2023-03-20T22:40:18.831+0000][7][gc,start    ] GC(4) Pause Young (Normal) (G1 Evacuation Pause)
[2023-03-20T22:40:18.831+0000][7][gc,task     ] GC(4) Using 4 workers of 4 for evacuation
[2023-03-20T22:40:18.831+0000][7][gc,age      ] GC(4) Desired survivor size 14680064 bytes, new threshold 15 (max threshold 15)
[2023-03-20T22:40:18.835+0000][7][gc,phases   ] GC(4)   Pre Evacuate Collection Set: 0.2ms
[2023-03-20T22:40:18.835+0000][7][gc,phases   ] GC(4)   Merge Heap Roots: 0.3ms
[2023-03-20T22:40:18.835+0000][7][gc,phases   ] GC(4)   Evacuate Collection Set: 2.3ms
[2023-03-20T22:40:18.835+0000][7][gc,phases   ] GC(4)   Post Evacuate Collection Set: 1.0ms
[2023-03-20T22:40:18.835+0000][7][gc,phases   ] GC(4)   Other: 0.1ms
[2023-03-20T22:40:18.835+0000][7][gc,age      ] GC(4) Age table with threshold 15 (max threshold 15)
[2023-03-20T22:40:18.835+0000][7][gc,age      ] GC(4) - age   1:    3290008 bytes,    3290008 total
[2023-03-20T22:40:18.835+0000][7][gc,age      ] GC(4) - age   2:    3512088 bytes,    6802096 total
[2023-03-20T22:40:18.835+0000][7][gc,age      ] GC(4) - age   3:     911864 bytes,    7713960 total
[2023-03-20T22:40:18.835+0000][7][gc,age      ] GC(4) - age   4:    1187800 bytes,    8901760 total
[2023-03-20T22:40:18.835+0000][7][gc,heap     ] GC(4) Eden regions: 50->0(150)
[2023-03-20T22:40:18.835+0000][7][gc,heap     ] GC(4) Survivor regions: 2->3(7)
[2023-03-20T22:40:18.835+0000][7][gc,heap     ] GC(4) Old regions: 2->2
[2023-03-20T22:40:18.835+0000][7][gc,heap     ] GC(4) Archive regions: 2->2
[2023-03-20T22:40:18.835+0000][7][gc,heap     ] GC(4) Humongous regions: 0->0
[2023-03-20T22:40:18.835+0000][7][gc,metaspace] GC(4) Metaspace: 19522K(19968K)->19522K(19968K) NonClass: 17264K(17536K)->17264K(17536K) Class: 2258K(2432K)->2258K(2432K)
[2023-03-20T22:40:18.835+0000][7][gc          ] GC(4) Pause Young (Normal) (G1 Evacuation Pause) 216M->18M(1024M) 4.103ms
[2023-03-20T22:40:18.835+0000][7][gc,cpu      ] GC(4) User=0.00s Sys=0.01s Real=0.00s
[2023-03-20T22:40:18.835+0000][7][safepoint   ] Safepoint "G1CollectForAllocation", Time since last: 168068418 ns, Reaching safepoint: 232277 ns, At safepoint: 4131489 ns, Total: 4363766 ns
[2023-03-20T22:40:19.187+0000][7][gc,start    ] GC(5) Pause Young (Concurrent Start) (Metadata GC Threshold)
[2023-03-20T22:40:19.187+0000][7][gc,task     ] GC(5) Using 4 workers of 4 for evacuation
[2023-03-20T22:40:19.187+0000][7][gc,age      ] GC(5) Desired survivor size 41943040 bytes, new threshold 15 (max threshold 15)
[2023-03-20T22:40:19.192+0000][7][gc,phases   ] GC(5)   Pre Evacuate Collection Set: 0.3ms
[2023-03-20T22:40:19.192+0000][7][gc,phases   ] GC(5)   Merge Heap Roots: 0.2ms
[2023-03-20T22:40:19.192+0000][7][gc,phases   ] GC(5)   Evacuate Collection Set: 3.0ms
[2023-03-20T22:40:19.192+0000][7][gc,phases   ] GC(5)   Post Evacuate Collection Set: 0.9ms
[2023-03-20T22:40:19.192+0000][7][gc,phases   ] GC(5)   Other: 0.3ms
[2023-03-20T22:40:19.192+0000][7][gc,age      ] GC(5) Age table with threshold 15 (max threshold 15)
[2023-03-20T22:40:19.192+0000][7][gc,age      ] GC(5) - age   1:    2173600 bytes,    2173600 total
[2023-03-20T22:40:19.192+0000][7][gc,age      ] GC(5) - age   2:    3276936 bytes,    5450536 total
[2023-03-20T22:40:19.192+0000][7][gc,age      ] GC(5) - age   3:    3507024 bytes,    8957560 total
[2023-03-20T22:40:19.192+0000][7][gc,age      ] GC(5) - age   4:     911752 bytes,    9869312 total
[2023-03-20T22:40:19.192+0000][7][gc,age      ] GC(5) - age   5:    1187592 bytes,   11056904 total
[2023-03-20T22:40:19.192+0000][7][gc,heap     ] GC(5) Eden regions: 96->0(150)
[2023-03-20T22:40:19.192+0000][7][gc,heap     ] GC(5) Survivor regions: 3->3(20)
[2023-03-20T22:40:19.192+0000][7][gc,heap     ] GC(5) Old regions: 2->2
[2023-03-20T22:40:19.192+0000][7][gc,heap     ] GC(5) Archive regions: 2->2
[2023-03-20T22:40:19.193+0000][7][gc,heap     ] GC(5) Humongous regions: 0->0
[2023-03-20T22:40:19.193+0000][7][gc,metaspace] GC(5) Metaspace: 21013K(21504K)->21013K(21504K) NonClass: 18556K(18880K)->18556K(18880K) Class: 2456K(2624K)->2456K(2624K)
[2023-03-20T22:40:19.193+0000][7][gc          ] GC(5) Pause Young (Concurrent Start) (Metadata GC Threshold) 400M->21M(1024M) 5.958ms
[2023-03-20T22:40:19.193+0000][7][gc,cpu      ] GC(5) User=0.01s Sys=0.00s Real=0.00s
[2023-03-20T22:40:19.193+0000][7][safepoint   ] Safepoint "CollectForMetadataAllocation", Time since last: 351592077 ns, Reaching safepoint: 273804 ns, At safepoint: 6142013 ns, Total: 6415817 ns
[2023-03-20T22:40:19.193+0000][7][gc          ] GC(6) Concurrent Mark Cycle
[2023-03-20T22:40:19.193+0000][7][gc,marking  ] GC(6) Concurrent Clear Claimed Marks
[2023-03-20T22:40:19.193+0000][7][gc,marking  ] GC(6) Concurrent Clear Claimed Marks 0.054ms
[2023-03-20T22:40:19.193+0000][7][gc,marking  ] GC(6) Concurrent Scan Root Regions
[2023-03-20T22:40:19.195+0000][7][gc,marking  ] GC(6) Concurrent Scan Root Regions 2.079ms
[2023-03-20T22:40:19.195+0000][7][gc,marking  ] GC(6) Concurrent Mark
[2023-03-20T22:40:19.195+0000][7][gc,marking  ] GC(6) Concurrent Mark From Roots
[2023-03-20T22:40:19.195+0000][7][gc,task     ] GC(6) Using 1 workers of 1 for marking
[2023-03-20T22:40:19.200+0000][7][gc,marking  ] GC(6) Concurrent Mark From Roots 4.646ms
[2023-03-20T22:40:19.200+0000][7][gc,marking  ] GC(6) Concurrent Preclean
[2023-03-20T22:40:19.200+0000][7][gc,marking  ] GC(6) Concurrent Preclean 0.087ms
[2023-03-20T22:40:19.200+0000][7][gc,start    ] GC(6) Pause Remark
[2023-03-20T22:40:19.203+0000][7][gc          ] GC(6) Pause Remark 23M->23M(1024M) 2.820ms
[2023-03-20T22:40:19.203+0000][7][gc,cpu      ] GC(6) User=0.01s Sys=0.00s Real=0.00s
[2023-03-20T22:40:19.203+0000][7][safepoint   ] Safepoint "G1PauseRemark", Time since last: 7405531 ns, Reaching safepoint: 301039 ns, At safepoint: 3015593 ns, Total: 3316632 ns
[2023-03-20T22:40:19.204+0000][7][gc,marking  ] GC(6) Concurrent Mark 8.406ms
[2023-03-20T22:40:19.204+0000][7][gc,marking  ] GC(6) Concurrent Rebuild Remembered Sets
[2023-03-20T22:40:19.206+0000][7][gc,marking  ] GC(6) Concurrent Rebuild Remembered Sets 2.782ms
[2023-03-20T22:40:19.207+0000][7][gc,start    ] GC(6) Pause Cleanup
[2023-03-20T22:40:19.207+0000][7][gc          ] GC(6) Pause Cleanup 23M->23M(1024M) 0.282ms
[2023-03-20T22:40:19.207+0000][7][gc,cpu      ] GC(6) User=0.00s Sys=0.00s Real=0.00s
[2023-03-20T22:40:19.207+0000][7][safepoint   ] Safepoint "G1PauseCleanup", Time since last: 3066537 ns, Reaching safepoint: 455681 ns, At safepoint: 461404 ns, Total: 917085 ns
[2023-03-20T22:40:19.208+0000][7][gc,marking  ] GC(6) Concurrent Cleanup for Next Mark
[2023-03-20T22:40:19.209+0000][7][gc,marking  ] GC(6) Concurrent Cleanup for Next Mark 1.752ms
[2023-03-20T22:40:19.210+0000][7][gc          ] GC(6) Concurrent Mark Cycle 16.671ms
[2023-03-20T22:40:19.806+0000][7][safepoint   ] Safepoint "ICBufferFull", Time since last: 598116856 ns, Reaching safepoint: 316135 ns, At safepoint: 30845 ns, Total: 346980 ns
[2023-03-20T22:40:20.067+0000][7][safepoint   ] Safepoint "ICBufferFull", Time since last: 261007580 ns, Reaching safepoint: 413710 ns, At safepoint: 4223 ns, Total: 417933 ns
[2023-03-20T22:40:20.286+0000][7][safepoint   ] Safepoint "ICBufferFull", Time since last: 215854114 ns, Reaching safepoint: 2436702 ns, At safepoint: 55717 ns, Total: 2492419 ns
[2023-03-20T22:40:20.694+0000][7][gc,start    ] GC(7) Pause Young (Normal) (G1 Evacuation Pause)
[2023-03-20T22:40:20.694+0000][7][gc,task     ] GC(7) Using 4 workers of 4 for evacuation
[2023-03-20T22:40:20.694+0000][7][gc,age      ] GC(7) Desired survivor size 41943040 bytes, new threshold 15 (max threshold 15)
[2023-03-20T22:40:20.710+0000][7][gc,phases   ] GC(7)   Pre Evacuate Collection Set: 0.3ms
[2023-03-20T22:40:20.710+0000][7][gc,phases   ] GC(7)   Merge Heap Roots: 0.3ms
[2023-03-20T22:40:20.710+0000][7][gc,phases   ] GC(7)   Evacuate Collection Set: 12.1ms
[2023-03-20T22:40:20.710+0000][7][gc,phases   ] GC(7)   Post Evacuate Collection Set: 3.6ms
[2023-03-20T22:40:20.710+0000][7][gc,phases   ] GC(7)   Other: 0.1ms
[2023-03-20T22:40:20.710+0000][7][gc,age      ] GC(7) Age table with threshold 15 (max threshold 15)
[2023-03-20T22:40:20.710+0000][7][gc,age      ] GC(7) - age   1:   22848568 bytes,   22848568 total
[2023-03-20T22:40:20.710+0000][7][gc,age      ] GC(7) - age   2:    2122872 bytes,   24971440 total
[2023-03-20T22:40:20.710+0000][7][gc,age      ] GC(7) - age   3:    3264928 bytes,   28236368 total
[2023-03-20T22:40:20.710+0000][7][gc,age      ] GC(7) - age   4:    3481104 bytes,   31717472 total
[2023-03-20T22:40:20.710+0000][7][gc,age      ] GC(7) - age   5:     845448 bytes,   32562920 total
[2023-03-20T22:40:20.710+0000][7][gc,age      ] GC(7) - age   6:    1154104 bytes,   33717024 total
[2023-03-20T22:40:20.710+0000][7][gc,heap     ] GC(7) Eden regions: 150->0(144)
[2023-03-20T22:40:20.710+0000][7][gc,heap     ] GC(7) Survivor regions: 3->9(20)
[2023-03-20T22:40:20.710+0000][7][gc,heap     ] GC(7) Old regions: 2->2
[2023-03-20T22:40:20.710+0000][7][gc,heap     ] GC(7) Archive regions: 2->2
[2023-03-20T22:40:20.710+0000][7][gc,heap     ] GC(7) Humongous regions: 0->0
[2023-03-20T22:40:20.710+0000][7][gc,metaspace] GC(7) Metaspace: 30624K(31552K)->30624K(31552K) NonClass: 26857K(27456K)->26857K(27456K) Class: 3766K(4096K)->3766K(4096K)
[2023-03-20T22:40:20.710+0000][7][gc          ] GC(7) Pause Young (Normal) (G1 Evacuation Pause) 621M->43M(1024M) 16.536ms
[2023-03-20T22:40:20.710+0000][7][gc,cpu      ] GC(7) User=0.03s Sys=0.01s Real=0.02s
[2023-03-20T22:40:20.710+0000][7][safepoint   ] Safepoint "G1CollectForAllocation", Time since last: 407674804 ns, Reaching safepoint: 382276 ns, At safepoint: 16632560 ns, Total: 17014836 ns
[2023-03-20T22:40:21.019+0000][7][gc,start    ] GC(8) Pause Young (Concurrent Start) (Metadata GC Threshold)
[2023-03-20T22:40:21.020+0000][7][gc,task     ] GC(8) Using 4 workers of 4 for evacuation
[2023-03-20T22:40:21.020+0000][7][gc,age      ] GC(8) Desired survivor size 41943040 bytes, new threshold 15 (max threshold 15)
[2023-03-20T22:40:21.036+0000][7][gc,phases   ] GC(8)   Pre Evacuate Collection Set: 0.4ms
[2023-03-20T22:40:21.036+0000][7][gc,phases   ] GC(8)   Merge Heap Roots: 0.4ms
[2023-03-20T22:40:21.036+0000][7][gc,phases   ] GC(8)   Evacuate Collection Set: 14.2ms
[2023-03-20T22:40:21.036+0000][7][gc,phases   ] GC(8)   Post Evacuate Collection Set: 1.1ms
[2023-03-20T22:40:21.036+0000][7][gc,phases   ] GC(8)   Other: 0.3ms
[2023-03-20T22:40:21.036+0000][7][gc,age      ] GC(8) Age table with threshold 15 (max threshold 15)
[2023-03-20T22:40:21.036+0000][7][gc,age      ] GC(8) - age   1:    6122728 bytes,    6122728 total
[2023-03-20T22:40:21.036+0000][7][gc,age      ] GC(8) - age   2:   22451176 bytes,   28573904 total
[2023-03-20T22:40:21.036+0000][7][gc,age      ] GC(8) - age   3:    2122808 bytes,   30696712 total
[2023-03-20T22:40:21.036+0000][7][gc,age      ] GC(8) - age   4:    3263048 bytes,   33959760 total
[2023-03-20T22:40:21.036+0000][7][gc,age      ] GC(8) - age   5:    3477808 bytes,   37437568 total
[2023-03-20T22:40:21.037+0000][7][gc,age      ] GC(8) - age   6:     845160 bytes,   38282728 total
[2023-03-20T22:40:21.037+0000][7][gc,age      ] GC(8) - age   7:    1153976 bytes,   39436704 total
[2023-03-20T22:40:21.037+0000][7][gc,heap     ] GC(8) Eden regions: 19->0(142)
[2023-03-20T22:40:21.037+0000][7][gc,heap     ] GC(8) Survivor regions: 9->10(20)
[2023-03-20T22:40:21.037+0000][7][gc,heap     ] GC(8) Old regions: 2->2
[2023-03-20T22:40:21.037+0000][7][gc,heap     ] GC(8) Archive regions: 2->2
[2023-03-20T22:40:21.037+0000][7][gc,heap     ] GC(8) Humongous regions: 0->0
[2023-03-20T22:40:21.037+0000][7][gc,metaspace] GC(8) Metaspace: 35188K(36160K)->35188K(36160K) NonClass: 30726K(31296K)->30726K(31296K) Class: 4461K(4864K)->4461K(4864K)
[2023-03-20T22:40:21.037+0000][7][gc          ] GC(8) Pause Young (Concurrent Start) (Metadata GC Threshold) 119M->49M(1024M) 17.615ms
[2023-03-20T22:40:21.037+0000][7][gc,cpu      ] GC(8) User=0.03s Sys=0.01s Real=0.02s
[2023-03-20T22:40:21.037+0000][7][safepoint   ] Safepoint "CollectForMetadataAllocation", Time since last: 308333064 ns, Reaching safepoint: 265274 ns, At safepoint: 17837125 ns, Total: 18102399 ns
[2023-03-20T22:40:21.037+0000][7][gc          ] GC(9) Concurrent Mark Cycle
[2023-03-20T22:40:21.037+0000][7][gc,marking  ] GC(9) Concurrent Clear Claimed Marks
[2023-03-20T22:40:21.037+0000][7][gc,marking  ] GC(9) Concurrent Clear Claimed Marks 0.084ms
[2023-03-20T22:40:21.037+0000][7][gc,marking  ] GC(9) Concurrent Scan Root Regions
[2023-03-20T22:40:21.051+0000][7][gc,marking  ] GC(9) Concurrent Scan Root Regions 13.813ms
[2023-03-20T22:40:21.051+0000][7][gc,marking  ] GC(9) Concurrent Mark
[2023-03-20T22:40:21.051+0000][7][gc,marking  ] GC(9) Concurrent Mark From Roots
[2023-03-20T22:40:21.051+0000][7][gc,task     ] GC(9) Using 1 workers of 1 for marking
[2023-03-20T22:40:21.054+0000][7][safepoint   ] Safepoint "CollectForMetadataAllocation", Time since last: 14777734 ns, Reaching safepoint: 2637306 ns, At safepoint: 36877 ns, Total: 2674183 ns
[2023-03-20T22:40:21.068+0000][7][gc,marking  ] GC(9) Concurrent Mark From Roots 16.298ms
[2023-03-20T22:40:21.068+0000][7][gc,marking  ] GC(9) Concurrent Preclean
[2023-03-20T22:40:21.068+0000][7][gc,marking  ] GC(9) Concurrent Preclean 0.043ms
[2023-03-20T22:40:21.068+0000][7][gc,start    ] GC(9) Pause Remark
[2023-03-20T22:40:21.079+0000][7][gc          ] GC(9) Pause Remark 52M->52M(1024M) 10.421ms
[2023-03-20T22:40:21.079+0000][7][gc,cpu      ] GC(9) User=0.01s Sys=0.00s Real=0.01s
[2023-03-20T22:40:21.079+0000][7][safepoint   ] Safepoint "G1PauseRemark", Time since last: 13623727 ns, Reaching safepoint: 261401 ns, At safepoint: 10632758 ns, Total: 10894159 ns
[2023-03-20T22:40:21.079+0000][7][gc,marking  ] GC(9) Concurrent Mark 27.619ms
[2023-03-20T22:40:21.079+0000][7][gc,marking  ] GC(9) Concurrent Rebuild Remembered Sets
[2023-03-20T22:40:21.082+0000][7][gc,marking  ] GC(9) Concurrent Rebuild Remembered Sets 2.941ms
[2023-03-20T22:40:21.083+0000][7][gc,start    ] GC(9) Pause Cleanup
[2023-03-20T22:40:21.083+0000][7][gc          ] GC(9) Pause Cleanup 53M->53M(1024M) 0.445ms
[2023-03-20T22:40:21.083+0000][7][gc,cpu      ] GC(9) User=0.00s Sys=0.00s Real=0.00s
[2023-03-20T22:40:21.083+0000][7][safepoint   ] Safepoint "G1PauseCleanup", Time since last: 3605032 ns, Reaching safepoint: 323183 ns, At safepoint: 633493 ns, Total: 956676 ns
[2023-03-20T22:40:21.083+0000][7][gc,marking  ] GC(9) Concurrent Cleanup for Next Mark
[2023-03-20T22:40:21.086+0000][7][gc,marking  ] GC(9) Concurrent Cleanup for Next Mark 2.080ms
[2023-03-20T22:40:21.086+0000][7][gc          ] GC(9) Concurrent Mark Cycle 48.898ms
[2023-03-20T22:40:21.426+0000][7][safepoint   ] Safepoint "ICBufferFull", Time since last: 342339677 ns, Reaching safepoint: 118509 ns, At safepoint: 28026 ns, Total: 146535 ns
[2023-03-20T22:40:21.778+0000][7][safepoint   ] Safepoint "ICBufferFull", Time since last: 350933296 ns, Reaching safepoint: 842913 ns, At safepoint: 34723 ns, Total: 877636 ns
[2023-03-20T22:40:22.333+0000][7][safepoint   ] Safepoint "ICBufferFull", Time since last: 555355382 ns, Reaching safepoint: 135781 ns, At safepoint: 26395 ns, Total: 162176 ns
[2023-03-20T22:40:22.798+0000][7][gc,start    ] GC(10) Pause Young (Concurrent Start) (Metadata GC Threshold)
[2023-03-20T22:40:22.798+0000][7][gc,task     ] GC(10) Using 4 workers of 4 for evacuation
[2023-03-20T22:40:22.798+0000][7][gc,age      ] GC(10) Desired survivor size 41943040 bytes, new threshold 15 (max threshold 15)
[2023-03-20T22:40:22.823+0000][7][gc,phases   ] GC(10)   Pre Evacuate Collection Set: 0.2ms
[2023-03-20T22:40:22.823+0000][7][gc,phases   ] GC(10)   Merge Heap Roots: 0.2ms
[2023-03-20T22:40:22.823+0000][7][gc,phases   ] GC(10)   Evacuate Collection Set: 19.1ms
[2023-03-20T22:40:22.823+0000][7][gc,phases   ] GC(10)   Post Evacuate Collection Set: 4.6ms
[2023-03-20T22:40:22.823+0000][7][gc,phases   ] GC(10)   Other: 0.3ms
[2023-03-20T22:40:22.823+0000][7][gc,age      ] GC(10) Age table with threshold 15 (max threshold 15)
[2023-03-20T22:40:22.823+0000][7][gc,age      ] GC(10) - age   1:   10531304 bytes,   10531304 total
[2023-03-20T22:40:22.823+0000][7][gc,age      ] GC(10) - age   2:    6034744 bytes,   16566048 total
[2023-03-20T22:40:22.823+0000][7][gc,age      ] GC(10) - age   3:   22244704 bytes,   38810752 total
[2023-03-20T22:40:22.823+0000][7][gc,age      ] GC(10) - age   4:    2104112 bytes,   40914864 total
[2023-03-20T22:40:22.823+0000][7][gc,age      ] GC(10) - age   5:    3260416 bytes,   44175280 total
[2023-03-20T22:40:22.823+0000][7][gc,age      ] GC(10) - age   6:    3464744 bytes,   47640024 total
[2023-03-20T22:40:22.823+0000][7][gc,age      ] GC(10) - age   7:     839288 bytes,   48479312 total
[2023-03-20T22:40:22.823+0000][7][gc,age      ] GC(10) - age   8:    1136008 bytes,   49615320 total
[2023-03-20T22:40:22.823+0000][7][gc,heap     ] GC(10) Eden regions: 110->0(140)
[2023-03-20T22:40:22.823+0000][7][gc,heap     ] GC(10) Survivor regions: 10->13(20)
[2023-03-20T22:40:22.823+0000][7][gc,heap     ] GC(10) Old regions: 2->2
[2023-03-20T22:40:22.823+0000][7][gc,heap     ] GC(10) Archive regions: 2->2
[2023-03-20T22:40:22.823+0000][7][gc,heap     ] GC(10) Humongous regions: 0->0
[2023-03-20T22:40:22.823+0000][7][gc,metaspace] GC(10) Metaspace: 59848K(61056K)->59848K(61056K) NonClass: 52079K(52800K)->52079K(52800K) Class: 7769K(8256K)->7769K(8256K)
[2023-03-20T22:40:22.823+0000][7][gc          ] GC(10) Pause Young (Concurrent Start) (Metadata GC Threshold) 487M->61M(1024M) 24.758ms
[2023-03-20T22:40:22.823+0000][7][gc,cpu      ] GC(10) User=0.08s Sys=0.01s Real=0.05s
[2023-03-20T22:40:22.823+0000][7][safepoint   ] Safepoint "CollectForMetadataAllocation", Time since last: 464534083 ns, Reaching safepoint: 227090 ns, At safepoint: 24926284 ns, Total: 25153374 ns
[2023-03-20T22:40:22.823+0000][7][gc          ] GC(11) Concurrent Mark Cycle
[2023-03-20T22:40:22.823+0000][7][gc,marking  ] GC(11) Concurrent Clear Claimed Marks
[2023-03-20T22:40:22.823+0000][7][gc,marking  ] GC(11) Concurrent Clear Claimed Marks 0.090ms
[2023-03-20T22:40:22.823+0000][7][gc,marking  ] GC(11) Concurrent Scan Root Regions
[2023-03-20T22:40:22.841+0000][7][gc,marking  ] GC(11) Concurrent Scan Root Regions 18.454ms
[2023-03-20T22:40:22.842+0000][7][gc,marking  ] GC(11) Concurrent Mark
[2023-03-20T22:40:22.842+0000][7][gc,marking  ] GC(11) Concurrent Mark From Roots
[2023-03-20T22:40:22.842+0000][7][gc,task     ] GC(11) Using 1 workers of 1 for marking
[2023-03-20T22:40:22.846+0000][7][gc,marking  ] GC(11) Concurrent Mark From Roots 4.536ms
[2023-03-20T22:40:22.847+0000][7][gc,marking  ] GC(11) Concurrent Preclean
[2023-03-20T22:40:22.847+0000][7][gc,marking  ] GC(11) Concurrent Preclean 0.223ms
[2023-03-20T22:40:22.847+0000][7][gc,start    ] GC(11) Pause Remark
[2023-03-20T22:40:22.851+0000][7][gc          ] GC(11) Pause Remark 77M->77M(1024M) 3.797ms
[2023-03-20T22:40:22.851+0000][7][gc,cpu      ] GC(11) User=0.00s Sys=0.00s Real=0.00s
[2023-03-20T22:40:22.851+0000][7][safepoint   ] Safepoint "G1PauseRemark", Time since last: 24041900 ns, Reaching safepoint: 382435 ns, At safepoint: 4063934 ns, Total: 4446369 ns
[2023-03-20T22:40:22.851+0000][7][gc,marking  ] GC(11) Concurrent Mark 9.889ms
[2023-03-20T22:40:22.852+0000][7][gc,marking  ] GC(11) Concurrent Rebuild Remembered Sets
[2023-03-20T22:40:22.854+0000][7][gc,marking  ] GC(11) Concurrent Rebuild Remembered Sets 2.601ms
[2023-03-20T22:40:22.855+0000][7][gc,start    ] GC(11) Pause Cleanup
[2023-03-20T22:40:22.855+0000][7][gc          ] GC(11) Pause Cleanup 77M->77M(1024M) 0.396ms
[2023-03-20T22:40:22.855+0000][7][gc,cpu      ] GC(11) User=0.00s Sys=0.00s Real=0.00s
[2023-03-20T22:40:22.855+0000][7][safepoint   ] Safepoint "G1PauseCleanup", Time since last: 2929327 ns, Reaching safepoint: 290123 ns, At safepoint: 630285 ns, Total: 920408 ns
[2023-03-20T22:40:22.855+0000][7][gc,marking  ] GC(11) Concurrent Cleanup for Next Mark
[2023-03-20T22:40:22.857+0000][7][gc,marking  ] GC(11) Concurrent Cleanup for Next Mark 1.697ms
[2023-03-20T22:40:22.857+0000][7][gc          ] GC(11) Concurrent Mark Cycle 34.271ms
[2023-03-20T22:40:23.788+0000][7][safepoint   ] Safepoint "ICBufferFull", Time since last: 931295270 ns, Reaching safepoint: 1321381 ns, At safepoint: 32011 ns, Total: 1353392 ns
[2023-03-20T22:40:24.201+0000][7][safepoint   ] Safepoint "ICBufferFull", Time since last: 412667702 ns, Reaching safepoint: 281901 ns, At safepoint: 2253 ns, Total: 284154 ns
[2023-03-20T22:40:24.743+0000][7][safepoint   ] Safepoint "ICBufferFull", Time since last: 540997444 ns, Reaching safepoint: 792333 ns, At safepoint: 60172 ns, Total: 852505 ns
[2023-03-20T22:40:24.875+0000][7][gc,heap,exit] Heap
[2023-03-20T22:40:24.875+0000][7][gc,heap,exit]  garbage-first heap   total 1048576K, used 345374K [0x00000000c0000000, 0x0000000100000000)
[2023-03-20T22:40:24.875+0000][7][gc,heap,exit]   region size 4096K, 82 young (335872K), 13 survivors (53248K)
[2023-03-20T22:40:24.875+0000][7][gc,heap,exit]  Metaspace       used 91790K, committed 94400K, reserved 1179648K
[2023-03-20T22:40:24.875+0000][7][gc,heap,exit]   class space    used 12364K, committed 13632K, reserved 1048576K
