[2023-03-20T22:51:14.986+0000][6][gc] Using G1
[2023-03-20T22:51:15.042+0000][6][gc,init] Version: 17+35 (release)
[2023-03-20T22:51:15.042+0000][6][gc,init] CPUs: 4 total, 4 available
[2023-03-20T22:51:15.042+0000][6][gc,init] Memory: 5791M
[2023-03-20T22:51:15.043+0000][6][gc,init] Large Page Support: Disabled
[2023-03-20T22:51:15.043+0000][6][gc,init] NUMA Support: Disabled
[2023-03-20T22:51:15.043+0000][6][gc,init] Compressed Oops: Enabled (32-bit)
[2023-03-20T22:51:15.043+0000][6][gc,init] Heap Region Size: 4M
[2023-03-20T22:51:15.043+0000][6][gc,init] Heap Min Capacity: 512M
[2023-03-20T22:51:15.043+0000][6][gc,init] Heap Initial Capacity: 512M
[2023-03-20T22:51:15.043+0000][6][gc,init] Heap Max Capacity: 512M
[2023-03-20T22:51:15.043+0000][6][gc,init] Pre-touch: Enabled
[2023-03-20T22:51:15.043+0000][6][gc,init] Parallel Workers: 4
[2023-03-20T22:51:15.043+0000][6][gc,init] Concurrent Workers: 1
[2023-03-20T22:51:15.043+0000][6][gc,init] Concurrent Refinement Workers: 4
[2023-03-20T22:51:15.043+0000][6][gc,init] Periodic GC: Disabled
[2023-03-20T22:51:15.044+0000][6][gc,metaspace] CDS archive(s) mapped at: [0x0000000800000000-0x0000000800bcd000-0x0000000800bcd000), size 12374016, SharedBaseAddress: 0x0000000800000000, ArchiveRelocationMode: 0.
[2023-03-20T22:51:15.044+0000][6][gc,metaspace] Compressed class space mapped at: 0x0000000800c00000-0x0000000840c00000, reserved size: 1073741824
[2023-03-20T22:51:15.044+0000][6][gc,metaspace] Narrow klass base: 0x0000000800000000, Narrow klass shift: 0, Narrow klass range: 0x100000000
[2023-03-20T22:51:15.368+0000][6][safepoint   ] Safepoint "ICBufferFull", Time since last: 320775204 ns, Reaching safepoint: 70526 ns, At safepoint: 70590 ns, Total: 141116 ns
[2023-03-20T22:51:15.495+0000][6][gc,start    ] GC(0) Pause Young (Normal) (G1 Evacuation Pause)
[2023-03-20T22:51:15.495+0000][6][gc,task     ] GC(0) Using 4 workers of 4 for evacuation
[2023-03-20T22:51:15.495+0000][6][gc,age      ] GC(0) Desired survivor size 2097152 bytes, new threshold 15 (max threshold 15)
[2023-03-20T22:51:15.498+0000][6][gc,age      ] GC(0) Age table with threshold 15 (max threshold 15)
[2023-03-20T22:51:15.498+0000][6][gc,age      ] GC(0) - age   1:    4187376 bytes,    4187376 total
[2023-03-20T22:51:15.498+0000][6][gc,phases   ] GC(0)   Pre Evacuate Collection Set: 0.1ms
[2023-03-20T22:51:15.498+0000][6][gc,phases   ] GC(0)   Merge Heap Roots: 0.0ms
[2023-03-20T22:51:15.498+0000][6][gc,phases   ] GC(0)   Evacuate Collection Set: 1.6ms
[2023-03-20T22:51:15.498+0000][6][gc,phases   ] GC(0)   Post Evacuate Collection Set: 0.6ms
[2023-03-20T22:51:15.498+0000][6][gc,phases   ] GC(0)   Other: 0.2ms
[2023-03-20T22:51:15.498+0000][6][gc,heap     ] GC(0) Eden regions: 6->0(5)
[2023-03-20T22:51:15.498+0000][6][gc,heap     ] GC(0) Survivor regions: 0->1(1)
[2023-03-20T22:51:15.498+0000][6][gc,heap     ] GC(0) Old regions: 0->1
[2023-03-20T22:51:15.498+0000][6][gc,heap     ] GC(0) Archive regions: 2->2
[2023-03-20T22:51:15.498+0000][6][gc,heap     ] GC(0) Humongous regions: 0->0
[2023-03-20T22:51:15.498+0000][6][gc,metaspace] GC(0) Metaspace: 8047K(8128K)->8047K(8128K) NonClass: 7114K(7168K)->7114K(7168K) Class: 933K(960K)->933K(960K)
[2023-03-20T22:51:15.498+0000][6][gc          ] GC(0) Pause Young (Normal) (G1 Evacuation Pause) 27M->8M(512M) 2.514ms
[2023-03-20T22:51:15.498+0000][6][gc,cpu      ] GC(0) User=0.00s Sys=0.01s Real=0.01s
[2023-03-20T22:51:15.498+0000][6][safepoint   ] Safepoint "G1CollectForAllocation", Time since last: 126546481 ns, Reaching safepoint: 196242 ns, At safepoint: 2588711 ns, Total: 2784953 ns
[2023-03-20T22:51:15.885+0000][6][gc,start    ] GC(1) Pause Young (Normal) (G1 Evacuation Pause)
[2023-03-20T22:51:15.885+0000][6][gc,task     ] GC(1) Using 4 workers of 4 for evacuation
[2023-03-20T22:51:15.885+0000][6][gc,age      ] GC(1) Desired survivor size 2097152 bytes, new threshold 1 (max threshold 15)
[2023-03-20T22:51:15.888+0000][6][gc,age      ] GC(1) Age table with threshold 1 (max threshold 15)
[2023-03-20T22:51:15.888+0000][6][gc,age      ] GC(1) - age   1:    1755904 bytes,    1755904 total
[2023-03-20T22:51:15.888+0000][6][gc,phases   ] GC(1)   Pre Evacuate Collection Set: 0.1ms
[2023-03-20T22:51:15.888+0000][6][gc,phases   ] GC(1)   Merge Heap Roots: 0.0ms
[2023-03-20T22:51:15.888+0000][6][gc,phases   ] GC(1)   Evacuate Collection Set: 2.3ms
[2023-03-20T22:51:15.888+0000][6][gc,phases   ] GC(1)   Post Evacuate Collection Set: 0.5ms
[2023-03-20T22:51:15.888+0000][6][gc,phases   ] GC(1)   Other: 0.3ms
[2023-03-20T22:51:15.888+0000][6][gc,heap     ] GC(1) Eden regions: 5->0(8)
[2023-03-20T22:51:15.888+0000][6][gc,heap     ] GC(1) Survivor regions: 1->1(1)
[2023-03-20T22:51:15.889+0000][6][gc,heap     ] GC(1) Old regions: 1->2
[2023-03-20T22:51:15.889+0000][6][gc,heap     ] GC(1) Archive regions: 2->2
[2023-03-20T22:51:15.889+0000][6][gc,heap     ] GC(1) Humongous regions: 0->0
[2023-03-20T22:51:15.889+0000][6][gc,metaspace] GC(1) Metaspace: 11484K(11648K)->11484K(11648K) NonClass: 10072K(10176K)->10072K(10176K) Class: 1412K(1472K)->1412K(1472K)
[2023-03-20T22:51:15.889+0000][6][gc          ] GC(1) Pause Young (Normal) (G1 Evacuation Pause) 28M->10M(512M) 3.291ms
[2023-03-20T22:51:15.889+0000][6][gc,cpu      ] GC(1) User=0.00s Sys=0.00s Real=0.00s
[2023-03-20T22:51:15.889+0000][6][safepoint   ] Safepoint "G1CollectForAllocation", Time since last: 387006117 ns, Reaching safepoint: 397506 ns, At safepoint: 3423529 ns, Total: 3821035 ns
[2023-03-20T22:51:16.221+0000][6][gc,start    ] GC(2) Pause Young (Normal) (G1 Evacuation Pause)
[2023-03-20T22:51:16.221+0000][6][gc,task     ] GC(2) Using 4 workers of 4 for evacuation
[2023-03-20T22:51:16.221+0000][6][gc,age      ] GC(2) Desired survivor size 4194304 bytes, new threshold 15 (max threshold 15)
[2023-03-20T22:51:16.225+0000][6][gc,age      ] GC(2) Age table with threshold 15 (max threshold 15)
[2023-03-20T22:51:16.225+0000][6][gc,age      ] GC(2) - age   1:    1137800 bytes,    1137800 total
[2023-03-20T22:51:16.225+0000][6][gc,age      ] GC(2) - age   2:    1680320 bytes,    2818120 total
[2023-03-20T22:51:16.225+0000][6][gc,phases   ] GC(2)   Pre Evacuate Collection Set: 0.3ms
[2023-03-20T22:51:16.225+0000][6][gc,phases   ] GC(2)   Merge Heap Roots: 0.1ms
[2023-03-20T22:51:16.225+0000][6][gc,phases   ] GC(2)   Evacuate Collection Set: 1.3ms
[2023-03-20T22:51:16.225+0000][6][gc,phases   ] GC(2)   Post Evacuate Collection Set: 1.3ms
[2023-03-20T22:51:16.225+0000][6][gc,phases   ] GC(2)   Other: 1.2ms
[2023-03-20T22:51:16.225+0000][6][gc,heap     ] GC(2) Eden regions: 8->0(24)
[2023-03-20T22:51:16.226+0000][6][gc,heap     ] GC(2) Survivor regions: 1->1(2)
[2023-03-20T22:51:16.226+0000][6][gc,heap     ] GC(2) Old regions: 2->2
[2023-03-20T22:51:16.226+0000][6][gc,heap     ] GC(2) Archive regions: 2->2
[2023-03-20T22:51:16.226+0000][6][gc,heap     ] GC(2) Humongous regions: 0->0
[2023-03-20T22:51:16.226+0000][6][gc,metaspace] GC(2) Metaspace: 13988K(14208K)->13988K(14208K) NonClass: 12330K(12480K)->12330K(12480K) Class: 1657K(1728K)->1657K(1728K)
[2023-03-20T22:51:16.226+0000][6][gc          ] GC(2) Pause Young (Normal) (G1 Evacuation Pause) 42M->10M(512M) 5.333ms
[2023-03-20T22:51:16.226+0000][6][gc,cpu      ] GC(2) User=0.03s Sys=0.02s Real=0.06s
[2023-03-20T22:51:16.226+0000][6][safepoint   ] Safepoint "G1CollectForAllocation", Time since last: 331822563 ns, Reaching safepoint: 214382 ns, At safepoint: 5566514 ns, Total: 5780896 ns
[2023-03-20T22:51:16.457+0000][6][safepoint   ] Safepoint "ICBufferFull", Time since last: 226187523 ns, Reaching safepoint: 4070153 ns, At safepoint: 4251 ns, Total: 4074404 ns
[2023-03-20T22:51:16.471+0000][6][safepoint   ] Safepoint "ICBufferFull", Time since last: 13960039 ns, Reaching safepoint: 508394 ns, At safepoint: 32480 ns, Total: 540874 ns
[2023-03-20T22:51:16.473+0000][6][safepoint   ] Safepoint "ICBufferFull", Time since last: 1765730 ns, Reaching safepoint: 304931 ns, At safepoint: 2635 ns, Total: 307566 ns
[2023-03-20T22:51:16.475+0000][6][safepoint   ] Safepoint "ICBufferFull", Time since last: 1697581 ns, Reaching safepoint: 181103 ns, At safepoint: 2090 ns, Total: 183193 ns
[2023-03-20T22:51:16.478+0000][6][safepoint   ] Safepoint "ICBufferFull", Time since last: 2305549 ns, Reaching safepoint: 446762 ns, At safepoint: 31602 ns, Total: 478364 ns
[2023-03-20T22:51:16.479+0000][6][safepoint   ] Safepoint "ICBufferFull", Time since last: 1386616 ns, Reaching safepoint: 233466 ns, At safepoint: 25831 ns, Total: 259297 ns
[2023-03-20T22:51:16.481+0000][6][safepoint   ] Safepoint "ICBufferFull", Time since last: 1031384 ns, Reaching safepoint: 325848 ns, At safepoint: 2613 ns, Total: 328461 ns
[2023-03-20T22:51:16.482+0000][6][safepoint   ] Safepoint "ICBufferFull", Time since last: 1396757 ns, Reaching safepoint: 288317 ns, At safepoint: 25281 ns, Total: 313598 ns
[2023-03-20T22:51:16.484+0000][6][safepoint   ] Safepoint "ICBufferFull", Time since last: 1677537 ns, Reaching safepoint: 246421 ns, At safepoint: 2268 ns, Total: 248689 ns
[2023-03-20T22:51:16.486+0000][6][safepoint   ] Safepoint "ICBufferFull", Time since last: 1822123 ns, Reaching safepoint: 140858 ns, At safepoint: 1713 ns, Total: 142571 ns
[2023-03-20T22:51:16.488+0000][6][safepoint   ] Safepoint "ICBufferFull", Time since last: 1571275 ns, Reaching safepoint: 114110 ns, At safepoint: 30490 ns, Total: 144600 ns
[2023-03-20T22:51:16.490+0000][6][safepoint   ] Safepoint "ICBufferFull", Time since last: 1383573 ns, Reaching safepoint: 257595 ns, At safepoint: 28269 ns, Total: 285864 ns
[2023-03-20T22:51:16.491+0000][6][safepoint   ] Safepoint "ICBufferFull", Time since last: 1571074 ns, Reaching safepoint: 129729 ns, At safepoint: 1605 ns, Total: 131334 ns
[2023-03-20T22:51:16.495+0000][6][safepoint   ] Safepoint "ICBufferFull", Time since last: 3121304 ns, Reaching safepoint: 160488 ns, At safepoint: 2260 ns, Total: 162748 ns
[2023-03-20T22:51:16.496+0000][6][safepoint   ] Safepoint "ICBufferFull", Time since last: 1660295 ns, Reaching safepoint: 70250 ns, At safepoint: 1437 ns, Total: 71687 ns
[2023-03-20T22:51:16.498+0000][6][safepoint   ] Safepoint "ICBufferFull", Time since last: 1557173 ns, Reaching safepoint: 116635 ns, At safepoint: 2011 ns, Total: 118646 ns
[2023-03-20T22:51:16.500+0000][6][safepoint   ] Safepoint "ICBufferFull", Time since last: 1355440 ns, Reaching safepoint: 116626 ns, At safepoint: 2026 ns, Total: 118652 ns
[2023-03-20T22:51:16.502+0000][6][safepoint   ] Safepoint "ICBufferFull", Time since last: 1631949 ns, Reaching safepoint: 510936 ns, At safepoint: 2699 ns, Total: 513635 ns
[2023-03-20T22:51:16.505+0000][6][safepoint   ] Safepoint "ICBufferFull", Time since last: 2886187 ns, Reaching safepoint: 229041 ns, At safepoint: 2170 ns, Total: 231211 ns
[2023-03-20T22:51:16.507+0000][6][safepoint   ] Safepoint "ICBufferFull", Time since last: 1782302 ns, Reaching safepoint: 252146 ns, At safepoint: 23522 ns, Total: 275668 ns
[2023-03-20T22:51:16.507+0000][6][safepoint   ] Safepoint "ICBufferFull", Time since last: 477010 ns, Reaching safepoint: 82379 ns, At safepoint: 1611 ns, Total: 83990 ns
[2023-03-20T22:51:16.508+0000][6][safepoint   ] Safepoint "ICBufferFull", Time since last: 515836 ns, Reaching safepoint: 240364 ns, At safepoint: 1717 ns, Total: 242081 ns
[2023-03-20T22:51:16.509+0000][6][safepoint   ] Safepoint "ICBufferFull", Time since last: 437972 ns, Reaching safepoint: 153609 ns, At safepoint: 1513 ns, Total: 155122 ns
[2023-03-20T22:51:16.509+0000][6][safepoint   ] Safepoint "ICBufferFull", Time since last: 395641 ns, Reaching safepoint: 77883 ns, At safepoint: 1333 ns, Total: 79216 ns
[2023-03-20T22:51:16.510+0000][6][safepoint   ] Safepoint "ICBufferFull", Time since last: 395703 ns, Reaching safepoint: 191783 ns, At safepoint: 1376 ns, Total: 193159 ns
[2023-03-20T22:51:16.510+0000][6][safepoint   ] Safepoint "ICBufferFull", Time since last: 440549 ns, Reaching safepoint: 141187 ns, At safepoint: 1319 ns, Total: 142506 ns
[2023-03-20T22:51:16.511+0000][6][safepoint   ] Safepoint "ICBufferFull", Time since last: 440985 ns, Reaching safepoint: 186566 ns, At safepoint: 1386 ns, Total: 187952 ns
[2023-03-20T22:51:16.512+0000][6][safepoint   ] Safepoint "ICBufferFull", Time since last: 493356 ns, Reaching safepoint: 215515 ns, At safepoint: 1611 ns, Total: 217126 ns
[2023-03-20T22:51:16.513+0000][6][safepoint   ] Safepoint "ICBufferFull", Time since last: 505498 ns, Reaching safepoint: 233843 ns, At safepoint: 1589 ns, Total: 235432 ns
[2023-03-20T22:51:16.513+0000][6][safepoint   ] Safepoint "ICBufferFull", Time since last: 420922 ns, Reaching safepoint: 214520 ns, At safepoint: 1482 ns, Total: 216002 ns
[2023-03-20T22:51:16.514+0000][6][safepoint   ] Safepoint "ICBufferFull", Time since last: 463308 ns, Reaching safepoint: 81124 ns, At safepoint: 1572 ns, Total: 82696 ns
[2023-03-20T22:51:16.514+0000][6][safepoint   ] Safepoint "ICBufferFull", Time since last: 423458 ns, Reaching safepoint: 83685 ns, At safepoint: 1911 ns, Total: 85596 ns
[2023-03-20T22:51:16.515+0000][6][safepoint   ] Safepoint "ICBufferFull", Time since last: 593223 ns, Reaching safepoint: 82691 ns, At safepoint: 1976 ns, Total: 84667 ns
[2023-03-20T22:51:16.516+0000][6][safepoint   ] Safepoint "ICBufferFull", Time since last: 416044 ns, Reaching safepoint: 186463 ns, At safepoint: 1621 ns, Total: 188084 ns
[2023-03-20T22:51:16.516+0000][6][safepoint   ] Safepoint "ICBufferFull", Time since last: 417325 ns, Reaching safepoint: 185168 ns, At safepoint: 1592 ns, Total: 186760 ns
[2023-03-20T22:51:16.517+0000][6][safepoint   ] Safepoint "ICBufferFull", Time since last: 437203 ns, Reaching safepoint: 79927 ns, At safepoint: 1481 ns, Total: 81408 ns
[2023-03-20T22:51:16.517+0000][6][safepoint   ] Safepoint "ICBufferFull", Time since last: 519790 ns, Reaching safepoint: 272741 ns, At safepoint: 2360 ns, Total: 275101 ns
[2023-03-20T22:51:16.520+0000][6][safepoint   ] Safepoint "ICBufferFull", Time since last: 2590618 ns, Reaching safepoint: 293749 ns, At safepoint: 2490 ns, Total: 296239 ns
[2023-03-20T22:51:16.523+0000][6][safepoint   ] Safepoint "ICBufferFull", Time since last: 2408264 ns, Reaching safepoint: 213055 ns, At safepoint: 31181 ns, Total: 244236 ns
[2023-03-20T22:51:16.526+0000][6][safepoint   ] Safepoint "ICBufferFull", Time since last: 2453145 ns, Reaching safepoint: 268402 ns, At safepoint: 27980 ns, Total: 296382 ns
[2023-03-20T22:51:16.541+0000][6][safepoint   ] Safepoint "ICBufferFull", Time since last: 15072878 ns, Reaching safepoint: 511574 ns, At safepoint: 5065 ns, Total: 516639 ns
[2023-03-20T22:51:16.543+0000][6][safepoint   ] Safepoint "ICBufferFull", Time since last: 903105 ns, Reaching safepoint: 465143 ns, At safepoint: 26458 ns, Total: 491601 ns
[2023-03-20T22:51:16.544+0000][6][safepoint   ] Safepoint "ICBufferFull", Time since last: 880873 ns, Reaching safepoint: 583042 ns, At safepoint: 46446 ns, Total: 629488 ns
[2023-03-20T22:51:16.545+0000][6][safepoint   ] Safepoint "ICBufferFull", Time since last: 412586 ns, Reaching safepoint: 174113 ns, At safepoint: 25306 ns, Total: 199419 ns
[2023-03-20T22:51:16.546+0000][6][safepoint   ] Safepoint "ICBufferFull", Time since last: 465578 ns, Reaching safepoint: 262045 ns, At safepoint: 3641 ns, Total: 265686 ns
[2023-03-20T22:51:16.568+0000][6][gc,start    ] GC(3) Pause Young (Normal) (G1 Evacuation Pause)
[2023-03-20T22:51:16.568+0000][6][gc,task     ] GC(3) Using 4 workers of 4 for evacuation
[2023-03-20T22:51:16.568+0000][6][gc,age      ] GC(3) Desired survivor size 8388608 bytes, new threshold 15 (max threshold 15)
[2023-03-20T22:51:16.571+0000][6][gc,age      ] GC(3) Age table with threshold 15 (max threshold 15)
[2023-03-20T22:51:16.571+0000][6][gc,age      ] GC(3) - age   1:    2147064 bytes,    2147064 total
[2023-03-20T22:51:16.571+0000][6][gc,age      ] GC(3) - age   2:    1042328 bytes,    3189392 total
[2023-03-20T22:51:16.571+0000][6][gc,age      ] GC(3) - age   3:    1666000 bytes,    4855392 total
[2023-03-20T22:51:16.571+0000][6][gc,phases   ] GC(3)   Pre Evacuate Collection Set: 0.1ms
[2023-03-20T22:51:16.571+0000][6][gc,phases   ] GC(3)   Merge Heap Roots: 0.0ms
[2023-03-20T22:51:16.571+0000][6][gc,phases   ] GC(3)   Evacuate Collection Set: 2.6ms
[2023-03-20T22:51:16.571+0000][6][gc,phases   ] GC(3)   Post Evacuate Collection Set: 0.3ms
[2023-03-20T22:51:16.571+0000][6][gc,phases   ] GC(3)   Other: 0.2ms
[2023-03-20T22:51:16.571+0000][6][gc,heap     ] GC(3) Eden regions: 24->0(74)
[2023-03-20T22:51:16.571+0000][6][gc,heap     ] GC(3) Survivor regions: 1->2(4)
[2023-03-20T22:51:16.571+0000][6][gc,heap     ] GC(3) Old regions: 2->2
[2023-03-20T22:51:16.571+0000][6][gc,heap     ] GC(3) Archive regions: 2->2
[2023-03-20T22:51:16.571+0000][6][gc,heap     ] GC(3) Humongous regions: 0->0
[2023-03-20T22:51:16.571+0000][6][gc,metaspace] GC(3) Metaspace: 16092K(16320K)->16092K(16320K) NonClass: 14142K(14272K)->14142K(14272K) Class: 1949K(2048K)->1949K(2048K)
[2023-03-20T22:51:16.571+0000][6][gc          ] GC(3) Pause Young (Normal) (G1 Evacuation Pause) 106M->12M(512M) 3.364ms
[2023-03-20T22:51:16.571+0000][6][gc,cpu      ] GC(3) User=0.01s Sys=0.01s Real=0.00s
[2023-03-20T22:51:16.571+0000][6][safepoint   ] Safepoint "G1CollectForAllocation", Time since last: 21940567 ns, Reaching safepoint: 466946 ns, At safepoint: 3434934 ns, Total: 3901880 ns
[2023-03-20T22:51:16.869+0000][6][gc,start    ] GC(4) Pause Young (Normal) (G1 Evacuation Pause)
[2023-03-20T22:51:16.869+0000][6][gc,task     ] GC(4) Using 4 workers of 4 for evacuation
[2023-03-20T22:51:16.869+0000][6][gc,age      ] GC(4) Desired survivor size 20971520 bytes, new threshold 15 (max threshold 15)
[2023-03-20T22:51:16.876+0000][6][gc,age      ] GC(4) Age table with threshold 15 (max threshold 15)
[2023-03-20T22:51:16.876+0000][6][gc,age      ] GC(4) - age   1:    4142696 bytes,    4142696 total
[2023-03-20T22:51:16.876+0000][6][gc,age      ] GC(4) - age   2:    2116344 bytes,    6259040 total
[2023-03-20T22:51:16.876+0000][6][gc,age      ] GC(4) - age   3:    1042008 bytes,    7301048 total
[2023-03-20T22:51:16.876+0000][6][gc,age      ] GC(4) - age   4:    1665808 bytes,    8966856 total
[2023-03-20T22:51:16.876+0000][6][gc,phases   ] GC(4)   Pre Evacuate Collection Set: 0.1ms
[2023-03-20T22:51:16.876+0000][6][gc,phases   ] GC(4)   Merge Heap Roots: 0.0ms
[2023-03-20T22:51:16.876+0000][6][gc,phases   ] GC(4)   Evacuate Collection Set: 6.2ms
[2023-03-20T22:51:16.876+0000][6][gc,phases   ] GC(4)   Post Evacuate Collection Set: 0.6ms
[2023-03-20T22:51:16.876+0000][6][gc,phases   ] GC(4)   Other: 0.3ms
[2023-03-20T22:51:16.876+0000][6][gc,heap     ] GC(4) Eden regions: 74->0(73)
[2023-03-20T22:51:16.876+0000][6][gc,heap     ] GC(4) Survivor regions: 2->3(10)
[2023-03-20T22:51:16.876+0000][6][gc,heap     ] GC(4) Old regions: 2->2
[2023-03-20T22:51:16.876+0000][6][gc,heap     ] GC(4) Archive regions: 2->2
[2023-03-20T22:51:16.876+0000][6][gc,heap     ] GC(4) Humongous regions: 0->0
[2023-03-20T22:51:16.876+0000][6][gc,metaspace] GC(4) Metaspace: 18500K(18816K)->18500K(18816K) NonClass: 16179K(16384K)->16179K(16384K) Class: 2320K(2432K)->2320K(2432K)
[2023-03-20T22:51:16.876+0000][6][gc          ] GC(4) Pause Young (Normal) (G1 Evacuation Pause) 308M->17M(512M) 7.208ms
[2023-03-20T22:51:16.876+0000][6][gc,cpu      ] GC(4) User=0.01s Sys=0.00s Real=0.01s
[2023-03-20T22:51:16.876+0000][6][safepoint   ] Safepoint "G1CollectForAllocation", Time since last: 297609121 ns, Reaching safepoint: 159420 ns, At safepoint: 7285535 ns, Total: 7444955 ns
[2023-03-20T22:51:17.121+0000][6][gc,start    ] GC(5) Pause Young (Normal) (G1 Evacuation Pause)
[2023-03-20T22:51:17.121+0000][6][gc,task     ] GC(5) Using 4 workers of 4 for evacuation
[2023-03-20T22:51:17.121+0000][6][gc,age      ] GC(5) Desired survivor size 20971520 bytes, new threshold 15 (max threshold 15)
[2023-03-20T22:51:17.133+0000][6][gc,age      ] GC(5) Age table with threshold 15 (max threshold 15)
[2023-03-20T22:51:17.133+0000][6][gc,age      ] GC(5) - age   1:    3438400 bytes,    3438400 total
[2023-03-20T22:51:17.133+0000][6][gc,age      ] GC(5) - age   2:    4101088 bytes,    7539488 total
[2023-03-20T22:51:17.133+0000][6][gc,age      ] GC(5) - age   3:    2115896 bytes,    9655384 total
[2023-03-20T22:51:17.133+0000][6][gc,age      ] GC(5) - age   4:    1034584 bytes,   10689968 total
[2023-03-20T22:51:17.133+0000][6][gc,age      ] GC(5) - age   5:    1665808 bytes,   12355776 total
[2023-03-20T22:51:17.133+0000][6][gc,phases   ] GC(5)   Pre Evacuate Collection Set: 0.1ms
[2023-03-20T22:51:17.133+0000][6][gc,phases   ] GC(5)   Merge Heap Roots: 0.0ms
[2023-03-20T22:51:17.133+0000][6][gc,phases   ] GC(5)   Evacuate Collection Set: 10.9ms
[2023-03-20T22:51:17.133+0000][6][gc,phases   ] GC(5)   Post Evacuate Collection Set: 0.8ms
[2023-03-20T22:51:17.133+0000][6][gc,phases   ] GC(5)   Other: 0.3ms
[2023-03-20T22:51:17.133+0000][6][gc,heap     ] GC(5) Eden regions: 73->0(72)
[2023-03-20T22:51:17.133+0000][6][gc,heap     ] GC(5) Survivor regions: 3->4(10)
[2023-03-20T22:51:17.133+0000][6][gc,heap     ] GC(5) Old regions: 2->2
[2023-03-20T22:51:17.134+0000][6][gc,heap     ] GC(5) Archive regions: 2->2
[2023-03-20T22:51:17.134+0000][6][gc,heap     ] GC(5) Humongous regions: 0->0
[2023-03-20T22:51:17.134+0000][6][gc,metaspace] GC(5) Metaspace: 19201K(19648K)->19201K(19648K) NonClass: 16798K(17024K)->16798K(17024K) Class: 2402K(2624K)->2402K(2624K)
[2023-03-20T22:51:17.134+0000][6][gc          ] GC(5) Pause Young (Normal) (G1 Evacuation Pause) 309M->20M(512M) 12.220ms
[2023-03-20T22:51:17.134+0000][6][gc,cpu      ] GC(5) User=0.02s Sys=0.00s Real=0.01s
[2023-03-20T22:51:17.134+0000][6][safepoint   ] Safepoint "G1CollectForAllocation", Time since last: 244748718 ns, Reaching safepoint: 82504 ns, At safepoint: 12297304 ns, Total: 12379808 ns
[2023-03-20T22:51:17.315+0000][6][gc,start    ] GC(6) Pause Young (Normal) (G1 Evacuation Pause)
[2023-03-20T22:51:17.315+0000][6][gc,task     ] GC(6) Using 4 workers of 4 for evacuation
[2023-03-20T22:51:17.315+0000][6][gc,age      ] GC(6) Desired survivor size 20971520 bytes, new threshold 15 (max threshold 15)
[2023-03-20T22:51:17.326+0000][6][gc,age      ] GC(6) Age table with threshold 15 (max threshold 15)
[2023-03-20T22:51:17.326+0000][6][gc,age      ] GC(6) - age   1:    2205400 bytes,    2205400 total
[2023-03-20T22:51:17.326+0000][6][gc,age      ] GC(6) - age   2:    2659368 bytes,    4864768 total
[2023-03-20T22:51:17.326+0000][6][gc,age      ] GC(6) - age   3:    4099920 bytes,    8964688 total
[2023-03-20T22:51:17.326+0000][6][gc,age      ] GC(6) - age   4:    2115896 bytes,   11080584 total
[2023-03-20T22:51:17.326+0000][6][gc,age      ] GC(6) - age   5:    1034440 bytes,   12115024 total
[2023-03-20T22:51:17.326+0000][6][gc,age      ] GC(6) - age   6:    1665808 bytes,   13780832 total
[2023-03-20T22:51:17.326+0000][6][gc,phases   ] GC(6)   Pre Evacuate Collection Set: 0.0ms
[2023-03-20T22:51:17.326+0000][6][gc,phases   ] GC(6)   Merge Heap Roots: 0.0ms
[2023-03-20T22:51:17.326+0000][6][gc,phases   ] GC(6)   Evacuate Collection Set: 10.1ms
[2023-03-20T22:51:17.326+0000][6][gc,phases   ] GC(6)   Post Evacuate Collection Set: 0.5ms
[2023-03-20T22:51:17.326+0000][6][gc,phases   ] GC(6)   Other: 0.5ms
[2023-03-20T22:51:17.326+0000][6][gc,heap     ] GC(6) Eden regions: 72->0(72)
[2023-03-20T22:51:17.326+0000][6][gc,heap     ] GC(6) Survivor regions: 4->4(10)
[2023-03-20T22:51:17.326+0000][6][gc,heap     ] GC(6) Old regions: 2->2
[2023-03-20T22:51:17.326+0000][6][gc,heap     ] GC(6) Archive regions: 2->2
[2023-03-20T22:51:17.326+0000][6][gc,heap     ] GC(6) Humongous regions: 0->0
[2023-03-20T22:51:17.326+0000][6][gc,metaspace] GC(6) Metaspace: 19611K(20096K)->19611K(20096K) NonClass: 17135K(17408K)->17135K(17408K) Class: 2476K(2688K)->2476K(2688K)
[2023-03-20T22:51:17.326+0000][6][gc          ] GC(6) Pause Young (Normal) (G1 Evacuation Pause) 308M->21M(512M) 11.224ms
[2023-03-20T22:51:17.326+0000][6][gc,cpu      ] GC(6) User=0.01s Sys=0.00s Real=0.06s
[2023-03-20T22:51:17.326+0000][6][safepoint   ] Safepoint "G1CollectForAllocation", Time since last: 181510014 ns, Reaching safepoint: 48393 ns, At safepoint: 11270887 ns, Total: 11319280 ns
[2023-03-20T22:51:17.558+0000][6][gc,start    ] GC(7) Pause Young (Normal) (G1 Evacuation Pause)
[2023-03-20T22:51:17.558+0000][6][gc,task     ] GC(7) Using 4 workers of 4 for evacuation
[2023-03-20T22:51:17.558+0000][6][gc,age      ] GC(7) Desired survivor size 20971520 bytes, new threshold 15 (max threshold 15)
[2023-03-20T22:51:17.566+0000][6][gc,age      ] GC(7) Age table with threshold 15 (max threshold 15)
[2023-03-20T22:51:17.566+0000][6][gc,age      ] GC(7) - age   1:    2668792 bytes,    2668792 total
[2023-03-20T22:51:17.566+0000][6][gc,age      ] GC(7) - age   2:     549232 bytes,    3218024 total
[2023-03-20T22:51:17.566+0000][6][gc,age      ] GC(7) - age   3:    2658264 bytes,    5876288 total
[2023-03-20T22:51:17.566+0000][6][gc,age      ] GC(7) - age   4:    4099200 bytes,    9975488 total
[2023-03-20T22:51:17.566+0000][6][gc,age      ] GC(7) - age   5:    2115896 bytes,   12091384 total
[2023-03-20T22:51:17.566+0000][6][gc,age      ] GC(7) - age   6:    1033944 bytes,   13125328 total
[2023-03-20T22:51:17.566+0000][6][gc,age      ] GC(7) - age   7:    1665456 bytes,   14790784 total
[2023-03-20T22:51:17.566+0000][6][gc,phases   ] GC(7)   Pre Evacuate Collection Set: 0.1ms
[2023-03-20T22:51:17.566+0000][6][gc,phases   ] GC(7)   Merge Heap Roots: 0.0ms
[2023-03-20T22:51:17.566+0000][6][gc,phases   ] GC(7)   Evacuate Collection Set: 6.4ms
[2023-03-20T22:51:17.566+0000][6][gc,phases   ] GC(7)   Post Evacuate Collection Set: 0.6ms
[2023-03-20T22:51:17.566+0000][6][gc,phases   ] GC(7)   Other: 0.3ms
[2023-03-20T22:51:17.566+0000][6][gc,heap     ] GC(7) Eden regions: 72->0(72)
[2023-03-20T22:51:17.566+0000][6][gc,heap     ] GC(7) Survivor regions: 4->4(10)
[2023-03-20T22:51:17.566+0000][6][gc,heap     ] GC(7) Old regions: 2->2
[2023-03-20T22:51:17.566+0000][6][gc,heap     ] GC(7) Archive regions: 2->2
[2023-03-20T22:51:17.566+0000][6][gc,heap     ] GC(7) Humongous regions: 0->0
[2023-03-20T22:51:17.566+0000][6][gc,metaspace] GC(7) Metaspace: 20784K(21312K)->20784K(21312K) NonClass: 18154K(18496K)->18154K(18496K) Class: 2630K(2816K)->2630K(2816K)
[2023-03-20T22:51:17.566+0000][6][gc          ] GC(7) Pause Young (Normal) (G1 Evacuation Pause) 309M->23M(512M) 7.438ms
[2023-03-20T22:51:17.566+0000][6][gc,cpu      ] GC(7) User=0.06s Sys=0.02s Real=0.07s
[2023-03-20T22:51:17.566+0000][6][safepoint   ] Safepoint "G1CollectForAllocation", Time since last: 231732219 ns, Reaching safepoint: 154439 ns, At safepoint: 7507683 ns, Total: 7662122 ns
[2023-03-20T22:51:17.805+0000][6][gc,start    ] GC(8) Pause Young (Normal) (G1 Evacuation Pause)
[2023-03-20T22:51:17.805+0000][6][gc,task     ] GC(8) Using 4 workers of 4 for evacuation
[2023-03-20T22:51:17.805+0000][6][gc,age      ] GC(8) Desired survivor size 20971520 bytes, new threshold 15 (max threshold 15)
[2023-03-20T22:51:17.810+0000][6][gc,age      ] GC(8) Age table with threshold 15 (max threshold 15)
[2023-03-20T22:51:17.810+0000][6][gc,age      ] GC(8) - age   1:    2426792 bytes,    2426792 total
[2023-03-20T22:51:17.810+0000][6][gc,age      ] GC(8) - age   2:    2365520 bytes,    4792312 total
[2023-03-20T22:51:17.810+0000][6][gc,age      ] GC(8) - age   3:     548472 bytes,    5340784 total
[2023-03-20T22:51:17.810+0000][6][gc,age      ] GC(8) - age   4:    2658264 bytes,    7999048 total
[2023-03-20T22:51:17.810+0000][6][gc,age      ] GC(8) - age   5:    4099200 bytes,   12098248 total
[2023-03-20T22:51:17.810+0000][6][gc,age      ] GC(8) - age   6:    2115896 bytes,   14214144 total
[2023-03-20T22:51:17.810+0000][6][gc,age      ] GC(8) - age   7:    1033944 bytes,   15248088 total
[2023-03-20T22:51:17.810+0000][6][gc,age      ] GC(8) - age   8:    1665456 bytes,   16913544 total
[2023-03-20T22:51:17.810+0000][6][gc,phases   ] GC(8)   Pre Evacuate Collection Set: 0.0ms
[2023-03-20T22:51:17.810+0000][6][gc,phases   ] GC(8)   Merge Heap Roots: 0.0ms
[2023-03-20T22:51:17.810+0000][6][gc,phases   ] GC(8)   Evacuate Collection Set: 4.3ms
[2023-03-20T22:51:17.810+0000][6][gc,phases   ] GC(8)   Post Evacuate Collection Set: 1.0ms
[2023-03-20T22:51:17.810+0000][6][gc,phases   ] GC(8)   Other: 0.3ms
[2023-03-20T22:51:17.810+0000][6][gc,heap     ] GC(8) Eden regions: 72->0(71)
[2023-03-20T22:51:17.810+0000][6][gc,heap     ] GC(8) Survivor regions: 4->5(10)
[2023-03-20T22:51:17.810+0000][6][gc,heap     ] GC(8) Old regions: 2->2
[2023-03-20T22:51:17.810+0000][6][gc,heap     ] GC(8) Archive regions: 2->2
[2023-03-20T22:51:17.810+0000][6][gc,heap     ] GC(8) Humongous regions: 0->0
[2023-03-20T22:51:17.811+0000][6][gc,metaspace] GC(8) Metaspace: 20904K(21504K)->20904K(21504K) NonClass: 18251K(18624K)->18251K(18624K) Class: 2652K(2880K)->2652K(2880K)
[2023-03-20T22:51:17.811+0000][6][gc          ] GC(8) Pause Young (Normal) (G1 Evacuation Pause) 311M->25M(512M) 5.652ms
[2023-03-20T22:51:17.811+0000][6][gc,cpu      ] GC(8) User=0.02s Sys=0.00s Real=0.01s
[2023-03-20T22:51:17.811+0000][6][safepoint   ] Safepoint "G1CollectForAllocation", Time since last: 238933264 ns, Reaching safepoint: 111122 ns, At safepoint: 5718810 ns, Total: 5829932 ns
[2023-03-20T22:51:17.855+0000][6][gc,start    ] GC(9) Pause Young (Concurrent Start) (Metadata GC Threshold)
[2023-03-20T22:51:17.856+0000][6][gc,task     ] GC(9) Using 4 workers of 4 for evacuation
[2023-03-20T22:51:17.856+0000][6][gc,age      ] GC(9) Desired survivor size 20971520 bytes, new threshold 15 (max threshold 15)
[2023-03-20T22:51:17.860+0000][6][gc,age      ] GC(9) Age table with threshold 15 (max threshold 15)
[2023-03-20T22:51:17.860+0000][6][gc,age      ] GC(9) - age   1:     472288 bytes,     472288 total
[2023-03-20T22:51:17.860+0000][6][gc,age      ] GC(9) - age   2:     746032 bytes,    1218320 total
[2023-03-20T22:51:17.860+0000][6][gc,age      ] GC(9) - age   3:    2365416 bytes,    3583736 total
[2023-03-20T22:51:17.860+0000][6][gc,age      ] GC(9) - age   4:     548368 bytes,    4132104 total
[2023-03-20T22:51:17.860+0000][6][gc,age      ] GC(9) - age   5:    2658048 bytes,    6790152 total
[2023-03-20T22:51:17.860+0000][6][gc,age      ] GC(9) - age   6:    4098744 bytes,   10888896 total
[2023-03-20T22:51:17.860+0000][6][gc,age      ] GC(9) - age   7:    2115896 bytes,   13004792 total
[2023-03-20T22:51:17.860+0000][6][gc,age      ] GC(9) - age   8:    1033944 bytes,   14038736 total
[2023-03-20T22:51:17.860+0000][6][gc,age      ] GC(9) - age   9:    1665296 bytes,   15704032 total
[2023-03-20T22:51:17.860+0000][6][gc,phases   ] GC(9)   Pre Evacuate Collection Set: 0.1ms
[2023-03-20T22:51:17.860+0000][6][gc,phases   ] GC(9)   Merge Heap Roots: 0.0ms
[2023-03-20T22:51:17.860+0000][6][gc,phases   ] GC(9)   Evacuate Collection Set: 3.8ms
[2023-03-20T22:51:17.860+0000][6][gc,phases   ] GC(9)   Post Evacuate Collection Set: 0.7ms
[2023-03-20T22:51:17.860+0000][6][gc,phases   ] GC(9)   Other: 0.5ms
[2023-03-20T22:51:17.860+0000][6][gc,heap     ] GC(9) Eden regions: 17->0(72)
[2023-03-20T22:51:17.860+0000][6][gc,heap     ] GC(9) Survivor regions: 5->4(10)
[2023-03-20T22:51:17.860+0000][6][gc,heap     ] GC(9) Old regions: 2->2
[2023-03-20T22:51:17.860+0000][6][gc,heap     ] GC(9) Archive regions: 2->2
[2023-03-20T22:51:17.860+0000][6][gc,heap     ] GC(9) Humongous regions: 0->0
[2023-03-20T22:51:17.860+0000][6][gc,metaspace] GC(9) Metaspace: 20975K(21504K)->20975K(21504K) NonClass: 18306K(18624K)->18306K(18624K) Class: 2668K(2880K)->2668K(2880K)
[2023-03-20T22:51:17.860+0000][6][gc          ] GC(9) Pause Young (Concurrent Start) (Metadata GC Threshold) 93M->24M(512M) 5.084ms
[2023-03-20T22:51:17.860+0000][6][gc,cpu      ] GC(9) User=0.00s Sys=0.01s Real=0.00s
[2023-03-20T22:51:17.861+0000][6][safepoint   ] Safepoint "CollectForMetadataAllocation", Time since last: 44608172 ns, Reaching safepoint: 134087 ns, At safepoint: 5249907 ns, Total: 5383994 ns
[2023-03-20T22:51:17.861+0000][6][gc          ] GC(10) Concurrent Mark Cycle
[2023-03-20T22:51:17.861+0000][6][gc,marking  ] GC(10) Concurrent Clear Claimed Marks
[2023-03-20T22:51:17.861+0000][6][gc,marking  ] GC(10) Concurrent Clear Claimed Marks 0.066ms
[2023-03-20T22:51:17.861+0000][6][gc,marking  ] GC(10) Concurrent Scan Root Regions
[2023-03-20T22:51:17.865+0000][6][gc,marking  ] GC(10) Concurrent Scan Root Regions 3.387ms
[2023-03-20T22:51:17.865+0000][6][gc,marking  ] GC(10) Concurrent Mark
[2023-03-20T22:51:17.865+0000][6][gc,marking  ] GC(10) Concurrent Mark From Roots
[2023-03-20T22:51:17.865+0000][6][gc,task     ] GC(10) Using 1 workers of 1 for marking
[2023-03-20T22:51:17.868+0000][6][gc,marking  ] GC(10) Concurrent Mark From Roots 3.552ms
[2023-03-20T22:51:17.869+0000][6][gc,marking  ] GC(10) Concurrent Preclean
[2023-03-20T22:51:17.869+0000][6][gc,marking  ] GC(10) Concurrent Preclean 0.080ms
[2023-03-20T22:51:17.869+0000][6][gc,start    ] GC(10) Pause Remark
[2023-03-20T22:51:17.872+0000][6][gc          ] GC(10) Pause Remark 26M->26M(512M) 3.275ms
[2023-03-20T22:51:17.872+0000][6][gc,cpu      ] GC(10) User=0.00s Sys=0.00s Real=0.00s
[2023-03-20T22:51:17.872+0000][6][safepoint   ] Safepoint "G1Concurrent", Time since last: 8086320 ns, Reaching safepoint: 173086 ns, At safepoint: 3610531 ns, Total: 3783617 ns
[2023-03-20T22:51:17.873+0000][6][gc,marking  ] GC(10) Concurrent Mark 8.356ms
[2023-03-20T22:51:17.873+0000][6][gc,marking  ] GC(10) Concurrent Rebuild Remembered Sets
[2023-03-20T22:51:17.875+0000][6][gc,marking  ] GC(10) Concurrent Rebuild Remembered Sets 2.010ms
[2023-03-20T22:51:17.919+0000][6][gc,start    ] GC(10) Pause Cleanup
[2023-03-20T22:51:17.919+0000][6][gc          ] GC(10) Pause Cleanup 26M->26M(512M) 0.229ms
[2023-03-20T22:51:17.919+0000][6][gc,cpu      ] GC(10) User=0.00s Sys=0.00s Real=0.00s
[2023-03-20T22:51:17.927+0000][6][safepoint   ] Safepoint "G1Concurrent", Time since last: 3371182 ns, Reaching safepoint: 43064052 ns, At safepoint: 7748736 ns, Total: 50812788 ns
[2023-03-20T22:51:17.937+0000][6][gc,marking  ] GC(10) Concurrent Cleanup for Next Mark
[2023-03-20T22:51:17.939+0000][6][gc,marking  ] GC(10) Concurrent Cleanup for Next Mark 1.413ms
[2023-03-20T22:51:17.939+0000][6][gc          ] GC(10) Concurrent Mark Cycle 78.475ms
[2023-03-20T22:51:18.095+0000][6][gc,heap,exit] Heap
[2023-03-20T22:51:18.095+0000][6][gc,heap,exit]  garbage-first heap   total 524288K, used 39028K [0x00000000e0000000, 0x0000000100000000)
[2023-03-20T22:51:18.095+0000][6][gc,heap,exit]   region size 4096K, 8 young (32768K), 4 survivors (16384K)
[2023-03-20T22:51:18.095+0000][6][gc,heap,exit]  Metaspace       used 22804K, committed 23360K, reserved 1073152K
[2023-03-20T22:51:18.095+0000][6][gc,heap,exit]   class space    used 2898K, committed 3136K, reserved 1048576K
